

================================================================
== Vitis HLS Report for 'dft'
================================================================
* Date:           Tue Oct 19 19:28:36 2021

* Version:        2021.1.1 (Build 3286242 on Wed Jul 28 13:09:46 MDT 2021)
* Project:        hls
* Solution:       solution1 (Vivado IP Flow Target)
* Product family: zynq
* Target device:  xc7z020-clg484-1


================================================================
== Performance Estimates
================================================================
+ Timing: 
    * Summary: 
    +--------+----------+----------+------------+
    |  Clock |  Target  | Estimated| Uncertainty|
    +--------+----------+----------+------------+
    |ap_clk  |  10.00 ns|  7.256 ns|     2.70 ns|
    +--------+----------+----------+------------+

+ Latency: 
    * Summary: 
    +---------+---------+-----------+-----------+---------+---------+---------+
    |  Latency (cycles) |   Latency (absolute)  |      Interval     | Pipeline|
    |   min   |   max   |    min    |    max    |   min   |   max   |   Type  |
    +---------+---------+-----------+-----------+---------+---------+---------+
    |  3283202|  3545346|  32.832 ms|  35.453 ms|  3283203|  3545347|       no|
    +---------+---------+-----------+-----------+---------+---------+---------+

    + Detail: 
        * Instance: 
        +-------------------------------+--------------------+---------+---------+----------+----------+-----+-----+---------+
        |                               |                    |  Latency (cycles) |  Latency (absolute) |  Interval | Pipeline|
        |            Instance           |       Module       |   min   |   max   |    min   |    max   | min | max |   Type  |
        +-------------------------------+--------------------+---------+---------+----------+----------+-----+-----+---------+
        |grp_sin_or_cos_float_s_fu_197  |sin_or_cos_float_s  |       24|       28|  0.240 us|  0.280 us|   24|   28|       no|
        |grp_sin_or_cos_float_s_fu_212  |sin_or_cos_float_s  |       24|       28|  0.240 us|  0.280 us|   24|   28|       no|
        +-------------------------------+--------------------+---------+---------+----------+----------+-----+-----+---------+

        * Loop: 
        +---------------+---------+---------+---------------+-----------+-----------+------+----------+
        |               |  Latency (cycles) |   Iteration   |  Initiation Interval  | Trip |          |
        |   Loop Name   |   min   |   max   |    Latency    |  achieved |   target  | Count| Pipelined|
        +---------------+---------+---------+---------------+-----------+-----------+------+----------+
        |- FOR1OUTER    |  3282688|  3544832|  12823 ~ 13847|          -|          -|   256|        no|
        | + FOR1NESTED  |    12800|    13824|        50 ~ 54|          -|          -|   256|        no|
        |- FOR2         |      512|      512|              2|          -|          -|   256|        no|
        +---------------+---------+---------+---------------+-----------+-----------+------+----------+



================================================================
== Utilization Estimates
================================================================
* Summary: 
+-----------------+---------+-----+--------+-------+-----+
|       Name      | BRAM_18K| DSP |   FF   |  LUT  | URAM|
+-----------------+---------+-----+--------+-------+-----+
|DSP              |        -|    -|       -|      -|    -|
|Expression       |        -|    -|       0|    110|    -|
|FIFO             |        -|    -|       -|      -|    -|
|Instance         |        -|   45|    4476|   8290|    -|
|Memory           |        2|    -|       0|      0|    0|
|Multiplexer      |        -|    -|       -|    452|    -|
|Register         |        -|    -|     708|      -|    -|
+-----------------+---------+-----+--------+-------+-----+
|Total            |        2|   45|    5184|   8852|    0|
+-----------------+---------+-----+--------+-------+-----+
|Available        |      280|  220|  106400|  53200|    0|
+-----------------+---------+-----+--------+-------+-----+
|Utilization (%)  |       ~0|   20|       4|     16|    0|
+-----------------+---------+-----+--------+-------+-----+

+ Detail: 
    * Instance: 
    +----------------------------------------+------------------------------------+---------+----+------+------+-----+
    |                Instance                |               Module               | BRAM_18K| DSP|  FF  |  LUT | URAM|
    +----------------------------------------+------------------------------------+---------+----+------+------+-----+
    |dmul_64ns_64ns_64_7_max_dsp_1_U31       |dmul_64ns_64ns_64_7_max_dsp_1       |        0|  11|   342|   586|    0|
    |fadd_32ns_32ns_32_5_full_dsp_1_U24      |fadd_32ns_32ns_32_5_full_dsp_1      |        0|   2|   205|   390|    0|
    |faddfsub_32ns_32ns_32_5_full_dsp_1_U23  |faddfsub_32ns_32ns_32_5_full_dsp_1  |        0|   2|   205|   390|    0|
    |fmul_32ns_32ns_32_4_max_dsp_1_U25       |fmul_32ns_32ns_32_4_max_dsp_1       |        0|   3|   143|   321|    0|
    |fmul_32ns_32ns_32_4_max_dsp_1_U26       |fmul_32ns_32ns_32_4_max_dsp_1       |        0|   3|   143|   321|    0|
    |fmul_32ns_32ns_32_4_max_dsp_1_U27       |fmul_32ns_32ns_32_4_max_dsp_1       |        0|   3|   143|   321|    0|
    |fmul_32ns_32ns_32_4_max_dsp_1_U28       |fmul_32ns_32ns_32_4_max_dsp_1       |        0|   3|   143|   321|    0|
    |fptrunc_64ns_32_2_no_dsp_1_U30          |fptrunc_64ns_32_2_no_dsp_1          |        0|   0|     0|     0|    0|
    |grp_sin_or_cos_float_s_fu_197           |sin_or_cos_float_s                  |        0|   9|  1576|  2820|    0|
    |grp_sin_or_cos_float_s_fu_212           |sin_or_cos_float_s                  |        0|   9|  1576|  2820|    0|
    |sitodp_32ns_64_6_no_dsp_1_U32           |sitodp_32ns_64_6_no_dsp_1           |        0|   0|     0|     0|    0|
    |sitofp_32ns_32_6_no_dsp_1_U29           |sitofp_32ns_32_6_no_dsp_1           |        0|   0|     0|     0|    0|
    +----------------------------------------+------------------------------------+---------+----+------+------+-----+
    |Total                                   |                                    |        0|  45|  4476|  8290|    0|
    +----------------------------------------+------------------------------------+---------+----+------+------+-----+

    * DSP: 
    N/A

    * Memory: 
    +-------------+-----------+---------+---+----+-----+------+-----+------+-------------+
    |    Memory   |   Module  | BRAM_18K| FF| LUT| URAM| Words| Bits| Banks| W*Bits*Banks|
    +-------------+-----------+---------+---+----+-----+------+-----+------+-------------+
    |real_temp_U  |real_temp  |        1|  0|   0|    0|   256|   32|     1|         8192|
    |imag_temp_U  |real_temp  |        1|  0|   0|    0|   256|   32|     1|         8192|
    +-------------+-----------+---------+---+----+-----+------+-----+------+-------------+
    |Total        |           |        2|  0|   0|    0|   512|   64|     2|        16384|
    +-------------+-----------+---------+---+----+-----+------+-----+------+-------------+

    * FIFO: 
    N/A

    * Expression: 
    +----------------------------------+----------+----+---+----+------------+------------+
    |           Variable Name          | Operation| DSP| FF| LUT| Bitwidth P0| Bitwidth P1|
    +----------------------------------+----------+----+---+----+------------+------------+
    |add_ln12_fu_301_p2                |         +|   0|  0|  14|           9|           1|
    |add_ln20_fu_331_p2                |         +|   0|  0|  14|           9|           1|
    |add_ln30_fu_390_p2                |         +|   0|  0|  14|           9|           1|
    |icmp_ln12_fu_295_p2               |      icmp|   0|  0|  11|           9|          10|
    |icmp_ln20_fu_325_p2               |      icmp|   0|  0|  11|           9|          10|
    |icmp_ln30_fu_384_p2               |      icmp|   0|  0|  11|           9|          10|
    |ap_block_state35_on_subcall_done  |        or|   0|  0|   2|           1|           1|
    |xor_ln23_fu_353_p2                |       xor|   0|  0|  33|          32|          33|
    +----------------------------------+----------+----+---+----+------------+------------+
    |Total                             |          |   0|  0| 110|          87|          67|
    +----------------------------------+----------+----+---+----+------------+------------+

    * Multiplexer: 
    +----------------------+-----+-----------+-----+-----------+
    |         Name         | LUT | Input Size| Bits| Total Bits|
    +----------------------+-----+-----------+-----+-----------+
    |add285_reg_171        |    9|          2|   32|         64|
    |add4_reg_184          |    9|          2|   32|         64|
    |ap_NS_fsm             |  225|         52|    1|         52|
    |grp_fu_227_opcode     |   14|          3|    2|          6|
    |grp_fu_227_p0         |   14|          3|   32|         96|
    |grp_fu_227_p1         |   14|          3|   32|         96|
    |grp_fu_231_p0         |   14|          3|   32|         96|
    |grp_fu_231_p1         |   14|          3|   32|         96|
    |grp_fu_237_p0         |   14|          3|   32|         96|
    |grp_fu_237_p1         |   14|          3|   32|         96|
    |grp_fu_259_p0         |   14|          3|   64|        192|
    |grp_fu_259_p1         |   14|          3|   64|        192|
    |i_2_fu_78             |    9|          2|    9|         18|
    |i_fu_66               |    9|          2|    9|         18|
    |imag_sample_address0  |   14|          3|    8|         24|
    |imag_temp_address0    |   14|          3|    8|         24|
    |j_reg_160             |    9|          2|    9|         18|
    |real_sample_address0  |   14|          3|    8|         24|
    |real_temp_address0    |   14|          3|    8|         24|
    +----------------------+-----+-----------+-----+-----------+
    |Total                 |  452|        101|  446|       1296|
    +----------------------+-----+-----------+-----+-----------+

    * Register: 
    +--------------------------------------------+----+----+-----+-----------+
    |                    Name                    | FF | LUT| Bits| Const Bits|
    +--------------------------------------------+----+----+-----+-----------+
    |add1_reg_551                                |  32|   0|   32|          0|
    |add285_reg_171                              |  32|   0|   32|          0|
    |add4_reg_184                                |  32|   0|   32|          0|
    |add_ln12_reg_421                            |   9|   0|    9|          0|
    |add_ln20_reg_467                            |   9|   0|    9|          0|
    |ap_CS_fsm                                   |  51|   0|   51|          0|
    |c_reg_492                                   |  32|   0|   32|          0|
    |conv5_reg_477                               |  32|   0|   32|          0|
    |conv_reg_448                                |  64|   0|   64|          0|
    |grp_sin_or_cos_float_s_fu_197_ap_start_reg  |   1|   0|    1|          0|
    |grp_sin_or_cos_float_s_fu_212_ap_start_reg  |   1|   0|    1|          0|
    |i_2_fu_78                                   |   9|   0|    9|          0|
    |i_fu_66                                     |   9|   0|    9|          0|
    |imag_sample_load_reg_508                    |  32|   0|   32|          0|
    |imag_temp_addr_reg_431                      |   8|   0|    8|          0|
    |j_reg_160                                   |   9|   0|    9|          0|
    |mul2_reg_531                                |  32|   0|   32|          0|
    |mul3_reg_536                                |  32|   0|   32|          0|
    |mul4_reg_541                                |  32|   0|   32|          0|
    |real_sample_load_reg_503                    |  32|   0|   32|          0|
    |real_temp_addr_reg_426                      |   8|   0|    8|          0|
    |reg_268                                     |  64|   0|   64|          0|
    |reg_274                                     |  32|   0|   32|          0|
    |sub_reg_546                                 |  32|   0|   32|          0|
    |tmp_reg_498                                 |  32|   0|   32|          0|
    |w_reg_453                                   |  32|   0|   32|          0|
    |zext_ln20_reg_458                           |   9|   0|   64|         55|
    |zext_ln30_reg_566                           |   9|   0|   64|         55|
    +--------------------------------------------+----+----+-----+-----------+
    |Total                                       | 708|   0|  818|        110|
    +--------------------------------------------+----+----+-----+-----------+



================================================================
== Interface
================================================================
* Summary: 
+----------------------+-----+-----+------------+--------------+--------------+
|       RTL Ports      | Dir | Bits|  Protocol  | Source Object|    C Type    |
+----------------------+-----+-----+------------+--------------+--------------+
|ap_clk                |   in|    1|  ap_ctrl_hs|           dft|  return value|
|ap_rst                |   in|    1|  ap_ctrl_hs|           dft|  return value|
|ap_start              |   in|    1|  ap_ctrl_hs|           dft|  return value|
|ap_done               |  out|    1|  ap_ctrl_hs|           dft|  return value|
|ap_idle               |  out|    1|  ap_ctrl_hs|           dft|  return value|
|ap_ready              |  out|    1|  ap_ctrl_hs|           dft|  return value|
|real_sample_address0  |  out|    8|   ap_memory|   real_sample|         array|
|real_sample_ce0       |  out|    1|   ap_memory|   real_sample|         array|
|real_sample_we0       |  out|    1|   ap_memory|   real_sample|         array|
|real_sample_d0        |  out|   32|   ap_memory|   real_sample|         array|
|real_sample_q0        |   in|   32|   ap_memory|   real_sample|         array|
|imag_sample_address0  |  out|    8|   ap_memory|   imag_sample|         array|
|imag_sample_ce0       |  out|    1|   ap_memory|   imag_sample|         array|
|imag_sample_we0       |  out|    1|   ap_memory|   imag_sample|         array|
|imag_sample_d0        |  out|   32|   ap_memory|   imag_sample|         array|
|imag_sample_q0        |   in|   32|   ap_memory|   imag_sample|         array|
+----------------------+-----+-----+------------+--------------+--------------+

