

================================================================
== Vitis HLS Report for 'fir_Pipeline_MAC'
================================================================
* Date:           Mon Oct  4 12:42:21 2021

* Version:        2021.1.1 (Build 3286242 on Wed Jul 28 13:09:46 MDT 2021)
* Project:        baseline
* Solution:       solution1 (Vivado IP Flow Target)
* Product family: zynq
* Target device:  xc7z020-clg400-1


================================================================
== Performance Estimates
================================================================
+ Timing: 
    * Summary: 
    +--------+----------+----------+------------+
    |  Clock |  Target  | Estimated| Uncertainty|
    +--------+----------+----------+------------+
    |ap_clk  |  10.00 ns|  6.978 ns|     2.70 ns|
    +--------+----------+----------+------------+

+ Latency: 
    * Summary: 
    +---------+---------+----------+----------+-----+-----+---------+
    |  Latency (cycles) |  Latency (absolute) |  Interval | Pipeline|
    |   min   |   max   |    min   |    max   | min | max |   Type  |
    +---------+---------+----------+----------+-----+-----+---------+
    |       26|       26|  0.260 us|  0.260 us|   26|   26|       no|
    +---------+---------+----------+----------+-----+-----+---------+

    + Detail: 
        * Instance: 
        N/A

        * Loop: 
        +----------+---------+---------+----------+-----------+-----------+------+----------+
        |          |  Latency (cycles) | Iteration|  Initiation Interval  | Trip |          |
        | Loop Name|   min   |   max   |  Latency |  achieved |   target  | Count| Pipelined|
        +----------+---------+---------+----------+-----------+-----------+------+----------+
        |- MAC     |       24|       24|        18|          1|          1|     8|       yes|
        +----------+---------+---------+----------+-----------+-----------+------+----------+



================================================================
== Utilization Estimates
================================================================
* Summary: 
+-----------------+---------+-----+--------+-------+-----+
|       Name      | BRAM_18K| DSP |   FF   |  LUT  | URAM|
+-----------------+---------+-----+--------+-------+-----+
|DSP              |        -|    -|       -|      -|    -|
|Expression       |        -|    -|       0|   1018|    -|
|FIFO             |        -|    -|       -|      -|    -|
|Instance         |        -|    0|     195|    849|    -|
|Memory           |        0|    -|    4096|     64|    -|
|Multiplexer      |        -|    -|       -|   3069|    -|
|Register         |        -|    -|    9247|     96|    -|
+-----------------+---------+-----+--------+-------+-----+
|Total            |        0|    0|   13538|   5096|    0|
+-----------------+---------+-----+--------+-------+-----+
|Available        |      280|  220|  106400|  53200|    0|
+-----------------+---------+-----+--------+-------+-----+
|Utilization (%)  |        0|    0|      12|      9|    0|
+-----------------+---------+-----+--------+-------+-----+

+ Detail: 
    * Instance: 
    +-------------------------+---------------------+---------+----+-----+-----+-----+
    |         Instance        |        Module       | BRAM_18K| DSP|  FF | LUT | URAM|
    +-------------------------+---------------------+---------+----+-----+-----+-----+
    |mul_7ns_9ns_15_1_1_U55   |mul_7ns_9ns_15_1_1   |        0|   0|    0|   51|    0|
    |mux_864_32_1_1_U56       |mux_864_32_1_1       |        0|   0|    0|   42|    0|
    |mux_864_32_1_1_U57       |mux_864_32_1_1       |        0|   0|    0|   42|    0|
    |mux_864_32_1_1_U58       |mux_864_32_1_1       |        0|   0|    0|   42|    0|
    |mux_864_32_1_1_U59       |mux_864_32_1_1       |        0|   0|    0|   42|    0|
    |mux_864_32_1_1_U60       |mux_864_32_1_1       |        0|   0|    0|   42|    0|
    |mux_864_32_1_1_U61       |mux_864_32_1_1       |        0|   0|    0|   42|    0|
    |mux_864_32_1_1_U62       |mux_864_32_1_1       |        0|   0|    0|   42|    0|
    |mux_864_32_1_1_U63       |mux_864_32_1_1       |        0|   0|    0|   42|    0|
    |mux_864_32_1_1_U64       |mux_864_32_1_1       |        0|   0|    0|   42|    0|
    |mux_864_32_1_1_U65       |mux_864_32_1_1       |        0|   0|    0|   42|    0|
    |mux_864_32_1_1_U66       |mux_864_32_1_1       |        0|   0|    0|   42|    0|
    |mux_864_32_1_1_U67       |mux_864_32_1_1       |        0|   0|    0|   42|    0|
    |mux_864_32_1_1_U72       |mux_864_32_1_1       |        0|   0|    0|   42|    0|
    |mux_864_32_1_1_U73       |mux_864_32_1_1       |        0|   0|    0|   42|    0|
    |mux_864_32_1_1_U74       |mux_864_32_1_1       |        0|   0|    0|   42|    0|
    |mux_864_32_1_1_U75       |mux_864_32_1_1       |        0|   0|    0|   42|    0|
    |urem_8ns_6ns_5_12_1_U39  |urem_8ns_6ns_5_12_1  |        0|   0|  195|  126|    0|
    +-------------------------+---------------------+---------+----+-----+-----+-----+
    |Total                    |                     |        0|   0|  195|  849|    0|
    +-------------------------+---------------------+---------+----+-----+-----+-----+

    * DSP: 
    N/A

    * Memory: 
    +-------------------+----------------------------------+---------+-----+----+-----+------+-----+------+-------------+
    |       Memory      |              Module              | BRAM_18K|  FF | LUT| URAM| Words| Bits| Banks| W*Bits*Banks|
    +-------------------+----------------------------------+---------+-----+----+-----+------+-----+------+-------------+
    |fir_int_int_c_0_U  |fir_Pipeline_MAC_fir_int_int_c_0  |        0|  512|   8|    0|    16|   32|     1|          512|
    |fir_int_int_c_1_U  |fir_Pipeline_MAC_fir_int_int_c_1  |        0|  512|   8|    0|    16|   32|     1|          512|
    |fir_int_int_c_2_U  |fir_Pipeline_MAC_fir_int_int_c_1  |        0|  512|   8|    0|    16|   32|     1|          512|
    |fir_int_int_c_3_U  |fir_Pipeline_MAC_fir_int_int_c_3  |        0|  512|   8|    0|    16|   32|     1|          512|
    |fir_int_int_c_4_U  |fir_Pipeline_MAC_fir_int_int_c_4  |        0|  512|   8|    0|    16|   32|     1|          512|
    |fir_int_int_c_5_U  |fir_Pipeline_MAC_fir_int_int_c_5  |        0|  512|   8|    0|    16|   32|     1|          512|
    |fir_int_int_c_6_U  |fir_Pipeline_MAC_fir_int_int_c_6  |        0|  512|   8|    0|    16|   32|     1|          512|
    |fir_int_int_c_7_U  |fir_Pipeline_MAC_fir_int_int_c_7  |        0|  512|   8|    0|    16|   32|     1|          512|
    +-------------------+----------------------------------+---------+-----+----+-----+------+-----+------+-------------+
    |Total              |                                  |        0| 4096|  64|    0|   128|  256|     8|         4096|
    +-------------------+----------------------------------+---------+-----+----+-----+------+-----+------+-------------+

    * FIFO: 
    N/A

    * Expression: 
    +------------------------+----------+----+---+----+------------+------------+
    |      Variable Name     | Operation| DSP| FF| LUT| Bitwidth P0| Bitwidth P1|
    +------------------------+----------+----+---+----+------------+------------+
    |acc_1_fu_6637_p2        |         +|   0|  0|  32|          32|          32|
    |add_ln32_10_fu_5041_p2  |         +|   0|  0|  15|           8|           5|
    |add_ln32_11_fu_4939_p2  |         +|   0|  0|  15|           8|           5|
    |add_ln32_12_fu_4944_p2  |         +|   0|  0|  15|           8|           5|
    |add_ln32_13_fu_4949_p2  |         +|   0|  0|  15|           8|           5|
    |add_ln32_14_fu_4954_p2  |         +|   0|  0|  15|           8|           5|
    |add_ln32_15_fu_4908_p2  |         +|   0|  0|  15|           8|           6|
    |add_ln32_1_fu_4964_p2   |         +|   0|  0|  15|           8|           3|
    |add_ln32_2_fu_4969_p2   |         +|   0|  0|  15|           8|           3|
    |add_ln32_3_fu_4919_p2   |         +|   0|  0|  15|           8|           4|
    |add_ln32_4_fu_4924_p2   |         +|   0|  0|  15|           8|           4|
    |add_ln32_5_fu_4929_p2   |         +|   0|  0|  15|           8|           4|
    |add_ln32_6_fu_4934_p2   |         +|   0|  0|  15|           8|           4|
    |add_ln32_7_fu_5026_p2   |         +|   0|  0|  15|           8|           5|
    |add_ln32_8_fu_5031_p2   |         +|   0|  0|  15|           8|           5|
    |add_ln32_9_fu_5036_p2   |         +|   0|  0|  15|           8|           5|
    |add_ln32_fu_4959_p2     |         +|   0|  0|  15|           8|           2|
    |add_ln35_10_fu_6201_p2  |         +|   0|  0|  14|           7|           5|
    |add_ln35_11_fu_5785_p2  |         +|   0|  0|  14|           7|           5|
    |add_ln35_12_fu_5813_p2  |         +|   0|  0|  14|           7|           5|
    |add_ln35_13_fu_5841_p2  |         +|   0|  0|  14|           7|           5|
    |add_ln35_14_fu_5869_p2  |         +|   0|  0|  14|           7|           5|
    |add_ln35_15_fu_6592_p2  |         +|   0|  0|  39|          32|          32|
    |add_ln35_16_fu_6596_p2  |         +|   0|  0|  39|          32|          32|
    |add_ln35_17_fu_6600_p2  |         +|   0|  0|  32|          32|          32|
    |add_ln35_18_fu_6564_p2  |         +|   0|  0|  32|          32|          32|
    |add_ln35_19_fu_6568_p2  |         +|   0|  0|  39|          32|          32|
    |add_ln35_1_fu_5978_p2   |         +|   0|  0|  14|           7|           3|
    |add_ln35_20_fu_6572_p2  |         +|   0|  0|  32|          32|          32|
    |add_ln35_21_fu_6606_p2  |         +|   0|  0|  32|          32|          32|
    |add_ln35_22_fu_6611_p2  |         +|   0|  0|  39|          32|          32|
    |add_ln35_23_fu_6615_p2  |         +|   0|  0|  39|          32|          32|
    |add_ln35_24_fu_6619_p2  |         +|   0|  0|  32|          32|          32|
    |add_ln35_25_fu_6578_p2  |         +|   0|  0|  32|          32|          32|
    |add_ln35_26_fu_6582_p2  |         +|   0|  0|  39|          32|          32|
    |add_ln35_27_fu_6586_p2  |         +|   0|  0|  32|          32|          32|
    |add_ln35_28_fu_6625_p2  |         +|   0|  0|  32|          32|          32|
    |add_ln35_29_fu_6633_p2  |         +|   0|  0|  32|          32|          32|
    |add_ln35_2_fu_6005_p2   |         +|   0|  0|  14|           7|           3|
    |add_ln35_3_fu_5549_p2   |         +|   0|  0|  14|           7|           4|
    |add_ln35_4_fu_5577_p2   |         +|   0|  0|  14|           7|           4|
    |add_ln35_5_fu_5605_p2   |         +|   0|  0|  14|           7|           4|
    |add_ln35_6_fu_5633_p2   |         +|   0|  0|  14|           7|           4|
    |add_ln35_7_fu_6120_p2   |         +|   0|  0|  14|           7|           5|
    |add_ln35_8_fu_6147_p2   |         +|   0|  0|  14|           7|           5|
    |add_ln35_9_fu_6174_p2   |         +|   0|  0|  14|           7|           5|
    |add_ln35_fu_5951_p2     |         +|   0|  0|  14|           7|           2|
    |ap_condition_1129       |       and|   0|  0|   2|           1|           1|
    |ap_condition_3198       |       and|   0|  0|   2|           1|           1|
    |ap_condition_3215       |       and|   0|  0|   2|           1|           1|
    |ap_condition_4532       |       and|   0|  0|   2|           1|           1|
    |ap_condition_4573       |       and|   0|  0|   2|           1|           1|
    |ap_condition_907        |       and|   0|  0|   2|           1|           1|
    |ap_enable_pp0           |       xor|   0|  0|   2|           1|           2|
    +------------------------+----------+----+---+----+------------+------------+
    |Total                   |          |   0|  0|1018|         752|         654|
    +------------------------+----------+----+---+----+------------+------------+

    * Multiplexer: 
    +--------------------------------------------+----+-----------+-----+-----------+
    |                    Name                    | LUT| Input Size| Bits| Total Bits|
    +--------------------------------------------+----+-----------+-----+-----------+
    |acc_fu_200                                  |   9|          2|   32|         64|
    |ap_done_int                                 |   9|          2|    1|          2|
    |ap_enable_reg_pp0_iter1                     |   9|          2|    1|          2|
    |ap_phi_reg_pp0_iter13_phi_ln35_12_reg_3993  |  87|         18|   32|        576|
    |ap_phi_reg_pp0_iter13_phi_ln35_13_reg_4033  |  87|         18|   32|        576|
    |ap_phi_reg_pp0_iter13_phi_ln35_14_reg_4073  |  87|         18|   32|        576|
    |ap_phi_reg_pp0_iter13_phi_ln35_15_reg_4113  |  87|         18|   32|        576|
    |ap_phi_reg_pp0_iter13_phi_ln35_4_reg_3833   |  87|         18|   32|        576|
    |ap_phi_reg_pp0_iter13_phi_ln35_5_reg_3873   |  87|         18|   32|        576|
    |ap_phi_reg_pp0_iter13_phi_ln35_6_reg_3913   |  87|         18|   32|        576|
    |ap_phi_reg_pp0_iter13_phi_ln35_7_reg_3953   |  87|         18|   32|        576|
    |ap_phi_reg_pp0_iter14_phi_ln35_10_reg_4393  |  87|         18|   32|        576|
    |ap_phi_reg_pp0_iter14_phi_ln35_11_reg_4433  |  87|         18|   32|        576|
    |ap_phi_reg_pp0_iter14_phi_ln35_1_reg_4193   |  87|         18|   32|        576|
    |ap_phi_reg_pp0_iter14_phi_ln35_2_reg_4233   |  87|         18|   32|        576|
    |ap_phi_reg_pp0_iter14_phi_ln35_3_reg_4273   |  87|         18|   32|        576|
    |ap_phi_reg_pp0_iter14_phi_ln35_8_reg_4313   |  87|         18|   32|        576|
    |ap_phi_reg_pp0_iter14_phi_ln35_9_reg_4353   |  87|         18|   32|        576|
    |ap_phi_reg_pp0_iter14_phi_ln35_reg_4153     |  87|         18|   32|        576|
    |ap_sig_allocacmp_i_1                        |   9|          2|    8|         16|
    |i_fu_204                                    |   9|          2|    8|         16|
    |shift_reg_0_address0                        |  48|          9|    3|         27|
    |shift_reg_0_address1                        |  48|          9|    3|         27|
    |shift_reg_10_address0                       |  48|          9|    3|         27|
    |shift_reg_10_address1                       |  48|          9|    3|         27|
    |shift_reg_11_address0                       |  48|          9|    3|         27|
    |shift_reg_11_address1                       |  48|          9|    3|         27|
    |shift_reg_12_address0                       |  48|          9|    3|         27|
    |shift_reg_12_address1                       |  48|          9|    3|         27|
    |shift_reg_13_address0                       |  48|          9|    3|         27|
    |shift_reg_13_address1                       |  48|          9|    3|         27|
    |shift_reg_14_address0                       |  48|          9|    3|         27|
    |shift_reg_14_address1                       |  48|          9|    3|         27|
    |shift_reg_15_address0                       |  48|          9|    3|         27|
    |shift_reg_15_address1                       |  48|          9|    3|         27|
    |shift_reg_16_address0                       |  48|          9|    3|         27|
    |shift_reg_16_address1                       |  48|          9|    3|         27|
    |shift_reg_1_address0                        |  48|          9|    3|         27|
    |shift_reg_1_address1                        |  48|          9|    3|         27|
    |shift_reg_2_address0                        |  48|          9|    3|         27|
    |shift_reg_2_address1                        |  48|          9|    3|         27|
    |shift_reg_3_address0                        |  48|          9|    3|         27|
    |shift_reg_3_address1                        |  48|          9|    3|         27|
    |shift_reg_4_address0                        |  48|          9|    3|         27|
    |shift_reg_4_address1                        |  48|          9|    3|         27|
    |shift_reg_5_address0                        |  48|          9|    3|         27|
    |shift_reg_5_address1                        |  48|          9|    3|         27|
    |shift_reg_6_address0                        |  48|          9|    3|         27|
    |shift_reg_6_address1                        |  48|          9|    3|         27|
    |shift_reg_7_address0                        |  48|          9|    3|         27|
    |shift_reg_7_address1                        |  48|          9|    3|         27|
    |shift_reg_8_address0                        |  48|          9|    3|         27|
    |shift_reg_8_address1                        |  48|          9|    3|         27|
    |shift_reg_9_address0                        |  48|          9|    3|         27|
    |shift_reg_9_address1                        |  48|          9|    3|         27|
    +--------------------------------------------+----+-----------+-----+-----------+
    |Total                                       |3069|        604|  664|      10234|
    +--------------------------------------------+----+-----------+-----+-----------+

    * Register: 
    +--------------------------------------------+----+----+-----+-----------+
    |                    Name                    | FF | LUT| Bits| Const Bits|
    +--------------------------------------------+----+----+-----+-----------+
    |acc_fu_200                                  |  32|   0|   32|          0|
    |add_ln32_10_reg_6784                        |   8|   0|    8|          0|
    |add_ln32_11_reg_6714                        |   8|   0|    8|          0|
    |add_ln32_12_reg_6719                        |   8|   0|    8|          0|
    |add_ln32_13_reg_6724                        |   8|   0|    8|          0|
    |add_ln32_14_reg_6729                        |   8|   0|    8|          0|
    |add_ln32_1_reg_6739                         |   8|   0|    8|          0|
    |add_ln32_2_reg_6744                         |   8|   0|    8|          0|
    |add_ln32_3_reg_6694                         |   8|   0|    8|          0|
    |add_ln32_4_reg_6699                         |   8|   0|    8|          0|
    |add_ln32_5_reg_6704                         |   8|   0|    8|          0|
    |add_ln32_6_reg_6709                         |   8|   0|    8|          0|
    |add_ln32_7_reg_6769                         |   8|   0|    8|          0|
    |add_ln32_8_reg_6774                         |   8|   0|    8|          0|
    |add_ln32_9_reg_6779                         |   8|   0|    8|          0|
    |add_ln32_reg_6734                           |   8|   0|    8|          0|
    |add_ln35_20_reg_9042                        |  32|   0|   32|          0|
    |add_ln35_21_reg_9052                        |  32|   0|   32|          0|
    |add_ln35_27_reg_9047                        |  32|   0|   32|          0|
    |add_ln35_28_reg_9057                        |  32|   0|   32|          0|
    |ap_CS_fsm                                   |   1|   0|    1|          0|
    |ap_done_reg                                 |   1|   0|    1|          0|
    |ap_enable_reg_pp0_iter1                     |   1|   0|    1|          0|
    |ap_enable_reg_pp0_iter10                    |   1|   0|    1|          0|
    |ap_enable_reg_pp0_iter11                    |   1|   0|    1|          0|
    |ap_enable_reg_pp0_iter12                    |   1|   0|    1|          0|
    |ap_enable_reg_pp0_iter13                    |   1|   0|    1|          0|
    |ap_enable_reg_pp0_iter14                    |   1|   0|    1|          0|
    |ap_enable_reg_pp0_iter15                    |   1|   0|    1|          0|
    |ap_enable_reg_pp0_iter16                    |   1|   0|    1|          0|
    |ap_enable_reg_pp0_iter17                    |   1|   0|    1|          0|
    |ap_enable_reg_pp0_iter2                     |   1|   0|    1|          0|
    |ap_enable_reg_pp0_iter3                     |   1|   0|    1|          0|
    |ap_enable_reg_pp0_iter4                     |   1|   0|    1|          0|
    |ap_enable_reg_pp0_iter5                     |   1|   0|    1|          0|
    |ap_enable_reg_pp0_iter6                     |   1|   0|    1|          0|
    |ap_enable_reg_pp0_iter7                     |   1|   0|    1|          0|
    |ap_enable_reg_pp0_iter8                     |   1|   0|    1|          0|
    |ap_enable_reg_pp0_iter9                     |   1|   0|    1|          0|
    |ap_loop_exit_ready_pp0_iter10_reg           |   1|   0|    1|          0|
    |ap_loop_exit_ready_pp0_iter11_reg           |   1|   0|    1|          0|
    |ap_loop_exit_ready_pp0_iter12_reg           |   1|   0|    1|          0|
    |ap_loop_exit_ready_pp0_iter13_reg           |   1|   0|    1|          0|
    |ap_loop_exit_ready_pp0_iter14_reg           |   1|   0|    1|          0|
    |ap_loop_exit_ready_pp0_iter15_reg           |   1|   0|    1|          0|
    |ap_loop_exit_ready_pp0_iter16_reg           |   1|   0|    1|          0|
    |ap_loop_exit_ready_pp0_iter1_reg            |   1|   0|    1|          0|
    |ap_loop_exit_ready_pp0_iter2_reg            |   1|   0|    1|          0|
    |ap_loop_exit_ready_pp0_iter3_reg            |   1|   0|    1|          0|
    |ap_loop_exit_ready_pp0_iter4_reg            |   1|   0|    1|          0|
    |ap_loop_exit_ready_pp0_iter5_reg            |   1|   0|    1|          0|
    |ap_loop_exit_ready_pp0_iter6_reg            |   1|   0|    1|          0|
    |ap_loop_exit_ready_pp0_iter7_reg            |   1|   0|    1|          0|
    |ap_loop_exit_ready_pp0_iter8_reg            |   1|   0|    1|          0|
    |ap_loop_exit_ready_pp0_iter9_reg            |   1|   0|    1|          0|
    |ap_phi_reg_pp0_iter10_phi_ln35_10_reg_4393  |  32|   0|   32|          0|
    |ap_phi_reg_pp0_iter10_phi_ln35_11_reg_4433  |  32|   0|   32|          0|
    |ap_phi_reg_pp0_iter10_phi_ln35_12_reg_3993  |  32|   0|   32|          0|
    |ap_phi_reg_pp0_iter10_phi_ln35_13_reg_4033  |  32|   0|   32|          0|
    |ap_phi_reg_pp0_iter10_phi_ln35_14_reg_4073  |  32|   0|   32|          0|
    |ap_phi_reg_pp0_iter10_phi_ln35_15_reg_4113  |  32|   0|   32|          0|
    |ap_phi_reg_pp0_iter10_phi_ln35_1_reg_4193   |  32|   0|   32|          0|
    |ap_phi_reg_pp0_iter10_phi_ln35_2_reg_4233   |  32|   0|   32|          0|
    |ap_phi_reg_pp0_iter10_phi_ln35_3_reg_4273   |  32|   0|   32|          0|
    |ap_phi_reg_pp0_iter10_phi_ln35_4_reg_3833   |  32|   0|   32|          0|
    |ap_phi_reg_pp0_iter10_phi_ln35_5_reg_3873   |  32|   0|   32|          0|
    |ap_phi_reg_pp0_iter10_phi_ln35_6_reg_3913   |  32|   0|   32|          0|
    |ap_phi_reg_pp0_iter10_phi_ln35_7_reg_3953   |  32|   0|   32|          0|
    |ap_phi_reg_pp0_iter10_phi_ln35_8_reg_4313   |  32|   0|   32|          0|
    |ap_phi_reg_pp0_iter10_phi_ln35_9_reg_4353   |  32|   0|   32|          0|
    |ap_phi_reg_pp0_iter10_phi_ln35_reg_4153     |  32|   0|   32|          0|
    |ap_phi_reg_pp0_iter11_phi_ln35_10_reg_4393  |  32|   0|   32|          0|
    |ap_phi_reg_pp0_iter11_phi_ln35_11_reg_4433  |  32|   0|   32|          0|
    |ap_phi_reg_pp0_iter11_phi_ln35_12_reg_3993  |  32|   0|   32|          0|
    |ap_phi_reg_pp0_iter11_phi_ln35_13_reg_4033  |  32|   0|   32|          0|
    |ap_phi_reg_pp0_iter11_phi_ln35_14_reg_4073  |  32|   0|   32|          0|
    |ap_phi_reg_pp0_iter11_phi_ln35_15_reg_4113  |  32|   0|   32|          0|
    |ap_phi_reg_pp0_iter11_phi_ln35_1_reg_4193   |  32|   0|   32|          0|
    |ap_phi_reg_pp0_iter11_phi_ln35_2_reg_4233   |  32|   0|   32|          0|
    |ap_phi_reg_pp0_iter11_phi_ln35_3_reg_4273   |  32|   0|   32|          0|
    |ap_phi_reg_pp0_iter11_phi_ln35_4_reg_3833   |  32|   0|   32|          0|
    |ap_phi_reg_pp0_iter11_phi_ln35_5_reg_3873   |  32|   0|   32|          0|
    |ap_phi_reg_pp0_iter11_phi_ln35_6_reg_3913   |  32|   0|   32|          0|
    |ap_phi_reg_pp0_iter11_phi_ln35_7_reg_3953   |  32|   0|   32|          0|
    |ap_phi_reg_pp0_iter11_phi_ln35_8_reg_4313   |  32|   0|   32|          0|
    |ap_phi_reg_pp0_iter11_phi_ln35_9_reg_4353   |  32|   0|   32|          0|
    |ap_phi_reg_pp0_iter11_phi_ln35_reg_4153     |  32|   0|   32|          0|
    |ap_phi_reg_pp0_iter12_phi_ln35_10_reg_4393  |  32|   0|   32|          0|
    |ap_phi_reg_pp0_iter12_phi_ln35_11_reg_4433  |  32|   0|   32|          0|
    |ap_phi_reg_pp0_iter12_phi_ln35_12_reg_3993  |  32|   0|   32|          0|
    |ap_phi_reg_pp0_iter12_phi_ln35_13_reg_4033  |  32|   0|   32|          0|
    |ap_phi_reg_pp0_iter12_phi_ln35_14_reg_4073  |  32|   0|   32|          0|
    |ap_phi_reg_pp0_iter12_phi_ln35_15_reg_4113  |  32|   0|   32|          0|
    |ap_phi_reg_pp0_iter12_phi_ln35_1_reg_4193   |  32|   0|   32|          0|
    |ap_phi_reg_pp0_iter12_phi_ln35_2_reg_4233   |  32|   0|   32|          0|
    |ap_phi_reg_pp0_iter12_phi_ln35_3_reg_4273   |  32|   0|   32|          0|
    |ap_phi_reg_pp0_iter12_phi_ln35_4_reg_3833   |  32|   0|   32|          0|
    |ap_phi_reg_pp0_iter12_phi_ln35_5_reg_3873   |  32|   0|   32|          0|
    |ap_phi_reg_pp0_iter12_phi_ln35_6_reg_3913   |  32|   0|   32|          0|
    |ap_phi_reg_pp0_iter12_phi_ln35_7_reg_3953   |  32|   0|   32|          0|
    |ap_phi_reg_pp0_iter12_phi_ln35_8_reg_4313   |  32|   0|   32|          0|
    |ap_phi_reg_pp0_iter12_phi_ln35_9_reg_4353   |  32|   0|   32|          0|
    |ap_phi_reg_pp0_iter12_phi_ln35_reg_4153     |  32|   0|   32|          0|
    |ap_phi_reg_pp0_iter13_phi_ln35_10_reg_4393  |  32|   0|   32|          0|
    |ap_phi_reg_pp0_iter13_phi_ln35_11_reg_4433  |  32|   0|   32|          0|
    |ap_phi_reg_pp0_iter13_phi_ln35_12_reg_3993  |  32|   0|   32|          0|
    |ap_phi_reg_pp0_iter13_phi_ln35_13_reg_4033  |  32|   0|   32|          0|
    |ap_phi_reg_pp0_iter13_phi_ln35_14_reg_4073  |  32|   0|   32|          0|
    |ap_phi_reg_pp0_iter13_phi_ln35_15_reg_4113  |  32|   0|   32|          0|
    |ap_phi_reg_pp0_iter13_phi_ln35_1_reg_4193   |  32|   0|   32|          0|
    |ap_phi_reg_pp0_iter13_phi_ln35_2_reg_4233   |  32|   0|   32|          0|
    |ap_phi_reg_pp0_iter13_phi_ln35_3_reg_4273   |  32|   0|   32|          0|
    |ap_phi_reg_pp0_iter13_phi_ln35_4_reg_3833   |  32|   0|   32|          0|
    |ap_phi_reg_pp0_iter13_phi_ln35_5_reg_3873   |  32|   0|   32|          0|
    |ap_phi_reg_pp0_iter13_phi_ln35_6_reg_3913   |  32|   0|   32|          0|
    |ap_phi_reg_pp0_iter13_phi_ln35_7_reg_3953   |  32|   0|   32|          0|
    |ap_phi_reg_pp0_iter13_phi_ln35_8_reg_4313   |  32|   0|   32|          0|
    |ap_phi_reg_pp0_iter13_phi_ln35_9_reg_4353   |  32|   0|   32|          0|
    |ap_phi_reg_pp0_iter13_phi_ln35_reg_4153     |  32|   0|   32|          0|
    |ap_phi_reg_pp0_iter14_phi_ln35_10_reg_4393  |  32|   0|   32|          0|
    |ap_phi_reg_pp0_iter14_phi_ln35_11_reg_4433  |  32|   0|   32|          0|
    |ap_phi_reg_pp0_iter14_phi_ln35_1_reg_4193   |  32|   0|   32|          0|
    |ap_phi_reg_pp0_iter14_phi_ln35_2_reg_4233   |  32|   0|   32|          0|
    |ap_phi_reg_pp0_iter14_phi_ln35_3_reg_4273   |  32|   0|   32|          0|
    |ap_phi_reg_pp0_iter14_phi_ln35_8_reg_4313   |  32|   0|   32|          0|
    |ap_phi_reg_pp0_iter14_phi_ln35_9_reg_4353   |  32|   0|   32|          0|
    |ap_phi_reg_pp0_iter14_phi_ln35_reg_4153     |  32|   0|   32|          0|
    |ap_phi_reg_pp0_iter1_phi_ln35_10_reg_4393   |  32|   0|   32|          0|
    |ap_phi_reg_pp0_iter1_phi_ln35_11_reg_4433   |  32|   0|   32|          0|
    |ap_phi_reg_pp0_iter1_phi_ln35_12_reg_3993   |  32|   0|   32|          0|
    |ap_phi_reg_pp0_iter1_phi_ln35_13_reg_4033   |  32|   0|   32|          0|
    |ap_phi_reg_pp0_iter1_phi_ln35_14_reg_4073   |  32|   0|   32|          0|
    |ap_phi_reg_pp0_iter1_phi_ln35_15_reg_4113   |  32|   0|   32|          0|
    |ap_phi_reg_pp0_iter1_phi_ln35_1_reg_4193    |  32|   0|   32|          0|
    |ap_phi_reg_pp0_iter1_phi_ln35_2_reg_4233    |  32|   0|   32|          0|
    |ap_phi_reg_pp0_iter1_phi_ln35_3_reg_4273    |  32|   0|   32|          0|
    |ap_phi_reg_pp0_iter1_phi_ln35_4_reg_3833    |  32|   0|   32|          0|
    |ap_phi_reg_pp0_iter1_phi_ln35_5_reg_3873    |  32|   0|   32|          0|
    |ap_phi_reg_pp0_iter1_phi_ln35_6_reg_3913    |  32|   0|   32|          0|
    |ap_phi_reg_pp0_iter1_phi_ln35_7_reg_3953    |  32|   0|   32|          0|
    |ap_phi_reg_pp0_iter1_phi_ln35_8_reg_4313    |  32|   0|   32|          0|
    |ap_phi_reg_pp0_iter1_phi_ln35_9_reg_4353    |  32|   0|   32|          0|
    |ap_phi_reg_pp0_iter1_phi_ln35_reg_4153      |  32|   0|   32|          0|
    |ap_phi_reg_pp0_iter2_phi_ln35_10_reg_4393   |  32|   0|   32|          0|
    |ap_phi_reg_pp0_iter2_phi_ln35_11_reg_4433   |  32|   0|   32|          0|
    |ap_phi_reg_pp0_iter2_phi_ln35_12_reg_3993   |  32|   0|   32|          0|
    |ap_phi_reg_pp0_iter2_phi_ln35_13_reg_4033   |  32|   0|   32|          0|
    |ap_phi_reg_pp0_iter2_phi_ln35_14_reg_4073   |  32|   0|   32|          0|
    |ap_phi_reg_pp0_iter2_phi_ln35_15_reg_4113   |  32|   0|   32|          0|
    |ap_phi_reg_pp0_iter2_phi_ln35_1_reg_4193    |  32|   0|   32|          0|
    |ap_phi_reg_pp0_iter2_phi_ln35_2_reg_4233    |  32|   0|   32|          0|
    |ap_phi_reg_pp0_iter2_phi_ln35_3_reg_4273    |  32|   0|   32|          0|
    |ap_phi_reg_pp0_iter2_phi_ln35_4_reg_3833    |  32|   0|   32|          0|
    |ap_phi_reg_pp0_iter2_phi_ln35_5_reg_3873    |  32|   0|   32|          0|
    |ap_phi_reg_pp0_iter2_phi_ln35_6_reg_3913    |  32|   0|   32|          0|
    |ap_phi_reg_pp0_iter2_phi_ln35_7_reg_3953    |  32|   0|   32|          0|
    |ap_phi_reg_pp0_iter2_phi_ln35_8_reg_4313    |  32|   0|   32|          0|
    |ap_phi_reg_pp0_iter2_phi_ln35_9_reg_4353    |  32|   0|   32|          0|
    |ap_phi_reg_pp0_iter2_phi_ln35_reg_4153      |  32|   0|   32|          0|
    |ap_phi_reg_pp0_iter3_phi_ln35_10_reg_4393   |  32|   0|   32|          0|
    |ap_phi_reg_pp0_iter3_phi_ln35_11_reg_4433   |  32|   0|   32|          0|
    |ap_phi_reg_pp0_iter3_phi_ln35_12_reg_3993   |  32|   0|   32|          0|
    |ap_phi_reg_pp0_iter3_phi_ln35_13_reg_4033   |  32|   0|   32|          0|
    |ap_phi_reg_pp0_iter3_phi_ln35_14_reg_4073   |  32|   0|   32|          0|
    |ap_phi_reg_pp0_iter3_phi_ln35_15_reg_4113   |  32|   0|   32|          0|
    |ap_phi_reg_pp0_iter3_phi_ln35_1_reg_4193    |  32|   0|   32|          0|
    |ap_phi_reg_pp0_iter3_phi_ln35_2_reg_4233    |  32|   0|   32|          0|
    |ap_phi_reg_pp0_iter3_phi_ln35_3_reg_4273    |  32|   0|   32|          0|
    |ap_phi_reg_pp0_iter3_phi_ln35_4_reg_3833    |  32|   0|   32|          0|
    |ap_phi_reg_pp0_iter3_phi_ln35_5_reg_3873    |  32|   0|   32|          0|
    |ap_phi_reg_pp0_iter3_phi_ln35_6_reg_3913    |  32|   0|   32|          0|
    |ap_phi_reg_pp0_iter3_phi_ln35_7_reg_3953    |  32|   0|   32|          0|
    |ap_phi_reg_pp0_iter3_phi_ln35_8_reg_4313    |  32|   0|   32|          0|
    |ap_phi_reg_pp0_iter3_phi_ln35_9_reg_4353    |  32|   0|   32|          0|
    |ap_phi_reg_pp0_iter3_phi_ln35_reg_4153      |  32|   0|   32|          0|
    |ap_phi_reg_pp0_iter4_phi_ln35_10_reg_4393   |  32|   0|   32|          0|
    |ap_phi_reg_pp0_iter4_phi_ln35_11_reg_4433   |  32|   0|   32|          0|
    |ap_phi_reg_pp0_iter4_phi_ln35_12_reg_3993   |  32|   0|   32|          0|
    |ap_phi_reg_pp0_iter4_phi_ln35_13_reg_4033   |  32|   0|   32|          0|
    |ap_phi_reg_pp0_iter4_phi_ln35_14_reg_4073   |  32|   0|   32|          0|
    |ap_phi_reg_pp0_iter4_phi_ln35_15_reg_4113   |  32|   0|   32|          0|
    |ap_phi_reg_pp0_iter4_phi_ln35_1_reg_4193    |  32|   0|   32|          0|
    |ap_phi_reg_pp0_iter4_phi_ln35_2_reg_4233    |  32|   0|   32|          0|
    |ap_phi_reg_pp0_iter4_phi_ln35_3_reg_4273    |  32|   0|   32|          0|
    |ap_phi_reg_pp0_iter4_phi_ln35_4_reg_3833    |  32|   0|   32|          0|
    |ap_phi_reg_pp0_iter4_phi_ln35_5_reg_3873    |  32|   0|   32|          0|
    |ap_phi_reg_pp0_iter4_phi_ln35_6_reg_3913    |  32|   0|   32|          0|
    |ap_phi_reg_pp0_iter4_phi_ln35_7_reg_3953    |  32|   0|   32|          0|
    |ap_phi_reg_pp0_iter4_phi_ln35_8_reg_4313    |  32|   0|   32|          0|
    |ap_phi_reg_pp0_iter4_phi_ln35_9_reg_4353    |  32|   0|   32|          0|
    |ap_phi_reg_pp0_iter4_phi_ln35_reg_4153      |  32|   0|   32|          0|
    |ap_phi_reg_pp0_iter5_phi_ln35_10_reg_4393   |  32|   0|   32|          0|
    |ap_phi_reg_pp0_iter5_phi_ln35_11_reg_4433   |  32|   0|   32|          0|
    |ap_phi_reg_pp0_iter5_phi_ln35_12_reg_3993   |  32|   0|   32|          0|
    |ap_phi_reg_pp0_iter5_phi_ln35_13_reg_4033   |  32|   0|   32|          0|
    |ap_phi_reg_pp0_iter5_phi_ln35_14_reg_4073   |  32|   0|   32|          0|
    |ap_phi_reg_pp0_iter5_phi_ln35_15_reg_4113   |  32|   0|   32|          0|
    |ap_phi_reg_pp0_iter5_phi_ln35_1_reg_4193    |  32|   0|   32|          0|
    |ap_phi_reg_pp0_iter5_phi_ln35_2_reg_4233    |  32|   0|   32|          0|
    |ap_phi_reg_pp0_iter5_phi_ln35_3_reg_4273    |  32|   0|   32|          0|
    |ap_phi_reg_pp0_iter5_phi_ln35_4_reg_3833    |  32|   0|   32|          0|
    |ap_phi_reg_pp0_iter5_phi_ln35_5_reg_3873    |  32|   0|   32|          0|
    |ap_phi_reg_pp0_iter5_phi_ln35_6_reg_3913    |  32|   0|   32|          0|
    |ap_phi_reg_pp0_iter5_phi_ln35_7_reg_3953    |  32|   0|   32|          0|
    |ap_phi_reg_pp0_iter5_phi_ln35_8_reg_4313    |  32|   0|   32|          0|
    |ap_phi_reg_pp0_iter5_phi_ln35_9_reg_4353    |  32|   0|   32|          0|
    |ap_phi_reg_pp0_iter5_phi_ln35_reg_4153      |  32|   0|   32|          0|
    |ap_phi_reg_pp0_iter6_phi_ln35_10_reg_4393   |  32|   0|   32|          0|
    |ap_phi_reg_pp0_iter6_phi_ln35_11_reg_4433   |  32|   0|   32|          0|
    |ap_phi_reg_pp0_iter6_phi_ln35_12_reg_3993   |  32|   0|   32|          0|
    |ap_phi_reg_pp0_iter6_phi_ln35_13_reg_4033   |  32|   0|   32|          0|
    |ap_phi_reg_pp0_iter6_phi_ln35_14_reg_4073   |  32|   0|   32|          0|
    |ap_phi_reg_pp0_iter6_phi_ln35_15_reg_4113   |  32|   0|   32|          0|
    |ap_phi_reg_pp0_iter6_phi_ln35_1_reg_4193    |  32|   0|   32|          0|
    |ap_phi_reg_pp0_iter6_phi_ln35_2_reg_4233    |  32|   0|   32|          0|
    |ap_phi_reg_pp0_iter6_phi_ln35_3_reg_4273    |  32|   0|   32|          0|
    |ap_phi_reg_pp0_iter6_phi_ln35_4_reg_3833    |  32|   0|   32|          0|
    |ap_phi_reg_pp0_iter6_phi_ln35_5_reg_3873    |  32|   0|   32|          0|
    |ap_phi_reg_pp0_iter6_phi_ln35_6_reg_3913    |  32|   0|   32|          0|
    |ap_phi_reg_pp0_iter6_phi_ln35_7_reg_3953    |  32|   0|   32|          0|
    |ap_phi_reg_pp0_iter6_phi_ln35_8_reg_4313    |  32|   0|   32|          0|
    |ap_phi_reg_pp0_iter6_phi_ln35_9_reg_4353    |  32|   0|   32|          0|
    |ap_phi_reg_pp0_iter6_phi_ln35_reg_4153      |  32|   0|   32|          0|
    |ap_phi_reg_pp0_iter7_phi_ln35_10_reg_4393   |  32|   0|   32|          0|
    |ap_phi_reg_pp0_iter7_phi_ln35_11_reg_4433   |  32|   0|   32|          0|
    |ap_phi_reg_pp0_iter7_phi_ln35_12_reg_3993   |  32|   0|   32|          0|
    |ap_phi_reg_pp0_iter7_phi_ln35_13_reg_4033   |  32|   0|   32|          0|
    |ap_phi_reg_pp0_iter7_phi_ln35_14_reg_4073   |  32|   0|   32|          0|
    |ap_phi_reg_pp0_iter7_phi_ln35_15_reg_4113   |  32|   0|   32|          0|
    |ap_phi_reg_pp0_iter7_phi_ln35_1_reg_4193    |  32|   0|   32|          0|
    |ap_phi_reg_pp0_iter7_phi_ln35_2_reg_4233    |  32|   0|   32|          0|
    |ap_phi_reg_pp0_iter7_phi_ln35_3_reg_4273    |  32|   0|   32|          0|
    |ap_phi_reg_pp0_iter7_phi_ln35_4_reg_3833    |  32|   0|   32|          0|
    |ap_phi_reg_pp0_iter7_phi_ln35_5_reg_3873    |  32|   0|   32|          0|
    |ap_phi_reg_pp0_iter7_phi_ln35_6_reg_3913    |  32|   0|   32|          0|
    |ap_phi_reg_pp0_iter7_phi_ln35_7_reg_3953    |  32|   0|   32|          0|
    |ap_phi_reg_pp0_iter7_phi_ln35_8_reg_4313    |  32|   0|   32|          0|
    |ap_phi_reg_pp0_iter7_phi_ln35_9_reg_4353    |  32|   0|   32|          0|
    |ap_phi_reg_pp0_iter7_phi_ln35_reg_4153      |  32|   0|   32|          0|
    |ap_phi_reg_pp0_iter8_phi_ln35_10_reg_4393   |  32|   0|   32|          0|
    |ap_phi_reg_pp0_iter8_phi_ln35_11_reg_4433   |  32|   0|   32|          0|
    |ap_phi_reg_pp0_iter8_phi_ln35_12_reg_3993   |  32|   0|   32|          0|
    |ap_phi_reg_pp0_iter8_phi_ln35_13_reg_4033   |  32|   0|   32|          0|
    |ap_phi_reg_pp0_iter8_phi_ln35_14_reg_4073   |  32|   0|   32|          0|
    |ap_phi_reg_pp0_iter8_phi_ln35_15_reg_4113   |  32|   0|   32|          0|
    |ap_phi_reg_pp0_iter8_phi_ln35_1_reg_4193    |  32|   0|   32|          0|
    |ap_phi_reg_pp0_iter8_phi_ln35_2_reg_4233    |  32|   0|   32|          0|
    |ap_phi_reg_pp0_iter8_phi_ln35_3_reg_4273    |  32|   0|   32|          0|
    |ap_phi_reg_pp0_iter8_phi_ln35_4_reg_3833    |  32|   0|   32|          0|
    |ap_phi_reg_pp0_iter8_phi_ln35_5_reg_3873    |  32|   0|   32|          0|
    |ap_phi_reg_pp0_iter8_phi_ln35_6_reg_3913    |  32|   0|   32|          0|
    |ap_phi_reg_pp0_iter8_phi_ln35_7_reg_3953    |  32|   0|   32|          0|
    |ap_phi_reg_pp0_iter8_phi_ln35_8_reg_4313    |  32|   0|   32|          0|
    |ap_phi_reg_pp0_iter8_phi_ln35_9_reg_4353    |  32|   0|   32|          0|
    |ap_phi_reg_pp0_iter8_phi_ln35_reg_4153      |  32|   0|   32|          0|
    |ap_phi_reg_pp0_iter9_phi_ln35_10_reg_4393   |  32|   0|   32|          0|
    |ap_phi_reg_pp0_iter9_phi_ln35_11_reg_4433   |  32|   0|   32|          0|
    |ap_phi_reg_pp0_iter9_phi_ln35_12_reg_3993   |  32|   0|   32|          0|
    |ap_phi_reg_pp0_iter9_phi_ln35_13_reg_4033   |  32|   0|   32|          0|
    |ap_phi_reg_pp0_iter9_phi_ln35_14_reg_4073   |  32|   0|   32|          0|
    |ap_phi_reg_pp0_iter9_phi_ln35_15_reg_4113   |  32|   0|   32|          0|
    |ap_phi_reg_pp0_iter9_phi_ln35_1_reg_4193    |  32|   0|   32|          0|
    |ap_phi_reg_pp0_iter9_phi_ln35_2_reg_4233    |  32|   0|   32|          0|
    |ap_phi_reg_pp0_iter9_phi_ln35_3_reg_4273    |  32|   0|   32|          0|
    |ap_phi_reg_pp0_iter9_phi_ln35_4_reg_3833    |  32|   0|   32|          0|
    |ap_phi_reg_pp0_iter9_phi_ln35_5_reg_3873    |  32|   0|   32|          0|
    |ap_phi_reg_pp0_iter9_phi_ln35_6_reg_3913    |  32|   0|   32|          0|
    |ap_phi_reg_pp0_iter9_phi_ln35_7_reg_3953    |  32|   0|   32|          0|
    |ap_phi_reg_pp0_iter9_phi_ln35_8_reg_4313    |  32|   0|   32|          0|
    |ap_phi_reg_pp0_iter9_phi_ln35_9_reg_4353    |  32|   0|   32|          0|
    |ap_phi_reg_pp0_iter9_phi_ln35_reg_4153      |  32|   0|   32|          0|
    |i_1_reg_6667                                |   8|   0|    8|          0|
    |i_fu_204                                    |   8|   0|    8|          0|
    |lshr_ln_reg_7545                            |   4|   0|    4|          0|
    |mul_ln35_10_reg_9032                        |  32|   0|   32|          0|
    |mul_ln35_11_reg_9037                        |  32|   0|   32|          0|
    |mul_ln35_12_reg_8982                        |  32|   0|   32|          0|
    |mul_ln35_13_reg_8987                        |  32|   0|   32|          0|
    |mul_ln35_14_reg_8992                        |  32|   0|   32|          0|
    |mul_ln35_15_reg_8997                        |  32|   0|   32|          0|
    |mul_ln35_1_reg_9007                         |  32|   0|   32|          0|
    |mul_ln35_2_reg_9012                         |  32|   0|   32|          0|
    |mul_ln35_3_reg_9017                         |  32|   0|   32|          0|
    |mul_ln35_4_reg_8962                         |  32|   0|   32|          0|
    |mul_ln35_5_reg_8967                         |  32|   0|   32|          0|
    |mul_ln35_6_reg_8972                         |  32|   0|   32|          0|
    |mul_ln35_7_reg_8977                         |  32|   0|   32|          0|
    |mul_ln35_8_reg_9022                         |  32|   0|   32|          0|
    |mul_ln35_9_reg_9027                         |  32|   0|   32|          0|
    |mul_ln35_reg_9002                           |  32|   0|   32|          0|
    |shift_reg_0_addr_17_reg_7555                |   3|   0|    3|          0|
    |shift_reg_0_addr_18_reg_7645                |   3|   0|    3|          0|
    |shift_reg_0_addr_19_reg_7735                |   3|   0|    3|          0|
    |shift_reg_0_addr_20_reg_6864                |   3|   0|    3|          0|
    |shift_reg_0_addr_21_reg_6954                |   3|   0|    3|          0|
    |shift_reg_0_addr_22_reg_7044                |   3|   0|    3|          0|
    |shift_reg_0_addr_23_reg_7134                |   3|   0|    3|          0|
    |shift_reg_0_addr_24_reg_8005                |   3|   0|    3|          0|
    |shift_reg_0_addr_25_reg_8095                |   3|   0|    3|          0|
    |shift_reg_0_addr_26_reg_8185                |   3|   0|    3|          0|
    |shift_reg_0_addr_27_reg_8275                |   3|   0|    3|          0|
    |shift_reg_0_addr_28_reg_7244                |   3|   0|    3|          0|
    |shift_reg_0_addr_29_reg_7334                |   3|   0|    3|          0|
    |shift_reg_0_addr_30_reg_7424                |   3|   0|    3|          0|
    |shift_reg_0_addr_31_reg_7514                |   3|   0|    3|          0|
    |shift_reg_10_addr_17_reg_7605               |   3|   0|    3|          0|
    |shift_reg_10_addr_18_reg_7695               |   3|   0|    3|          0|
    |shift_reg_10_addr_19_reg_7785               |   3|   0|    3|          0|
    |shift_reg_10_addr_20_reg_6914               |   3|   0|    3|          0|
    |shift_reg_10_addr_21_reg_7004               |   3|   0|    3|          0|
    |shift_reg_10_addr_22_reg_7094               |   3|   0|    3|          0|
    |shift_reg_10_addr_23_reg_7099               |   3|   0|    3|          0|
    |shift_reg_10_addr_24_reg_7970               |   3|   0|    3|          0|
    |shift_reg_10_addr_25_reg_8060               |   3|   0|    3|          0|
    |shift_reg_10_addr_26_reg_8150               |   3|   0|    3|          0|
    |shift_reg_10_addr_27_reg_8240               |   3|   0|    3|          0|
    |shift_reg_10_addr_28_reg_7209               |   3|   0|    3|          0|
    |shift_reg_10_addr_29_reg_7299               |   3|   0|    3|          0|
    |shift_reg_10_addr_30_reg_7389               |   3|   0|    3|          0|
    |shift_reg_10_addr_31_reg_7479               |   3|   0|    3|          0|
    |shift_reg_11_addr_17_reg_7610               |   3|   0|    3|          0|
    |shift_reg_11_addr_18_reg_7700               |   3|   0|    3|          0|
    |shift_reg_11_addr_19_reg_7790               |   3|   0|    3|          0|
    |shift_reg_11_addr_20_reg_6919               |   3|   0|    3|          0|
    |shift_reg_11_addr_21_reg_7009               |   3|   0|    3|          0|
    |shift_reg_11_addr_22_reg_7014               |   3|   0|    3|          0|
    |shift_reg_11_addr_23_reg_7104               |   3|   0|    3|          0|
    |shift_reg_11_addr_24_reg_7975               |   3|   0|    3|          0|
    |shift_reg_11_addr_25_reg_8065               |   3|   0|    3|          0|
    |shift_reg_11_addr_26_reg_8155               |   3|   0|    3|          0|
    |shift_reg_11_addr_27_reg_8245               |   3|   0|    3|          0|
    |shift_reg_11_addr_28_reg_7214               |   3|   0|    3|          0|
    |shift_reg_11_addr_29_reg_7304               |   3|   0|    3|          0|
    |shift_reg_11_addr_30_reg_7394               |   3|   0|    3|          0|
    |shift_reg_11_addr_31_reg_7484               |   3|   0|    3|          0|
    |shift_reg_12_addr_17_reg_7615               |   3|   0|    3|          0|
    |shift_reg_12_addr_18_reg_7705               |   3|   0|    3|          0|
    |shift_reg_12_addr_19_reg_7795               |   3|   0|    3|          0|
    |shift_reg_12_addr_20_reg_6924               |   3|   0|    3|          0|
    |shift_reg_12_addr_21_reg_6929               |   3|   0|    3|          0|
    |shift_reg_12_addr_22_reg_7019               |   3|   0|    3|          0|
    |shift_reg_12_addr_23_reg_7109               |   3|   0|    3|          0|
    |shift_reg_12_addr_24_reg_7980               |   3|   0|    3|          0|
    |shift_reg_12_addr_25_reg_8070               |   3|   0|    3|          0|
    |shift_reg_12_addr_26_reg_8160               |   3|   0|    3|          0|
    |shift_reg_12_addr_27_reg_8250               |   3|   0|    3|          0|
    |shift_reg_12_addr_28_reg_7219               |   3|   0|    3|          0|
    |shift_reg_12_addr_29_reg_7309               |   3|   0|    3|          0|
    |shift_reg_12_addr_30_reg_7399               |   3|   0|    3|          0|
    |shift_reg_12_addr_31_reg_7489               |   3|   0|    3|          0|
    |shift_reg_13_addr_17_reg_7620               |   3|   0|    3|          0|
    |shift_reg_13_addr_18_reg_7710               |   3|   0|    3|          0|
    |shift_reg_13_addr_19_reg_7800               |   3|   0|    3|          0|
    |shift_reg_13_addr_20_reg_6844               |   3|   0|    3|          0|
    |shift_reg_13_addr_21_reg_6934               |   3|   0|    3|          0|
    |shift_reg_13_addr_22_reg_7024               |   3|   0|    3|          0|
    |shift_reg_13_addr_23_reg_7114               |   3|   0|    3|          0|
    |shift_reg_13_addr_24_reg_7985               |   3|   0|    3|          0|
    |shift_reg_13_addr_25_reg_8075               |   3|   0|    3|          0|
    |shift_reg_13_addr_26_reg_8165               |   3|   0|    3|          0|
    |shift_reg_13_addr_27_reg_8255               |   3|   0|    3|          0|
    |shift_reg_13_addr_28_reg_7224               |   3|   0|    3|          0|
    |shift_reg_13_addr_29_reg_7314               |   3|   0|    3|          0|
    |shift_reg_13_addr_30_reg_7404               |   3|   0|    3|          0|
    |shift_reg_13_addr_31_reg_7494               |   3|   0|    3|          0|
    |shift_reg_14_addr_17_reg_7625               |   3|   0|    3|          0|
    |shift_reg_14_addr_18_reg_7715               |   3|   0|    3|          0|
    |shift_reg_14_addr_19_reg_7720               |   3|   0|    3|          0|
    |shift_reg_14_addr_20_reg_6849               |   3|   0|    3|          0|
    |shift_reg_14_addr_21_reg_6939               |   3|   0|    3|          0|
    |shift_reg_14_addr_22_reg_7029               |   3|   0|    3|          0|
    |shift_reg_14_addr_23_reg_7119               |   3|   0|    3|          0|
    |shift_reg_14_addr_24_reg_7990               |   3|   0|    3|          0|
    |shift_reg_14_addr_25_reg_8080               |   3|   0|    3|          0|
    |shift_reg_14_addr_26_reg_8170               |   3|   0|    3|          0|
    |shift_reg_14_addr_27_reg_8260               |   3|   0|    3|          0|
    |shift_reg_14_addr_28_reg_7229               |   3|   0|    3|          0|
    |shift_reg_14_addr_29_reg_7319               |   3|   0|    3|          0|
    |shift_reg_14_addr_30_reg_7409               |   3|   0|    3|          0|
    |shift_reg_14_addr_31_reg_7499               |   3|   0|    3|          0|
    |shift_reg_15_addr_17_reg_7630               |   3|   0|    3|          0|
    |shift_reg_15_addr_18_reg_7635               |   3|   0|    3|          0|
    |shift_reg_15_addr_19_reg_7725               |   3|   0|    3|          0|
    |shift_reg_15_addr_20_reg_6854               |   3|   0|    3|          0|
    |shift_reg_15_addr_21_reg_6944               |   3|   0|    3|          0|
    |shift_reg_15_addr_22_reg_7034               |   3|   0|    3|          0|
    |shift_reg_15_addr_23_reg_7124               |   3|   0|    3|          0|
    |shift_reg_15_addr_24_reg_7995               |   3|   0|    3|          0|
    |shift_reg_15_addr_25_reg_8085               |   3|   0|    3|          0|
    |shift_reg_15_addr_26_reg_8175               |   3|   0|    3|          0|
    |shift_reg_15_addr_27_reg_8265               |   3|   0|    3|          0|
    |shift_reg_15_addr_28_reg_7234               |   3|   0|    3|          0|
    |shift_reg_15_addr_29_reg_7324               |   3|   0|    3|          0|
    |shift_reg_15_addr_30_reg_7414               |   3|   0|    3|          0|
    |shift_reg_15_addr_31_reg_7504               |   3|   0|    3|          0|
    |shift_reg_16_addr_17_reg_7550               |   3|   0|    3|          0|
    |shift_reg_16_addr_18_reg_7640               |   3|   0|    3|          0|
    |shift_reg_16_addr_19_reg_7730               |   3|   0|    3|          0|
    |shift_reg_16_addr_20_reg_6859               |   3|   0|    3|          0|
    |shift_reg_16_addr_21_reg_6949               |   3|   0|    3|          0|
    |shift_reg_16_addr_22_reg_7039               |   3|   0|    3|          0|
    |shift_reg_16_addr_23_reg_7129               |   3|   0|    3|          0|
    |shift_reg_16_addr_24_reg_8000               |   3|   0|    3|          0|
    |shift_reg_16_addr_25_reg_8090               |   3|   0|    3|          0|
    |shift_reg_16_addr_26_reg_8180               |   3|   0|    3|          0|
    |shift_reg_16_addr_27_reg_8270               |   3|   0|    3|          0|
    |shift_reg_16_addr_28_reg_7239               |   3|   0|    3|          0|
    |shift_reg_16_addr_29_reg_7329               |   3|   0|    3|          0|
    |shift_reg_16_addr_30_reg_7419               |   3|   0|    3|          0|
    |shift_reg_16_addr_31_reg_7509               |   3|   0|    3|          0|
    |shift_reg_1_addr_17_reg_7560                |   3|   0|    3|          0|
    |shift_reg_1_addr_18_reg_7650                |   3|   0|    3|          0|
    |shift_reg_1_addr_19_reg_7740                |   3|   0|    3|          0|
    |shift_reg_1_addr_20_reg_6869                |   3|   0|    3|          0|
    |shift_reg_1_addr_21_reg_6959                |   3|   0|    3|          0|
    |shift_reg_1_addr_22_reg_7049                |   3|   0|    3|          0|
    |shift_reg_1_addr_23_reg_7139                |   3|   0|    3|          0|
    |shift_reg_1_addr_24_reg_8010                |   3|   0|    3|          0|
    |shift_reg_1_addr_25_reg_8100                |   3|   0|    3|          0|
    |shift_reg_1_addr_26_reg_8190                |   3|   0|    3|          0|
    |shift_reg_1_addr_27_reg_8280                |   3|   0|    3|          0|
    |shift_reg_1_addr_28_reg_7249                |   3|   0|    3|          0|
    |shift_reg_1_addr_29_reg_7339                |   3|   0|    3|          0|
    |shift_reg_1_addr_30_reg_7429                |   3|   0|    3|          0|
    |shift_reg_1_addr_31_reg_7519                |   3|   0|    3|          0|
    |shift_reg_2_addr_17_reg_7565                |   3|   0|    3|          0|
    |shift_reg_2_addr_18_reg_7655                |   3|   0|    3|          0|
    |shift_reg_2_addr_19_reg_7745                |   3|   0|    3|          0|
    |shift_reg_2_addr_20_reg_6874                |   3|   0|    3|          0|
    |shift_reg_2_addr_21_reg_6964                |   3|   0|    3|          0|
    |shift_reg_2_addr_22_reg_7054                |   3|   0|    3|          0|
    |shift_reg_2_addr_23_reg_7144                |   3|   0|    3|          0|
    |shift_reg_2_addr_24_reg_8015                |   3|   0|    3|          0|
    |shift_reg_2_addr_25_reg_8105                |   3|   0|    3|          0|
    |shift_reg_2_addr_26_reg_8195                |   3|   0|    3|          0|
    |shift_reg_2_addr_27_reg_8285                |   3|   0|    3|          0|
    |shift_reg_2_addr_28_reg_7254                |   3|   0|    3|          0|
    |shift_reg_2_addr_29_reg_7344                |   3|   0|    3|          0|
    |shift_reg_2_addr_30_reg_7434                |   3|   0|    3|          0|
    |shift_reg_2_addr_31_reg_7439                |   3|   0|    3|          0|
    |shift_reg_3_addr_17_reg_7570                |   3|   0|    3|          0|
    |shift_reg_3_addr_18_reg_7660                |   3|   0|    3|          0|
    |shift_reg_3_addr_19_reg_7750                |   3|   0|    3|          0|
    |shift_reg_3_addr_20_reg_6879                |   3|   0|    3|          0|
    |shift_reg_3_addr_21_reg_6969                |   3|   0|    3|          0|
    |shift_reg_3_addr_22_reg_7059                |   3|   0|    3|          0|
    |shift_reg_3_addr_23_reg_7149                |   3|   0|    3|          0|
    |shift_reg_3_addr_24_reg_8020                |   3|   0|    3|          0|
    |shift_reg_3_addr_25_reg_8110                |   3|   0|    3|          0|
    |shift_reg_3_addr_26_reg_8200                |   3|   0|    3|          0|
    |shift_reg_3_addr_27_reg_8290                |   3|   0|    3|          0|
    |shift_reg_3_addr_28_reg_7259                |   3|   0|    3|          0|
    |shift_reg_3_addr_29_reg_7349                |   3|   0|    3|          0|
    |shift_reg_3_addr_30_reg_7354                |   3|   0|    3|          0|
    |shift_reg_3_addr_31_reg_7444                |   3|   0|    3|          0|
    |shift_reg_4_addr_17_reg_7575                |   3|   0|    3|          0|
    |shift_reg_4_addr_18_reg_7665                |   3|   0|    3|          0|
    |shift_reg_4_addr_19_reg_7755                |   3|   0|    3|          0|
    |shift_reg_4_addr_20_reg_6884                |   3|   0|    3|          0|
    |shift_reg_4_addr_21_reg_6974                |   3|   0|    3|          0|
    |shift_reg_4_addr_22_reg_7064                |   3|   0|    3|          0|
    |shift_reg_4_addr_23_reg_7154                |   3|   0|    3|          0|
    |shift_reg_4_addr_24_reg_8025                |   3|   0|    3|          0|
    |shift_reg_4_addr_25_reg_8115                |   3|   0|    3|          0|
    |shift_reg_4_addr_26_reg_8205                |   3|   0|    3|          0|
    |shift_reg_4_addr_27_reg_8295                |   3|   0|    3|          0|
    |shift_reg_4_addr_28_reg_7264                |   3|   0|    3|          0|
    |shift_reg_4_addr_29_reg_7269                |   3|   0|    3|          0|
    |shift_reg_4_addr_30_reg_7359                |   3|   0|    3|          0|
    |shift_reg_4_addr_31_reg_7449                |   3|   0|    3|          0|
    |shift_reg_5_addr_17_reg_7580                |   3|   0|    3|          0|
    |shift_reg_5_addr_18_reg_7670                |   3|   0|    3|          0|
    |shift_reg_5_addr_19_reg_7760                |   3|   0|    3|          0|
    |shift_reg_5_addr_20_reg_6889                |   3|   0|    3|          0|
    |shift_reg_5_addr_21_reg_6979                |   3|   0|    3|          0|
    |shift_reg_5_addr_22_reg_7069                |   3|   0|    3|          0|
    |shift_reg_5_addr_23_reg_7159                |   3|   0|    3|          0|
    |shift_reg_5_addr_24_reg_8030                |   3|   0|    3|          0|
    |shift_reg_5_addr_25_reg_8120                |   3|   0|    3|          0|
    |shift_reg_5_addr_26_reg_8210                |   3|   0|    3|          0|
    |shift_reg_5_addr_27_reg_8300                |   3|   0|    3|          0|
    |shift_reg_5_addr_28_reg_7184                |   3|   0|    3|          0|
    |shift_reg_5_addr_29_reg_7274                |   3|   0|    3|          0|
    |shift_reg_5_addr_30_reg_7364                |   3|   0|    3|          0|
    |shift_reg_5_addr_31_reg_7454                |   3|   0|    3|          0|
    |shift_reg_6_addr_17_reg_7585                |   3|   0|    3|          0|
    |shift_reg_6_addr_18_reg_7675                |   3|   0|    3|          0|
    |shift_reg_6_addr_19_reg_7765                |   3|   0|    3|          0|
    |shift_reg_6_addr_20_reg_6894                |   3|   0|    3|          0|
    |shift_reg_6_addr_21_reg_6984                |   3|   0|    3|          0|
    |shift_reg_6_addr_22_reg_7074                |   3|   0|    3|          0|
    |shift_reg_6_addr_23_reg_7164                |   3|   0|    3|          0|
    |shift_reg_6_addr_24_reg_8035                |   3|   0|    3|          0|
    |shift_reg_6_addr_25_reg_8125                |   3|   0|    3|          0|
    |shift_reg_6_addr_26_reg_8215                |   3|   0|    3|          0|
    |shift_reg_6_addr_27_reg_8220                |   3|   0|    3|          0|
    |shift_reg_6_addr_28_reg_7189                |   3|   0|    3|          0|
    |shift_reg_6_addr_29_reg_7279                |   3|   0|    3|          0|
    |shift_reg_6_addr_30_reg_7369                |   3|   0|    3|          0|
    |shift_reg_6_addr_31_reg_7459                |   3|   0|    3|          0|
    |shift_reg_7_addr_17_reg_7590                |   3|   0|    3|          0|
    |shift_reg_7_addr_18_reg_7680                |   3|   0|    3|          0|
    |shift_reg_7_addr_19_reg_7770                |   3|   0|    3|          0|
    |shift_reg_7_addr_20_reg_6899                |   3|   0|    3|          0|
    |shift_reg_7_addr_21_reg_6989                |   3|   0|    3|          0|
    |shift_reg_7_addr_22_reg_7079                |   3|   0|    3|          0|
    |shift_reg_7_addr_23_reg_7169                |   3|   0|    3|          0|
    |shift_reg_7_addr_24_reg_8040                |   3|   0|    3|          0|
    |shift_reg_7_addr_25_reg_8130                |   3|   0|    3|          0|
    |shift_reg_7_addr_26_reg_8135                |   3|   0|    3|          0|
    |shift_reg_7_addr_27_reg_8225                |   3|   0|    3|          0|
    |shift_reg_7_addr_28_reg_7194                |   3|   0|    3|          0|
    |shift_reg_7_addr_29_reg_7284                |   3|   0|    3|          0|
    |shift_reg_7_addr_30_reg_7374                |   3|   0|    3|          0|
    |shift_reg_7_addr_31_reg_7464                |   3|   0|    3|          0|
    |shift_reg_8_addr_17_reg_7595                |   3|   0|    3|          0|
    |shift_reg_8_addr_18_reg_7685                |   3|   0|    3|          0|
    |shift_reg_8_addr_19_reg_7775                |   3|   0|    3|          0|
    |shift_reg_8_addr_20_reg_6904                |   3|   0|    3|          0|
    |shift_reg_8_addr_21_reg_6994                |   3|   0|    3|          0|
    |shift_reg_8_addr_22_reg_7084                |   3|   0|    3|          0|
    |shift_reg_8_addr_23_reg_7174                |   3|   0|    3|          0|
    |shift_reg_8_addr_24_reg_8045                |   3|   0|    3|          0|
    |shift_reg_8_addr_25_reg_8050                |   3|   0|    3|          0|
    |shift_reg_8_addr_26_reg_8140                |   3|   0|    3|          0|
    |shift_reg_8_addr_27_reg_8230                |   3|   0|    3|          0|
    |shift_reg_8_addr_28_reg_7199                |   3|   0|    3|          0|
    |shift_reg_8_addr_29_reg_7289                |   3|   0|    3|          0|
    |shift_reg_8_addr_30_reg_7379                |   3|   0|    3|          0|
    |shift_reg_8_addr_31_reg_7469                |   3|   0|    3|          0|
    |shift_reg_9_addr_17_reg_7600                |   3|   0|    3|          0|
    |shift_reg_9_addr_18_reg_7690                |   3|   0|    3|          0|
    |shift_reg_9_addr_19_reg_7780                |   3|   0|    3|          0|
    |shift_reg_9_addr_20_reg_6909                |   3|   0|    3|          0|
    |shift_reg_9_addr_21_reg_6999                |   3|   0|    3|          0|
    |shift_reg_9_addr_22_reg_7089                |   3|   0|    3|          0|
    |shift_reg_9_addr_23_reg_7179                |   3|   0|    3|          0|
    |shift_reg_9_addr_24_reg_7965                |   3|   0|    3|          0|
    |shift_reg_9_addr_25_reg_8055                |   3|   0|    3|          0|
    |shift_reg_9_addr_26_reg_8145                |   3|   0|    3|          0|
    |shift_reg_9_addr_27_reg_8235                |   3|   0|    3|          0|
    |shift_reg_9_addr_28_reg_7204                |   3|   0|    3|          0|
    |shift_reg_9_addr_29_reg_7294                |   3|   0|    3|          0|
    |shift_reg_9_addr_30_reg_7384                |   3|   0|    3|          0|
    |shift_reg_9_addr_31_reg_7474                |   3|   0|    3|          0|
    |tmp_10_reg_8952                             |  32|   0|   32|          0|
    |tmp_11_reg_8957                             |  32|   0|   32|          0|
    |tmp_12_reg_8902                             |  32|   0|   32|          0|
    |tmp_13_reg_8907                             |  32|   0|   32|          0|
    |tmp_14_reg_8912                             |  32|   0|   32|          0|
    |tmp_15_reg_8917                             |  32|   0|   32|          0|
    |tmp_1_reg_8922                              |  32|   0|   32|          0|
    |tmp_2_reg_8927                              |  32|   0|   32|          0|
    |tmp_3_reg_8932                              |  32|   0|   32|          0|
    |tmp_4_reg_8937                              |  32|   0|   32|          0|
    |tmp_5_reg_8722                              |  32|   0|   32|          0|
    |tmp_6_reg_8727                              |  32|   0|   32|          0|
    |tmp_7_reg_8732                              |  32|   0|   32|          0|
    |tmp_8_reg_8737                              |  32|   0|   32|          0|
    |tmp_9_reg_8942                              |  32|   0|   32|          0|
    |tmp_reg_6690                                |   1|   0|    1|          0|
    |tmp_s_reg_8947                              |  32|   0|   32|          0|
    |trunc_ln32_reg_7524                         |   7|   0|    7|          0|
    |trunc_ln35_1_reg_7540                       |   3|   0|    3|          0|
    |trunc_ln35_reg_7536                         |   5|   0|    5|          0|
    |zext_ln35_reg_8550                          |   3|   0|   64|         61|
    |i_1_reg_6667                                |  64|  32|    8|          0|
    |tmp_reg_6690                                |  64|  32|    1|          0|
    |trunc_ln35_reg_7536                         |  64|  32|    5|          0|
    +--------------------------------------------+----+----+-----+-----------+
    |Total                                       |9247|  96| 9130|         61|
    +--------------------------------------------+----+----+-----+-----------+



================================================================
== Interface
================================================================
* Summary: 
+-----------------------+-----+-----+------------+------------------+--------------+
|       RTL Ports       | Dir | Bits|  Protocol  |   Source Object  |    C Type    |
+-----------------------+-----+-----+------------+------------------+--------------+
|ap_clk                 |   in|    1|  ap_ctrl_hs|  fir_Pipeline_MAC|  return value|
|ap_rst                 |   in|    1|  ap_ctrl_hs|  fir_Pipeline_MAC|  return value|
|ap_start               |   in|    1|  ap_ctrl_hs|  fir_Pipeline_MAC|  return value|
|ap_done                |  out|    1|  ap_ctrl_hs|  fir_Pipeline_MAC|  return value|
|ap_idle                |  out|    1|  ap_ctrl_hs|  fir_Pipeline_MAC|  return value|
|ap_ready               |  out|    1|  ap_ctrl_hs|  fir_Pipeline_MAC|  return value|
|grp_fu_207_p_din0      |  out|   64|  ap_ctrl_hs|  fir_Pipeline_MAC|  return value|
|grp_fu_207_p_din1      |  out|   66|  ap_ctrl_hs|  fir_Pipeline_MAC|  return value|
|grp_fu_207_p_dout0     |   in|  129|  ap_ctrl_hs|  fir_Pipeline_MAC|  return value|
|grp_fu_207_p_ce        |  out|    1|  ap_ctrl_hs|  fir_Pipeline_MAC|  return value|
|grp_fu_211_p_din0      |  out|   64|  ap_ctrl_hs|  fir_Pipeline_MAC|  return value|
|grp_fu_211_p_din1      |  out|   66|  ap_ctrl_hs|  fir_Pipeline_MAC|  return value|
|grp_fu_211_p_dout0     |   in|  129|  ap_ctrl_hs|  fir_Pipeline_MAC|  return value|
|grp_fu_211_p_ce        |  out|    1|  ap_ctrl_hs|  fir_Pipeline_MAC|  return value|
|grp_fu_215_p_din0      |  out|   64|  ap_ctrl_hs|  fir_Pipeline_MAC|  return value|
|grp_fu_215_p_din1      |  out|   66|  ap_ctrl_hs|  fir_Pipeline_MAC|  return value|
|grp_fu_215_p_dout0     |   in|  129|  ap_ctrl_hs|  fir_Pipeline_MAC|  return value|
|grp_fu_215_p_ce        |  out|    1|  ap_ctrl_hs|  fir_Pipeline_MAC|  return value|
|grp_fu_219_p_din0      |  out|   64|  ap_ctrl_hs|  fir_Pipeline_MAC|  return value|
|grp_fu_219_p_din1      |  out|   66|  ap_ctrl_hs|  fir_Pipeline_MAC|  return value|
|grp_fu_219_p_dout0     |   in|  129|  ap_ctrl_hs|  fir_Pipeline_MAC|  return value|
|grp_fu_219_p_ce        |  out|    1|  ap_ctrl_hs|  fir_Pipeline_MAC|  return value|
|grp_fu_223_p_din0      |  out|   64|  ap_ctrl_hs|  fir_Pipeline_MAC|  return value|
|grp_fu_223_p_din1      |  out|   66|  ap_ctrl_hs|  fir_Pipeline_MAC|  return value|
|grp_fu_223_p_dout0     |   in|  129|  ap_ctrl_hs|  fir_Pipeline_MAC|  return value|
|grp_fu_223_p_ce        |  out|    1|  ap_ctrl_hs|  fir_Pipeline_MAC|  return value|
|grp_fu_227_p_din0      |  out|   64|  ap_ctrl_hs|  fir_Pipeline_MAC|  return value|
|grp_fu_227_p_din1      |  out|   66|  ap_ctrl_hs|  fir_Pipeline_MAC|  return value|
|grp_fu_227_p_dout0     |   in|  129|  ap_ctrl_hs|  fir_Pipeline_MAC|  return value|
|grp_fu_227_p_ce        |  out|    1|  ap_ctrl_hs|  fir_Pipeline_MAC|  return value|
|grp_fu_231_p_din0      |  out|   64|  ap_ctrl_hs|  fir_Pipeline_MAC|  return value|
|grp_fu_231_p_din1      |  out|   66|  ap_ctrl_hs|  fir_Pipeline_MAC|  return value|
|grp_fu_231_p_dout0     |   in|  129|  ap_ctrl_hs|  fir_Pipeline_MAC|  return value|
|grp_fu_231_p_ce        |  out|    1|  ap_ctrl_hs|  fir_Pipeline_MAC|  return value|
|grp_fu_235_p_din0      |  out|   64|  ap_ctrl_hs|  fir_Pipeline_MAC|  return value|
|grp_fu_235_p_din1      |  out|   66|  ap_ctrl_hs|  fir_Pipeline_MAC|  return value|
|grp_fu_235_p_dout0     |   in|  129|  ap_ctrl_hs|  fir_Pipeline_MAC|  return value|
|grp_fu_235_p_ce        |  out|    1|  ap_ctrl_hs|  fir_Pipeline_MAC|  return value|
|grp_fu_239_p_din0      |  out|   64|  ap_ctrl_hs|  fir_Pipeline_MAC|  return value|
|grp_fu_239_p_din1      |  out|   66|  ap_ctrl_hs|  fir_Pipeline_MAC|  return value|
|grp_fu_239_p_dout0     |   in|  129|  ap_ctrl_hs|  fir_Pipeline_MAC|  return value|
|grp_fu_239_p_ce        |  out|    1|  ap_ctrl_hs|  fir_Pipeline_MAC|  return value|
|grp_fu_243_p_din0      |  out|   64|  ap_ctrl_hs|  fir_Pipeline_MAC|  return value|
|grp_fu_243_p_din1      |  out|   66|  ap_ctrl_hs|  fir_Pipeline_MAC|  return value|
|grp_fu_243_p_dout0     |   in|  129|  ap_ctrl_hs|  fir_Pipeline_MAC|  return value|
|grp_fu_243_p_ce        |  out|    1|  ap_ctrl_hs|  fir_Pipeline_MAC|  return value|
|grp_fu_247_p_din0      |  out|   64|  ap_ctrl_hs|  fir_Pipeline_MAC|  return value|
|grp_fu_247_p_din1      |  out|   66|  ap_ctrl_hs|  fir_Pipeline_MAC|  return value|
|grp_fu_247_p_dout0     |   in|  129|  ap_ctrl_hs|  fir_Pipeline_MAC|  return value|
|grp_fu_247_p_ce        |  out|    1|  ap_ctrl_hs|  fir_Pipeline_MAC|  return value|
|grp_fu_251_p_din0      |  out|   64|  ap_ctrl_hs|  fir_Pipeline_MAC|  return value|
|grp_fu_251_p_din1      |  out|   66|  ap_ctrl_hs|  fir_Pipeline_MAC|  return value|
|grp_fu_251_p_dout0     |   in|  129|  ap_ctrl_hs|  fir_Pipeline_MAC|  return value|
|grp_fu_251_p_ce        |  out|    1|  ap_ctrl_hs|  fir_Pipeline_MAC|  return value|
|grp_fu_255_p_din0      |  out|   64|  ap_ctrl_hs|  fir_Pipeline_MAC|  return value|
|grp_fu_255_p_din1      |  out|   66|  ap_ctrl_hs|  fir_Pipeline_MAC|  return value|
|grp_fu_255_p_dout0     |   in|  129|  ap_ctrl_hs|  fir_Pipeline_MAC|  return value|
|grp_fu_255_p_ce        |  out|    1|  ap_ctrl_hs|  fir_Pipeline_MAC|  return value|
|grp_fu_259_p_din0      |  out|   64|  ap_ctrl_hs|  fir_Pipeline_MAC|  return value|
|grp_fu_259_p_din1      |  out|   66|  ap_ctrl_hs|  fir_Pipeline_MAC|  return value|
|grp_fu_259_p_dout0     |   in|  129|  ap_ctrl_hs|  fir_Pipeline_MAC|  return value|
|grp_fu_259_p_ce        |  out|    1|  ap_ctrl_hs|  fir_Pipeline_MAC|  return value|
|grp_fu_263_p_din0      |  out|   64|  ap_ctrl_hs|  fir_Pipeline_MAC|  return value|
|grp_fu_263_p_din1      |  out|   66|  ap_ctrl_hs|  fir_Pipeline_MAC|  return value|
|grp_fu_263_p_dout0     |   in|  129|  ap_ctrl_hs|  fir_Pipeline_MAC|  return value|
|grp_fu_263_p_ce        |  out|    1|  ap_ctrl_hs|  fir_Pipeline_MAC|  return value|
|grp_fu_267_p_din0      |  out|   32|  ap_ctrl_hs|  fir_Pipeline_MAC|  return value|
|grp_fu_267_p_din1      |  out|   32|  ap_ctrl_hs|  fir_Pipeline_MAC|  return value|
|grp_fu_267_p_dout0     |   in|   32|  ap_ctrl_hs|  fir_Pipeline_MAC|  return value|
|grp_fu_267_p_ce        |  out|    1|  ap_ctrl_hs|  fir_Pipeline_MAC|  return value|
|grp_fu_271_p_din0      |  out|   32|  ap_ctrl_hs|  fir_Pipeline_MAC|  return value|
|grp_fu_271_p_din1      |  out|   32|  ap_ctrl_hs|  fir_Pipeline_MAC|  return value|
|grp_fu_271_p_dout0     |   in|   32|  ap_ctrl_hs|  fir_Pipeline_MAC|  return value|
|grp_fu_271_p_ce        |  out|    1|  ap_ctrl_hs|  fir_Pipeline_MAC|  return value|
|grp_fu_275_p_din0      |  out|   32|  ap_ctrl_hs|  fir_Pipeline_MAC|  return value|
|grp_fu_275_p_din1      |  out|   32|  ap_ctrl_hs|  fir_Pipeline_MAC|  return value|
|grp_fu_275_p_dout0     |   in|   32|  ap_ctrl_hs|  fir_Pipeline_MAC|  return value|
|grp_fu_275_p_ce        |  out|    1|  ap_ctrl_hs|  fir_Pipeline_MAC|  return value|
|grp_fu_279_p_din0      |  out|   32|  ap_ctrl_hs|  fir_Pipeline_MAC|  return value|
|grp_fu_279_p_din1      |  out|   32|  ap_ctrl_hs|  fir_Pipeline_MAC|  return value|
|grp_fu_279_p_dout0     |   in|   32|  ap_ctrl_hs|  fir_Pipeline_MAC|  return value|
|grp_fu_279_p_ce        |  out|    1|  ap_ctrl_hs|  fir_Pipeline_MAC|  return value|
|grp_fu_283_p_din0      |  out|   32|  ap_ctrl_hs|  fir_Pipeline_MAC|  return value|
|grp_fu_283_p_din1      |  out|   32|  ap_ctrl_hs|  fir_Pipeline_MAC|  return value|
|grp_fu_283_p_dout0     |   in|   32|  ap_ctrl_hs|  fir_Pipeline_MAC|  return value|
|grp_fu_283_p_ce        |  out|    1|  ap_ctrl_hs|  fir_Pipeline_MAC|  return value|
|grp_fu_287_p_din0      |  out|   32|  ap_ctrl_hs|  fir_Pipeline_MAC|  return value|
|grp_fu_287_p_din1      |  out|   32|  ap_ctrl_hs|  fir_Pipeline_MAC|  return value|
|grp_fu_287_p_dout0     |   in|   32|  ap_ctrl_hs|  fir_Pipeline_MAC|  return value|
|grp_fu_287_p_ce        |  out|    1|  ap_ctrl_hs|  fir_Pipeline_MAC|  return value|
|grp_fu_291_p_din0      |  out|   32|  ap_ctrl_hs|  fir_Pipeline_MAC|  return value|
|grp_fu_291_p_din1      |  out|   32|  ap_ctrl_hs|  fir_Pipeline_MAC|  return value|
|grp_fu_291_p_dout0     |   in|   32|  ap_ctrl_hs|  fir_Pipeline_MAC|  return value|
|grp_fu_291_p_ce        |  out|    1|  ap_ctrl_hs|  fir_Pipeline_MAC|  return value|
|grp_fu_295_p_din0      |  out|   32|  ap_ctrl_hs|  fir_Pipeline_MAC|  return value|
|grp_fu_295_p_din1      |  out|   32|  ap_ctrl_hs|  fir_Pipeline_MAC|  return value|
|grp_fu_295_p_dout0     |   in|   32|  ap_ctrl_hs|  fir_Pipeline_MAC|  return value|
|grp_fu_295_p_ce        |  out|    1|  ap_ctrl_hs|  fir_Pipeline_MAC|  return value|
|grp_fu_299_p_din0      |  out|   32|  ap_ctrl_hs|  fir_Pipeline_MAC|  return value|
|grp_fu_299_p_din1      |  out|   32|  ap_ctrl_hs|  fir_Pipeline_MAC|  return value|
|grp_fu_299_p_dout0     |   in|   32|  ap_ctrl_hs|  fir_Pipeline_MAC|  return value|
|grp_fu_299_p_ce        |  out|    1|  ap_ctrl_hs|  fir_Pipeline_MAC|  return value|
|grp_fu_303_p_din0      |  out|   32|  ap_ctrl_hs|  fir_Pipeline_MAC|  return value|
|grp_fu_303_p_din1      |  out|   32|  ap_ctrl_hs|  fir_Pipeline_MAC|  return value|
|grp_fu_303_p_dout0     |   in|   32|  ap_ctrl_hs|  fir_Pipeline_MAC|  return value|
|grp_fu_303_p_ce        |  out|    1|  ap_ctrl_hs|  fir_Pipeline_MAC|  return value|
|grp_fu_307_p_din0      |  out|   32|  ap_ctrl_hs|  fir_Pipeline_MAC|  return value|
|grp_fu_307_p_din1      |  out|   32|  ap_ctrl_hs|  fir_Pipeline_MAC|  return value|
|grp_fu_307_p_dout0     |   in|   32|  ap_ctrl_hs|  fir_Pipeline_MAC|  return value|
|grp_fu_307_p_ce        |  out|    1|  ap_ctrl_hs|  fir_Pipeline_MAC|  return value|
|grp_fu_311_p_din0      |  out|   32|  ap_ctrl_hs|  fir_Pipeline_MAC|  return value|
|grp_fu_311_p_din1      |  out|   32|  ap_ctrl_hs|  fir_Pipeline_MAC|  return value|
|grp_fu_311_p_dout0     |   in|   32|  ap_ctrl_hs|  fir_Pipeline_MAC|  return value|
|grp_fu_311_p_ce        |  out|    1|  ap_ctrl_hs|  fir_Pipeline_MAC|  return value|
|grp_fu_315_p_din0      |  out|   32|  ap_ctrl_hs|  fir_Pipeline_MAC|  return value|
|grp_fu_315_p_din1      |  out|   32|  ap_ctrl_hs|  fir_Pipeline_MAC|  return value|
|grp_fu_315_p_dout0     |   in|   32|  ap_ctrl_hs|  fir_Pipeline_MAC|  return value|
|grp_fu_315_p_ce        |  out|    1|  ap_ctrl_hs|  fir_Pipeline_MAC|  return value|
|grp_fu_319_p_din0      |  out|   32|  ap_ctrl_hs|  fir_Pipeline_MAC|  return value|
|grp_fu_319_p_din1      |  out|   32|  ap_ctrl_hs|  fir_Pipeline_MAC|  return value|
|grp_fu_319_p_dout0     |   in|   32|  ap_ctrl_hs|  fir_Pipeline_MAC|  return value|
|grp_fu_319_p_ce        |  out|    1|  ap_ctrl_hs|  fir_Pipeline_MAC|  return value|
|grp_fu_323_p_din0      |  out|   32|  ap_ctrl_hs|  fir_Pipeline_MAC|  return value|
|grp_fu_323_p_din1      |  out|   32|  ap_ctrl_hs|  fir_Pipeline_MAC|  return value|
|grp_fu_323_p_dout0     |   in|   32|  ap_ctrl_hs|  fir_Pipeline_MAC|  return value|
|grp_fu_323_p_ce        |  out|    1|  ap_ctrl_hs|  fir_Pipeline_MAC|  return value|
|grp_fu_327_p_din0      |  out|   32|  ap_ctrl_hs|  fir_Pipeline_MAC|  return value|
|grp_fu_327_p_din1      |  out|   32|  ap_ctrl_hs|  fir_Pipeline_MAC|  return value|
|grp_fu_327_p_dout0     |   in|   32|  ap_ctrl_hs|  fir_Pipeline_MAC|  return value|
|grp_fu_327_p_ce        |  out|    1|  ap_ctrl_hs|  fir_Pipeline_MAC|  return value|
|acc_out                |  out|   32|      ap_vld|           acc_out|       pointer|
|acc_out_ap_vld         |  out|    1|      ap_vld|           acc_out|       pointer|
|shift_reg_2_address0   |  out|    3|   ap_memory|       shift_reg_2|         array|
|shift_reg_2_ce0        |  out|    1|   ap_memory|       shift_reg_2|         array|
|shift_reg_2_q0         |   in|   32|   ap_memory|       shift_reg_2|         array|
|shift_reg_2_address1   |  out|    3|   ap_memory|       shift_reg_2|         array|
|shift_reg_2_ce1        |  out|    1|   ap_memory|       shift_reg_2|         array|
|shift_reg_2_q1         |   in|   32|   ap_memory|       shift_reg_2|         array|
|shift_reg_3_address0   |  out|    3|   ap_memory|       shift_reg_3|         array|
|shift_reg_3_ce0        |  out|    1|   ap_memory|       shift_reg_3|         array|
|shift_reg_3_q0         |   in|   32|   ap_memory|       shift_reg_3|         array|
|shift_reg_3_address1   |  out|    3|   ap_memory|       shift_reg_3|         array|
|shift_reg_3_ce1        |  out|    1|   ap_memory|       shift_reg_3|         array|
|shift_reg_3_q1         |   in|   32|   ap_memory|       shift_reg_3|         array|
|shift_reg_4_address0   |  out|    3|   ap_memory|       shift_reg_4|         array|
|shift_reg_4_ce0        |  out|    1|   ap_memory|       shift_reg_4|         array|
|shift_reg_4_q0         |   in|   32|   ap_memory|       shift_reg_4|         array|
|shift_reg_4_address1   |  out|    3|   ap_memory|       shift_reg_4|         array|
|shift_reg_4_ce1        |  out|    1|   ap_memory|       shift_reg_4|         array|
|shift_reg_4_q1         |   in|   32|   ap_memory|       shift_reg_4|         array|
|shift_reg_5_address0   |  out|    3|   ap_memory|       shift_reg_5|         array|
|shift_reg_5_ce0        |  out|    1|   ap_memory|       shift_reg_5|         array|
|shift_reg_5_q0         |   in|   32|   ap_memory|       shift_reg_5|         array|
|shift_reg_5_address1   |  out|    3|   ap_memory|       shift_reg_5|         array|
|shift_reg_5_ce1        |  out|    1|   ap_memory|       shift_reg_5|         array|
|shift_reg_5_q1         |   in|   32|   ap_memory|       shift_reg_5|         array|
|shift_reg_6_address0   |  out|    3|   ap_memory|       shift_reg_6|         array|
|shift_reg_6_ce0        |  out|    1|   ap_memory|       shift_reg_6|         array|
|shift_reg_6_q0         |   in|   32|   ap_memory|       shift_reg_6|         array|
|shift_reg_6_address1   |  out|    3|   ap_memory|       shift_reg_6|         array|
|shift_reg_6_ce1        |  out|    1|   ap_memory|       shift_reg_6|         array|
|shift_reg_6_q1         |   in|   32|   ap_memory|       shift_reg_6|         array|
|shift_reg_7_address0   |  out|    3|   ap_memory|       shift_reg_7|         array|
|shift_reg_7_ce0        |  out|    1|   ap_memory|       shift_reg_7|         array|
|shift_reg_7_q0         |   in|   32|   ap_memory|       shift_reg_7|         array|
|shift_reg_7_address1   |  out|    3|   ap_memory|       shift_reg_7|         array|
|shift_reg_7_ce1        |  out|    1|   ap_memory|       shift_reg_7|         array|
|shift_reg_7_q1         |   in|   32|   ap_memory|       shift_reg_7|         array|
|shift_reg_8_address0   |  out|    3|   ap_memory|       shift_reg_8|         array|
|shift_reg_8_ce0        |  out|    1|   ap_memory|       shift_reg_8|         array|
|shift_reg_8_q0         |   in|   32|   ap_memory|       shift_reg_8|         array|
|shift_reg_8_address1   |  out|    3|   ap_memory|       shift_reg_8|         array|
|shift_reg_8_ce1        |  out|    1|   ap_memory|       shift_reg_8|         array|
|shift_reg_8_q1         |   in|   32|   ap_memory|       shift_reg_8|         array|
|shift_reg_9_address0   |  out|    3|   ap_memory|       shift_reg_9|         array|
|shift_reg_9_ce0        |  out|    1|   ap_memory|       shift_reg_9|         array|
|shift_reg_9_q0         |   in|   32|   ap_memory|       shift_reg_9|         array|
|shift_reg_9_address1   |  out|    3|   ap_memory|       shift_reg_9|         array|
|shift_reg_9_ce1        |  out|    1|   ap_memory|       shift_reg_9|         array|
|shift_reg_9_q1         |   in|   32|   ap_memory|       shift_reg_9|         array|
|shift_reg_10_address0  |  out|    3|   ap_memory|      shift_reg_10|         array|
|shift_reg_10_ce0       |  out|    1|   ap_memory|      shift_reg_10|         array|
|shift_reg_10_q0        |   in|   32|   ap_memory|      shift_reg_10|         array|
|shift_reg_10_address1  |  out|    3|   ap_memory|      shift_reg_10|         array|
|shift_reg_10_ce1       |  out|    1|   ap_memory|      shift_reg_10|         array|
|shift_reg_10_q1        |   in|   32|   ap_memory|      shift_reg_10|         array|
|shift_reg_11_address0  |  out|    3|   ap_memory|      shift_reg_11|         array|
|shift_reg_11_ce0       |  out|    1|   ap_memory|      shift_reg_11|         array|
|shift_reg_11_q0        |   in|   32|   ap_memory|      shift_reg_11|         array|
|shift_reg_11_address1  |  out|    3|   ap_memory|      shift_reg_11|         array|
|shift_reg_11_ce1       |  out|    1|   ap_memory|      shift_reg_11|         array|
|shift_reg_11_q1        |   in|   32|   ap_memory|      shift_reg_11|         array|
|shift_reg_12_address0  |  out|    3|   ap_memory|      shift_reg_12|         array|
|shift_reg_12_ce0       |  out|    1|   ap_memory|      shift_reg_12|         array|
|shift_reg_12_q0        |   in|   32|   ap_memory|      shift_reg_12|         array|
|shift_reg_12_address1  |  out|    3|   ap_memory|      shift_reg_12|         array|
|shift_reg_12_ce1       |  out|    1|   ap_memory|      shift_reg_12|         array|
|shift_reg_12_q1        |   in|   32|   ap_memory|      shift_reg_12|         array|
|shift_reg_13_address0  |  out|    3|   ap_memory|      shift_reg_13|         array|
|shift_reg_13_ce0       |  out|    1|   ap_memory|      shift_reg_13|         array|
|shift_reg_13_q0        |   in|   32|   ap_memory|      shift_reg_13|         array|
|shift_reg_13_address1  |  out|    3|   ap_memory|      shift_reg_13|         array|
|shift_reg_13_ce1       |  out|    1|   ap_memory|      shift_reg_13|         array|
|shift_reg_13_q1        |   in|   32|   ap_memory|      shift_reg_13|         array|
|shift_reg_14_address0  |  out|    3|   ap_memory|      shift_reg_14|         array|
|shift_reg_14_ce0       |  out|    1|   ap_memory|      shift_reg_14|         array|
|shift_reg_14_q0        |   in|   32|   ap_memory|      shift_reg_14|         array|
|shift_reg_14_address1  |  out|    3|   ap_memory|      shift_reg_14|         array|
|shift_reg_14_ce1       |  out|    1|   ap_memory|      shift_reg_14|         array|
|shift_reg_14_q1        |   in|   32|   ap_memory|      shift_reg_14|         array|
|shift_reg_15_address0  |  out|    3|   ap_memory|      shift_reg_15|         array|
|shift_reg_15_ce0       |  out|    1|   ap_memory|      shift_reg_15|         array|
|shift_reg_15_q0        |   in|   32|   ap_memory|      shift_reg_15|         array|
|shift_reg_15_address1  |  out|    3|   ap_memory|      shift_reg_15|         array|
|shift_reg_15_ce1       |  out|    1|   ap_memory|      shift_reg_15|         array|
|shift_reg_15_q1        |   in|   32|   ap_memory|      shift_reg_15|         array|
|shift_reg_16_address0  |  out|    3|   ap_memory|      shift_reg_16|         array|
|shift_reg_16_ce0       |  out|    1|   ap_memory|      shift_reg_16|         array|
|shift_reg_16_q0        |   in|   32|   ap_memory|      shift_reg_16|         array|
|shift_reg_16_address1  |  out|    3|   ap_memory|      shift_reg_16|         array|
|shift_reg_16_ce1       |  out|    1|   ap_memory|      shift_reg_16|         array|
|shift_reg_16_q1        |   in|   32|   ap_memory|      shift_reg_16|         array|
|shift_reg_0_address0   |  out|    3|   ap_memory|       shift_reg_0|         array|
|shift_reg_0_ce0        |  out|    1|   ap_memory|       shift_reg_0|         array|
|shift_reg_0_q0         |   in|   32|   ap_memory|       shift_reg_0|         array|
|shift_reg_0_address1   |  out|    3|   ap_memory|       shift_reg_0|         array|
|shift_reg_0_ce1        |  out|    1|   ap_memory|       shift_reg_0|         array|
|shift_reg_0_q1         |   in|   32|   ap_memory|       shift_reg_0|         array|
|shift_reg_1_address0   |  out|    3|   ap_memory|       shift_reg_1|         array|
|shift_reg_1_ce0        |  out|    1|   ap_memory|       shift_reg_1|         array|
|shift_reg_1_q0         |   in|   32|   ap_memory|       shift_reg_1|         array|
|shift_reg_1_address1   |  out|    3|   ap_memory|       shift_reg_1|         array|
|shift_reg_1_ce1        |  out|    1|   ap_memory|       shift_reg_1|         array|
|shift_reg_1_q1         |   in|   32|   ap_memory|       shift_reg_1|         array|
+-----------------------+-----+-----+------------+------------------+--------------+

