

================================================================
== Vitis HLS Report for 'fir_Pipeline_TDL'
================================================================
* Date:           Mon Oct  4 12:42:18 2021

* Version:        2021.1.1 (Build 3286242 on Wed Jul 28 13:09:46 MDT 2021)
* Project:        baseline
* Solution:       solution1 (Vivado IP Flow Target)
* Product family: zynq
* Target device:  xc7z020-clg400-1


================================================================
== Performance Estimates
================================================================
+ Timing: 
    * Summary: 
    +--------+----------+----------+------------+
    |  Clock |  Target  | Estimated| Uncertainty|
    +--------+----------+----------+------------+
    |ap_clk  |  10.00 ns|  7.396 ns|     2.70 ns|
    +--------+----------+----------+------------+

+ Latency: 
    * Summary: 
    +---------+---------+----------+----------+-----+-----+---------+
    |  Latency (cycles) |  Latency (absolute) |  Interval | Pipeline|
    |   min   |   max   |    min   |    max   | min | max |   Type  |
    +---------+---------+----------+----------+-----+-----+---------+
    |       30|       30|  0.300 us|  0.300 us|   30|   30|       no|
    +---------+---------+----------+----------+-----+-----+---------+

    + Detail: 
        * Instance: 
        N/A

        * Loop: 
        +----------+---------+---------+----------+-----------+-----------+------+----------+
        |          |  Latency (cycles) | Iteration|  Initiation Interval  | Trip |          |
        | Loop Name|   min   |   max   |  Latency |  achieved |   target  | Count| Pipelined|
        +----------+---------+---------+----------+-----------+-----------+------+----------+
        |- TDL     |       28|       28|        13|          2|          1|     8|       yes|
        +----------+---------+---------+----------+-----------+-----------+------+----------+



================================================================
== Utilization Estimates
================================================================
* Summary: 
+-----------------+---------+-----+--------+-------+-----+
|       Name      | BRAM_18K| DSP |   FF   |  LUT  | URAM|
+-----------------+---------+-----+--------+-------+-----+
|DSP              |        -|    -|       -|      -|    -|
|Expression       |        -|    -|       0|    942|    -|
|FIFO             |        -|    -|       -|      -|    -|
|Instance         |        -|    0|     195|    228|    -|
|Memory           |        -|    -|       -|      -|    -|
|Multiplexer      |        -|    -|       -|   5007|    -|
|Register         |        -|    -|    3002|    736|    -|
+-----------------+---------+-----+--------+-------+-----+
|Total            |        0|    0|    3197|   6913|    0|
+-----------------+---------+-----+--------+-------+-----+
|Available        |      280|  220|  106400|  53200|    0|
+-----------------+---------+-----+--------+-------+-----+
|Utilization (%)  |        0|    0|       3|     12|    0|
+-----------------+---------+-----+--------+-------+-----+

+ Detail: 
    * Instance: 
    +------------------------+---------------------+---------+----+-----+-----+-----+
    |        Instance        |        Module       | BRAM_18K| DSP|  FF | LUT | URAM|
    +------------------------+---------------------+---------+----+-----+-----+-----+
    |mul_7ns_9ns_15_1_1_U17  |mul_7ns_9ns_15_1_1   |        0|   0|    0|   51|    0|
    |mul_7ns_9ns_15_1_1_U18  |mul_7ns_9ns_15_1_1   |        0|   0|    0|   51|    0|
    |urem_8ns_6ns_5_12_1_U1  |urem_8ns_6ns_5_12_1  |        0|   0|  195|  126|    0|
    +------------------------+---------------------+---------+----+-----+-----+-----+
    |Total                   |                     |        0|   0|  195|  228|    0|
    +------------------------+---------------------+---------+----+-----+-----+-----+

    * DSP: 
    N/A

    * Memory: 
    N/A

    * FIFO: 
    N/A

    * Expression: 
    +-------------------------+----------+----+---+----+------------+------------+
    |      Variable Name      | Operation| DSP| FF| LUT| Bitwidth P0| Bitwidth P1|
    +-------------------------+----------+----+---+----+------------+------------+
    |add_ln24_10_fu_3588_p2   |         +|   0|  0|  15|           8|           5|
    |add_ln24_11_fu_3599_p2   |         +|   0|  0|  15|           8|           5|
    |add_ln24_12_fu_3610_p2   |         +|   0|  0|  15|           8|           5|
    |add_ln24_13_fu_3621_p2   |         +|   0|  0|  15|           8|           5|
    |add_ln24_14_fu_3632_p2   |         +|   0|  0|  15|           8|           5|
    |add_ln24_15_fu_3643_p2   |         +|   0|  0|  15|           8|           6|
    |add_ln24_1_fu_3489_p2    |         +|   0|  0|  15|           8|           3|
    |add_ln24_2_fu_3500_p2    |         +|   0|  0|  15|           8|           3|
    |add_ln24_3_fu_3511_p2    |         +|   0|  0|  15|           8|           4|
    |add_ln24_4_fu_3522_p2    |         +|   0|  0|  15|           8|           4|
    |add_ln24_5_fu_3533_p2    |         +|   0|  0|  15|           8|           4|
    |add_ln24_6_fu_3544_p2    |         +|   0|  0|  15|           8|           4|
    |add_ln24_7_fu_3555_p2    |         +|   0|  0|  15|           8|           5|
    |add_ln24_8_fu_3566_p2    |         +|   0|  0|  15|           8|           5|
    |add_ln24_9_fu_3577_p2    |         +|   0|  0|  15|           8|           5|
    |add_ln24_fu_3468_p2      |         +|   0|  0|  15|           8|           2|
    |add_ln27_fu_4127_p2      |         +|   0|  0|  14|           7|           2|
    |ap_condition_2335        |       and|   0|  0|   2|           1|           1|
    |ap_condition_4925        |       and|   0|  0|   2|           1|           1|
    |ap_condition_4926        |       and|   0|  0|   2|           1|           1|
    |ap_condition_4927        |       and|   0|  0|   2|           1|           1|
    |ap_condition_4928        |       and|   0|  0|   2|           1|           1|
    |ap_condition_4929        |       and|   0|  0|   2|           1|           1|
    |ap_condition_4930        |       and|   0|  0|   2|           1|           1|
    |ap_condition_4931        |       and|   0|  0|   2|           1|           1|
    |ap_condition_4932        |       and|   0|  0|   2|           1|           1|
    |ap_condition_4933        |       and|   0|  0|   2|           1|           1|
    |ap_condition_4948        |       and|   0|  0|   2|           1|           1|
    |ap_condition_4953        |       and|   0|  0|   2|           1|           1|
    |ap_condition_4956        |       and|   0|  0|   2|           1|           1|
    |ap_condition_4959        |       and|   0|  0|   2|           1|           1|
    |ap_condition_4962        |       and|   0|  0|   2|           1|           1|
    |ap_condition_4965        |       and|   0|  0|   2|           1|           1|
    |ap_condition_4988        |       and|   0|  0|   2|           1|           1|
    |ap_condition_4993        |       and|   0|  0|   2|           1|           1|
    |ap_condition_4999        |       and|   0|  0|   2|           1|           1|
    |ap_condition_5006        |       and|   0|  0|   2|           1|           1|
    |ap_condition_5014        |       and|   0|  0|   2|           1|           1|
    |ap_condition_5023        |       and|   0|  0|   2|           1|           1|
    |ap_condition_5033        |       and|   0|  0|   2|           1|           1|
    |ap_condition_5044        |       and|   0|  0|   2|           1|           1|
    |ap_condition_5056        |       and|   0|  0|   2|           1|           1|
    |ap_condition_5069        |       and|   0|  0|   2|           1|           1|
    |ap_condition_5083        |       and|   0|  0|   2|           1|           1|
    |ap_condition_5098        |       and|   0|  0|   2|           1|           1|
    |ap_condition_5114        |       and|   0|  0|   2|           1|           1|
    |ap_condition_5131        |       and|   0|  0|   2|           1|           1|
    |ap_condition_5137        |       and|   0|  0|   2|           1|           1|
    |ap_condition_5140        |       and|   0|  0|   2|           1|           1|
    |ap_condition_5143        |       and|   0|  0|   2|           1|           1|
    |ap_condition_5146        |       and|   0|  0|   2|           1|           1|
    |ap_condition_5154        |       and|   0|  0|   2|           1|           1|
    |ap_condition_5157        |       and|   0|  0|   2|           1|           1|
    |ap_condition_5160        |       and|   0|  0|   2|           1|           1|
    |ap_condition_5163        |       and|   0|  0|   2|           1|           1|
    |ap_condition_5166        |       and|   0|  0|   2|           1|           1|
    |ap_condition_5169        |       and|   0|  0|   2|           1|           1|
    |ap_condition_5172        |       and|   0|  0|   2|           1|           1|
    |ap_condition_5175        |       and|   0|  0|   2|           1|           1|
    |ap_condition_5178        |       and|   0|  0|   2|           1|           1|
    |ap_condition_5181        |       and|   0|  0|   2|           1|           1|
    |ap_condition_5185        |       and|   0|  0|   2|           1|           1|
    |ap_condition_5188        |       and|   0|  0|   2|           1|           1|
    |ap_condition_5191        |       and|   0|  0|   2|           1|           1|
    |ap_condition_5198        |       and|   0|  0|   2|           1|           1|
    |ap_condition_5201        |       and|   0|  0|   2|           1|           1|
    |ap_condition_5204        |       and|   0|  0|   2|           1|           1|
    |ap_condition_5207        |       and|   0|  0|   2|           1|           1|
    |ap_condition_5210        |       and|   0|  0|   2|           1|           1|
    |ap_condition_5213        |       and|   0|  0|   2|           1|           1|
    |ap_condition_5216        |       and|   0|  0|   2|           1|           1|
    |ap_condition_5219        |       and|   0|  0|   2|           1|           1|
    |ap_condition_5222        |       and|   0|  0|   2|           1|           1|
    |ap_condition_5225        |       and|   0|  0|   2|           1|           1|
    |ap_condition_5228        |       and|   0|  0|   2|           1|           1|
    |ap_condition_5232        |       and|   0|  0|   2|           1|           1|
    |ap_condition_5235        |       and|   0|  0|   2|           1|           1|
    |ap_condition_5241        |       and|   0|  0|   2|           1|           1|
    |ap_condition_5244        |       and|   0|  0|   2|           1|           1|
    |ap_condition_5247        |       and|   0|  0|   2|           1|           1|
    |ap_condition_5250        |       and|   0|  0|   2|           1|           1|
    |ap_condition_5253        |       and|   0|  0|   2|           1|           1|
    |ap_condition_5256        |       and|   0|  0|   2|           1|           1|
    |ap_condition_5259        |       and|   0|  0|   2|           1|           1|
    |ap_condition_5262        |       and|   0|  0|   2|           1|           1|
    |ap_condition_5265        |       and|   0|  0|   2|           1|           1|
    |ap_condition_5268        |       and|   0|  0|   2|           1|           1|
    |ap_condition_5271        |       and|   0|  0|   2|           1|           1|
    |ap_condition_5274        |       and|   0|  0|   2|           1|           1|
    |ap_condition_5278        |       and|   0|  0|   2|           1|           1|
    |ap_condition_5283        |       and|   0|  0|   2|           1|           1|
    |ap_condition_5286        |       and|   0|  0|   2|           1|           1|
    |ap_condition_5289        |       and|   0|  0|   2|           1|           1|
    |ap_condition_5292        |       and|   0|  0|   2|           1|           1|
    |ap_condition_5295        |       and|   0|  0|   2|           1|           1|
    |ap_condition_5298        |       and|   0|  0|   2|           1|           1|
    |ap_condition_5301        |       and|   0|  0|   2|           1|           1|
    |ap_condition_5304        |       and|   0|  0|   2|           1|           1|
    |ap_condition_5307        |       and|   0|  0|   2|           1|           1|
    |ap_condition_5310        |       and|   0|  0|   2|           1|           1|
    |ap_condition_5313        |       and|   0|  0|   2|           1|           1|
    |ap_condition_5316        |       and|   0|  0|   2|           1|           1|
    |ap_condition_5319        |       and|   0|  0|   2|           1|           1|
    |ap_condition_5324        |       and|   0|  0|   2|           1|           1|
    |ap_condition_5327        |       and|   0|  0|   2|           1|           1|
    |ap_condition_5330        |       and|   0|  0|   2|           1|           1|
    |ap_condition_5333        |       and|   0|  0|   2|           1|           1|
    |ap_condition_5336        |       and|   0|  0|   2|           1|           1|
    |ap_condition_5339        |       and|   0|  0|   2|           1|           1|
    |ap_condition_5342        |       and|   0|  0|   2|           1|           1|
    |ap_condition_5345        |       and|   0|  0|   2|           1|           1|
    |ap_condition_5348        |       and|   0|  0|   2|           1|           1|
    |ap_condition_5351        |       and|   0|  0|   2|           1|           1|
    |ap_condition_5354        |       and|   0|  0|   2|           1|           1|
    |ap_condition_5357        |       and|   0|  0|   2|           1|           1|
    |ap_condition_5360        |       and|   0|  0|   2|           1|           1|
    |ap_condition_5363        |       and|   0|  0|   2|           1|           1|
    |ap_condition_5366        |       and|   0|  0|   2|           1|           1|
    |ap_condition_5369        |       and|   0|  0|   2|           1|           1|
    |ap_condition_5372        |       and|   0|  0|   2|           1|           1|
    |ap_condition_5375        |       and|   0|  0|   2|           1|           1|
    |ap_condition_5378        |       and|   0|  0|   2|           1|           1|
    |ap_condition_5381        |       and|   0|  0|   2|           1|           1|
    |ap_condition_5384        |       and|   0|  0|   2|           1|           1|
    |ap_condition_5387        |       and|   0|  0|   2|           1|           1|
    |ap_condition_5390        |       and|   0|  0|   2|           1|           1|
    |ap_condition_5393        |       and|   0|  0|   2|           1|           1|
    |ap_condition_5396        |       and|   0|  0|   2|           1|           1|
    |ap_condition_5399        |       and|   0|  0|   2|           1|           1|
    |ap_condition_5402        |       and|   0|  0|   2|           1|           1|
    |ap_condition_5405        |       and|   0|  0|   2|           1|           1|
    |ap_condition_5408        |       and|   0|  0|   2|           1|           1|
    |ap_condition_5412        |       and|   0|  0|   2|           1|           1|
    |ap_condition_5415        |       and|   0|  0|   2|           1|           1|
    |ap_condition_5418        |       and|   0|  0|   2|           1|           1|
    |ap_condition_5421        |       and|   0|  0|   2|           1|           1|
    |ap_condition_5424        |       and|   0|  0|   2|           1|           1|
    |ap_condition_5427        |       and|   0|  0|   2|           1|           1|
    |ap_condition_5430        |       and|   0|  0|   2|           1|           1|
    |ap_condition_5433        |       and|   0|  0|   2|           1|           1|
    |ap_condition_5436        |       and|   0|  0|   2|           1|           1|
    |ap_condition_5439        |       and|   0|  0|   2|           1|           1|
    |ap_condition_5442        |       and|   0|  0|   2|           1|           1|
    |ap_condition_5445        |       and|   0|  0|   2|           1|           1|
    |ap_condition_5448        |       and|   0|  0|   2|           1|           1|
    |ap_condition_5451        |       and|   0|  0|   2|           1|           1|
    |ap_condition_5455        |       and|   0|  0|   2|           1|           1|
    |ap_condition_5458        |       and|   0|  0|   2|           1|           1|
    |ap_condition_5461        |       and|   0|  0|   2|           1|           1|
    |ap_condition_5464        |       and|   0|  0|   2|           1|           1|
    |ap_condition_5467        |       and|   0|  0|   2|           1|           1|
    |ap_condition_5470        |       and|   0|  0|   2|           1|           1|
    |ap_condition_5473        |       and|   0|  0|   2|           1|           1|
    |ap_condition_5476        |       and|   0|  0|   2|           1|           1|
    |ap_condition_5479        |       and|   0|  0|   2|           1|           1|
    |ap_condition_5482        |       and|   0|  0|   2|           1|           1|
    |ap_condition_5485        |       and|   0|  0|   2|           1|           1|
    |ap_condition_5488        |       and|   0|  0|   2|           1|           1|
    |ap_condition_5491        |       and|   0|  0|   2|           1|           1|
    |ap_condition_5508        |       and|   0|  0|   2|           1|           1|
    |ap_condition_5512        |       and|   0|  0|   2|           1|           1|
    |ap_condition_5515        |       and|   0|  0|   2|           1|           1|
    |ap_condition_5518        |       and|   0|  0|   2|           1|           1|
    |ap_condition_5521        |       and|   0|  0|   2|           1|           1|
    |ap_condition_5524        |       and|   0|  0|   2|           1|           1|
    |ap_condition_5527        |       and|   0|  0|   2|           1|           1|
    |ap_condition_5530        |       and|   0|  0|   2|           1|           1|
    |ap_condition_5533        |       and|   0|  0|   2|           1|           1|
    |ap_condition_5536        |       and|   0|  0|   2|           1|           1|
    |ap_condition_5539        |       and|   0|  0|   2|           1|           1|
    |ap_condition_5542        |       and|   0|  0|   2|           1|           1|
    |ap_condition_5545        |       and|   0|  0|   2|           1|           1|
    |ap_condition_5561        |       and|   0|  0|   2|           1|           1|
    |ap_condition_5564        |       and|   0|  0|   2|           1|           1|
    |ap_condition_5568        |       and|   0|  0|   2|           1|           1|
    |ap_condition_5571        |       and|   0|  0|   2|           1|           1|
    |ap_condition_5574        |       and|   0|  0|   2|           1|           1|
    |ap_condition_5577        |       and|   0|  0|   2|           1|           1|
    |ap_condition_5580        |       and|   0|  0|   2|           1|           1|
    |ap_condition_5583        |       and|   0|  0|   2|           1|           1|
    |ap_condition_5586        |       and|   0|  0|   2|           1|           1|
    |ap_condition_5589        |       and|   0|  0|   2|           1|           1|
    |ap_condition_5592        |       and|   0|  0|   2|           1|           1|
    |ap_condition_5595        |       and|   0|  0|   2|           1|           1|
    |ap_condition_5598        |       and|   0|  0|   2|           1|           1|
    |ap_condition_5613        |       and|   0|  0|   2|           1|           1|
    |ap_condition_5616        |       and|   0|  0|   2|           1|           1|
    |ap_condition_5619        |       and|   0|  0|   2|           1|           1|
    |ap_condition_5623        |       and|   0|  0|   2|           1|           1|
    |ap_condition_5626        |       and|   0|  0|   2|           1|           1|
    |ap_condition_5629        |       and|   0|  0|   2|           1|           1|
    |ap_condition_5632        |       and|   0|  0|   2|           1|           1|
    |ap_condition_5635        |       and|   0|  0|   2|           1|           1|
    |ap_condition_5638        |       and|   0|  0|   2|           1|           1|
    |ap_condition_5641        |       and|   0|  0|   2|           1|           1|
    |ap_condition_5644        |       and|   0|  0|   2|           1|           1|
    |ap_condition_5647        |       and|   0|  0|   2|           1|           1|
    |ap_condition_5650        |       and|   0|  0|   2|           1|           1|
    |ap_condition_5664        |       and|   0|  0|   2|           1|           1|
    |ap_condition_5667        |       and|   0|  0|   2|           1|           1|
    |ap_condition_5670        |       and|   0|  0|   2|           1|           1|
    |ap_condition_5673        |       and|   0|  0|   2|           1|           1|
    |ap_condition_5677        |       and|   0|  0|   2|           1|           1|
    |ap_condition_5680        |       and|   0|  0|   2|           1|           1|
    |ap_condition_5683        |       and|   0|  0|   2|           1|           1|
    |ap_condition_5686        |       and|   0|  0|   2|           1|           1|
    |ap_condition_5689        |       and|   0|  0|   2|           1|           1|
    |ap_condition_5692        |       and|   0|  0|   2|           1|           1|
    |ap_condition_5695        |       and|   0|  0|   2|           1|           1|
    |ap_condition_5698        |       and|   0|  0|   2|           1|           1|
    |ap_condition_5701        |       and|   0|  0|   2|           1|           1|
    |ap_condition_5714        |       and|   0|  0|   2|           1|           1|
    |ap_condition_5717        |       and|   0|  0|   2|           1|           1|
    |ap_condition_5720        |       and|   0|  0|   2|           1|           1|
    |ap_condition_5723        |       and|   0|  0|   2|           1|           1|
    |ap_condition_5726        |       and|   0|  0|   2|           1|           1|
    |ap_condition_5730        |       and|   0|  0|   2|           1|           1|
    |ap_condition_5733        |       and|   0|  0|   2|           1|           1|
    |ap_condition_5736        |       and|   0|  0|   2|           1|           1|
    |ap_condition_5739        |       and|   0|  0|   2|           1|           1|
    |ap_condition_5742        |       and|   0|  0|   2|           1|           1|
    |ap_condition_5745        |       and|   0|  0|   2|           1|           1|
    |ap_condition_5748        |       and|   0|  0|   2|           1|           1|
    |ap_condition_5751        |       and|   0|  0|   2|           1|           1|
    |ap_condition_5763        |       and|   0|  0|   2|           1|           1|
    |ap_condition_5766        |       and|   0|  0|   2|           1|           1|
    |ap_condition_5769        |       and|   0|  0|   2|           1|           1|
    |ap_condition_5772        |       and|   0|  0|   2|           1|           1|
    |ap_condition_5775        |       and|   0|  0|   2|           1|           1|
    |ap_condition_5778        |       and|   0|  0|   2|           1|           1|
    |ap_condition_5782        |       and|   0|  0|   2|           1|           1|
    |ap_condition_5785        |       and|   0|  0|   2|           1|           1|
    |ap_condition_5788        |       and|   0|  0|   2|           1|           1|
    |ap_condition_5791        |       and|   0|  0|   2|           1|           1|
    |ap_condition_5794        |       and|   0|  0|   2|           1|           1|
    |ap_condition_5797        |       and|   0|  0|   2|           1|           1|
    |ap_condition_5800        |       and|   0|  0|   2|           1|           1|
    |ap_condition_5811        |       and|   0|  0|   2|           1|           1|
    |ap_condition_5814        |       and|   0|  0|   2|           1|           1|
    |ap_condition_5817        |       and|   0|  0|   2|           1|           1|
    |ap_condition_5820        |       and|   0|  0|   2|           1|           1|
    |ap_condition_5823        |       and|   0|  0|   2|           1|           1|
    |ap_condition_5826        |       and|   0|  0|   2|           1|           1|
    |ap_condition_5829        |       and|   0|  0|   2|           1|           1|
    |ap_condition_5833        |       and|   0|  0|   2|           1|           1|
    |ap_condition_5836        |       and|   0|  0|   2|           1|           1|
    |ap_condition_5839        |       and|   0|  0|   2|           1|           1|
    |ap_condition_5842        |       and|   0|  0|   2|           1|           1|
    |ap_condition_5845        |       and|   0|  0|   2|           1|           1|
    |ap_condition_5848        |       and|   0|  0|   2|           1|           1|
    |ap_condition_5858        |       and|   0|  0|   2|           1|           1|
    |ap_condition_5861        |       and|   0|  0|   2|           1|           1|
    |ap_condition_5864        |       and|   0|  0|   2|           1|           1|
    |ap_condition_5867        |       and|   0|  0|   2|           1|           1|
    |ap_condition_5870        |       and|   0|  0|   2|           1|           1|
    |ap_condition_5873        |       and|   0|  0|   2|           1|           1|
    |ap_condition_5876        |       and|   0|  0|   2|           1|           1|
    |ap_condition_5879        |       and|   0|  0|   2|           1|           1|
    |ap_condition_5883        |       and|   0|  0|   2|           1|           1|
    |ap_condition_5886        |       and|   0|  0|   2|           1|           1|
    |ap_condition_5889        |       and|   0|  0|   2|           1|           1|
    |ap_condition_5892        |       and|   0|  0|   2|           1|           1|
    |ap_condition_5895        |       and|   0|  0|   2|           1|           1|
    |ap_condition_5904        |       and|   0|  0|   2|           1|           1|
    |ap_condition_5907        |       and|   0|  0|   2|           1|           1|
    |ap_condition_5910        |       and|   0|  0|   2|           1|           1|
    |ap_condition_5913        |       and|   0|  0|   2|           1|           1|
    |ap_condition_5916        |       and|   0|  0|   2|           1|           1|
    |ap_condition_5919        |       and|   0|  0|   2|           1|           1|
    |ap_condition_5922        |       and|   0|  0|   2|           1|           1|
    |ap_condition_5925        |       and|   0|  0|   2|           1|           1|
    |ap_condition_5928        |       and|   0|  0|   2|           1|           1|
    |icmp_ln24_10_fu_3582_p2  |      icmp|   0|  0|  11|           8|           1|
    |icmp_ln24_11_fu_3593_p2  |      icmp|   0|  0|  11|           8|           1|
    |icmp_ln24_12_fu_3604_p2  |      icmp|   0|  0|  11|           8|           1|
    |icmp_ln24_13_fu_3615_p2  |      icmp|   0|  0|  11|           8|           1|
    |icmp_ln24_14_fu_3626_p2  |      icmp|   0|  0|  11|           8|           1|
    |icmp_ln24_15_fu_3637_p2  |      icmp|   0|  0|  11|           8|           1|
    |icmp_ln24_1_fu_3480_p2   |      icmp|   0|  0|  11|           8|           1|
    |icmp_ln24_2_fu_3494_p2   |      icmp|   0|  0|  11|           8|           1|
    |icmp_ln24_3_fu_3505_p2   |      icmp|   0|  0|  11|           8|           1|
    |icmp_ln24_4_fu_3516_p2   |      icmp|   0|  0|  11|           8|           1|
    |icmp_ln24_5_fu_3527_p2   |      icmp|   0|  0|  11|           8|           1|
    |icmp_ln24_6_fu_3538_p2   |      icmp|   0|  0|  11|           8|           1|
    |icmp_ln24_7_fu_3549_p2   |      icmp|   0|  0|  11|           8|           1|
    |icmp_ln24_8_fu_3560_p2   |      icmp|   0|  0|  11|           8|           1|
    |icmp_ln24_9_fu_3571_p2   |      icmp|   0|  0|  11|           8|           1|
    |icmp_ln24_fu_3462_p2     |      icmp|   0|  0|  11|           8|           1|
    |ap_enable_pp0            |       xor|   0|  0|   2|           1|           2|
    +-------------------------+----------+----+---+----+------------+------------+
    |Total                    |          |   0|  0| 942|         519|         345|
    +-------------------------+----------+----+---+----+------------+------------+

    * Multiplexer: 
    +----------------------------------------+-----+-----------+-----+-----------+
    |                  Name                  | LUT | Input Size| Bits| Total Bits|
    +----------------------------------------+-----+-----------+-----+-----------+
    |ap_NS_fsm                               |   14|          3|    1|          3|
    |ap_done_int                             |    9|          2|    1|          2|
    |ap_enable_reg_pp0_iter0                 |    9|          2|    1|          2|
    |ap_enable_reg_pp0_iter6                 |    9|          2|    1|          2|
    |ap_loop_exit_ready_pp0_iter1_reg        |    9|          2|    1|          2|
    |ap_loop_exit_ready_pp0_iter2_reg        |    9|          2|    1|          2|
    |ap_loop_exit_ready_pp0_iter3_reg        |    9|          2|    1|          2|
    |ap_loop_exit_ready_pp0_iter4_reg        |    9|          2|    1|          2|
    |ap_loop_exit_ready_pp0_iter5_reg        |    9|          2|    1|          2|
    |ap_loop_exit_ready_pp0_iter6_reg        |    9|          2|    1|          2|
    |ap_phi_mux_phi_ln27_10_phi_fu_3019_p34  |   87|         18|   32|        576|
    |ap_phi_mux_phi_ln27_11_phi_fu_3092_p34  |   87|         18|   32|        576|
    |ap_phi_mux_phi_ln27_12_phi_fu_3165_p34  |   87|         18|   32|        576|
    |ap_phi_mux_phi_ln27_13_phi_fu_3238_p34  |   87|         18|   32|        576|
    |ap_phi_mux_phi_ln27_14_phi_fu_3311_p34  |   87|         18|   32|        576|
    |ap_phi_mux_phi_ln27_15_phi_fu_3384_p34  |   87|         18|   32|        576|
    |ap_phi_mux_phi_ln27_1_phi_fu_2362_p34   |   87|         18|   32|        576|
    |ap_phi_mux_phi_ln27_2_phi_fu_2435_p34   |   87|         18|   32|        576|
    |ap_phi_mux_phi_ln27_3_phi_fu_2508_p34   |   87|         18|   32|        576|
    |ap_phi_mux_phi_ln27_4_phi_fu_2581_p34   |   87|         18|   32|        576|
    |ap_phi_mux_phi_ln27_5_phi_fu_2654_p34   |   87|         18|   32|        576|
    |ap_phi_mux_phi_ln27_6_phi_fu_2727_p34   |   87|         18|   32|        576|
    |ap_phi_mux_phi_ln27_7_phi_fu_2800_p34   |   87|         18|   32|        576|
    |ap_phi_mux_phi_ln27_8_phi_fu_2873_p34   |   87|         18|   32|        576|
    |ap_phi_mux_phi_ln27_9_phi_fu_2946_p34   |   87|         18|   32|        576|
    |ap_phi_mux_phi_ln27_phi_fu_2289_p34     |   87|         18|   32|        576|
    |ap_sig_allocacmp_i_0_load               |    9|          2|    8|         16|
    |i_0_fu_140                              |    9|          2|    8|         16|
    |shift_reg_0_address0                    |  125|         28|    3|         84|
    |shift_reg_0_d0                          |   81|         17|   32|        544|
    |shift_reg_10_address0                   |  125|         28|    3|         84|
    |shift_reg_10_d0                         |   81|         17|   32|        544|
    |shift_reg_11_address0                   |  125|         28|    3|         84|
    |shift_reg_11_d0                         |   81|         17|   32|        544|
    |shift_reg_12_address0                   |  125|         28|    3|         84|
    |shift_reg_12_d0                         |   81|         17|   32|        544|
    |shift_reg_13_address0                   |  125|         28|    3|         84|
    |shift_reg_13_d0                         |   81|         17|   32|        544|
    |shift_reg_14_address0                   |  125|         28|    3|         84|
    |shift_reg_14_d0                         |   81|         17|   32|        544|
    |shift_reg_15_address0                   |  125|         28|    3|         84|
    |shift_reg_15_d0                         |   81|         17|   32|        544|
    |shift_reg_16_address0                   |  125|         28|    3|         84|
    |shift_reg_16_d0                         |   81|         17|   32|        544|
    |shift_reg_1_address0                    |  125|         28|    3|         84|
    |shift_reg_1_d0                          |   81|         17|   32|        544|
    |shift_reg_2_address0                    |  125|         28|    3|         84|
    |shift_reg_2_d0                          |   81|         17|   32|        544|
    |shift_reg_3_address0                    |  125|         28|    3|         84|
    |shift_reg_3_d0                          |   81|         17|   32|        544|
    |shift_reg_4_address0                    |  125|         28|    3|         84|
    |shift_reg_4_d0                          |   81|         17|   32|        544|
    |shift_reg_5_address0                    |  125|         28|    3|         84|
    |shift_reg_5_d0                          |   81|         17|   32|        544|
    |shift_reg_6_address0                    |  125|         28|    3|         84|
    |shift_reg_6_d0                          |   81|         17|   32|        544|
    |shift_reg_7_address0                    |  125|         28|    3|         84|
    |shift_reg_7_d0                          |   81|         17|   32|        544|
    |shift_reg_8_address0                    |  125|         28|    3|         84|
    |shift_reg_8_d0                          |   81|         17|   32|        544|
    |shift_reg_9_address0                    |  125|         28|    3|         84|
    |shift_reg_9_d0                          |   81|         17|   32|        544|
    +----------------------------------------+-----+-----------+-----+-----------+
    |Total                                   | 5007|       1078| 1133|      19945|
    +----------------------------------------+-----+-----------+-----+-----------+

    * Register: 
    +---------------------------------------------+----+----+-----+-----------+
    |                     Name                    | FF | LUT| Bits| Const Bits|
    +---------------------------------------------+----+----+-----+-----------+
    |add_ln24_10_reg_4525                         |   8|   0|    8|          0|
    |add_ln24_11_reg_4534                         |   8|   0|    8|          0|
    |add_ln24_12_reg_4543                         |   8|   0|    8|          0|
    |add_ln24_13_reg_4552                         |   8|   0|    8|          0|
    |add_ln24_14_reg_4561                         |   8|   0|    8|          0|
    |add_ln24_15_reg_4570                         |   8|   0|    8|          0|
    |add_ln24_1_reg_4444                          |   8|   0|    8|          0|
    |add_ln24_1_reg_4444_pp0_iter1_reg            |   8|   0|    8|          0|
    |add_ln24_2_reg_4453                          |   8|   0|    8|          0|
    |add_ln24_2_reg_4453_pp0_iter1_reg            |   8|   0|    8|          0|
    |add_ln24_3_reg_4462                          |   8|   0|    8|          0|
    |add_ln24_3_reg_4462_pp0_iter1_reg            |   8|   0|    8|          0|
    |add_ln24_4_reg_4471                          |   8|   0|    8|          0|
    |add_ln24_4_reg_4471_pp0_iter1_reg            |   8|   0|    8|          0|
    |add_ln24_5_reg_4480                          |   8|   0|    8|          0|
    |add_ln24_5_reg_4480_pp0_iter1_reg            |   8|   0|    8|          0|
    |add_ln24_6_reg_4489                          |   8|   0|    8|          0|
    |add_ln24_6_reg_4489_pp0_iter1_reg            |   8|   0|    8|          0|
    |add_ln24_7_reg_4498                          |   8|   0|    8|          0|
    |add_ln24_7_reg_4498_pp0_iter1_reg            |   8|   0|    8|          0|
    |add_ln24_8_reg_4507                          |   8|   0|    8|          0|
    |add_ln24_8_reg_4507_pp0_iter1_reg            |   8|   0|    8|          0|
    |add_ln24_9_reg_4516                          |   8|   0|    8|          0|
    |add_ln24_9_reg_4516_pp0_iter1_reg            |   8|   0|    8|          0|
    |ap_CS_fsm                                    |   2|   0|    2|          0|
    |ap_done_reg                                  |   1|   0|    1|          0|
    |ap_enable_reg_pp0_iter0_reg                  |   1|   0|    1|          0|
    |ap_enable_reg_pp0_iter1                      |   1|   0|    1|          0|
    |ap_enable_reg_pp0_iter2                      |   1|   0|    1|          0|
    |ap_enable_reg_pp0_iter3                      |   1|   0|    1|          0|
    |ap_enable_reg_pp0_iter4                      |   1|   0|    1|          0|
    |ap_enable_reg_pp0_iter5                      |   1|   0|    1|          0|
    |ap_enable_reg_pp0_iter6                      |   1|   0|    1|          0|
    |ap_loop_exit_ready_pp0_iter1_reg             |   1|   0|    1|          0|
    |ap_loop_exit_ready_pp0_iter2_reg             |   1|   0|    1|          0|
    |ap_loop_exit_ready_pp0_iter3_reg             |   1|   0|    1|          0|
    |ap_loop_exit_ready_pp0_iter4_reg             |   1|   0|    1|          0|
    |ap_loop_exit_ready_pp0_iter5_reg             |   1|   0|    1|          0|
    |ap_loop_exit_ready_pp0_iter6_reg             |   1|   0|    1|          0|
    |i_0_fu_140                                   |   8|   0|    8|          0|
    |i_0_load_reg_4409                            |   8|   0|    8|          0|
    |icmp_ln24_10_reg_4521                        |   1|   0|    1|          0|
    |icmp_ln24_11_reg_4530                        |   1|   0|    1|          0|
    |icmp_ln24_12_reg_4539                        |   1|   0|    1|          0|
    |icmp_ln24_13_reg_4548                        |   1|   0|    1|          0|
    |icmp_ln24_14_reg_4557                        |   1|   0|    1|          0|
    |icmp_ln24_15_reg_4566                        |   1|   0|    1|          0|
    |icmp_ln24_1_reg_4434                         |   1|   0|    1|          0|
    |icmp_ln24_2_reg_4449                         |   1|   0|    1|          0|
    |icmp_ln24_3_reg_4458                         |   1|   0|    1|          0|
    |icmp_ln24_4_reg_4467                         |   1|   0|    1|          0|
    |icmp_ln24_5_reg_4476                         |   1|   0|    1|          0|
    |icmp_ln24_6_reg_4485                         |   1|   0|    1|          0|
    |icmp_ln24_7_reg_4494                         |   1|   0|    1|          0|
    |icmp_ln24_8_reg_4503                         |   1|   0|    1|          0|
    |icmp_ln24_9_reg_4512                         |   1|   0|    1|          0|
    |icmp_ln24_reg_4430                           |   1|   0|    1|          0|
    |shift_reg_0_addr_10_reg_5380                 |   3|   0|    3|          0|
    |shift_reg_0_addr_10_reg_5380_pp0_iter5_reg   |   3|   0|    3|          0|
    |shift_reg_0_addr_11_reg_5475                 |   3|   0|    3|          0|
    |shift_reg_0_addr_12_reg_5565                 |   3|   0|    3|          0|
    |shift_reg_0_addr_13_reg_5655                 |   3|   0|    3|          0|
    |shift_reg_0_addr_14_reg_5745                 |   3|   0|    3|          0|
    |shift_reg_0_addr_15_reg_5835                 |   3|   0|    3|          0|
    |shift_reg_0_addr_16_reg_5925                 |   3|   0|    3|          0|
    |shift_reg_0_addr_2_reg_4660                  |   3|   0|    3|          0|
    |shift_reg_0_addr_2_reg_4660_pp0_iter5_reg    |   3|   0|    3|          0|
    |shift_reg_0_addr_3_reg_4750                  |   3|   0|    3|          0|
    |shift_reg_0_addr_3_reg_4750_pp0_iter5_reg    |   3|   0|    3|          0|
    |shift_reg_0_addr_4_reg_4840                  |   3|   0|    3|          0|
    |shift_reg_0_addr_4_reg_4840_pp0_iter5_reg    |   3|   0|    3|          0|
    |shift_reg_0_addr_5_reg_4930                  |   3|   0|    3|          0|
    |shift_reg_0_addr_5_reg_4930_pp0_iter5_reg    |   3|   0|    3|          0|
    |shift_reg_0_addr_6_reg_5020                  |   3|   0|    3|          0|
    |shift_reg_0_addr_6_reg_5020_pp0_iter5_reg    |   3|   0|    3|          0|
    |shift_reg_0_addr_7_reg_5110                  |   3|   0|    3|          0|
    |shift_reg_0_addr_7_reg_5110_pp0_iter5_reg    |   3|   0|    3|          0|
    |shift_reg_0_addr_8_reg_5200                  |   3|   0|    3|          0|
    |shift_reg_0_addr_8_reg_5200_pp0_iter5_reg    |   3|   0|    3|          0|
    |shift_reg_0_addr_9_reg_5290                  |   3|   0|    3|          0|
    |shift_reg_0_addr_9_reg_5290_pp0_iter5_reg    |   3|   0|    3|          0|
    |shift_reg_0_addr_reg_5939                    |   3|   0|    3|          0|
    |shift_reg_10_addr_10_reg_5345                |   3|   0|    3|          0|
    |shift_reg_10_addr_10_reg_5345_pp0_iter5_reg  |   3|   0|    3|          0|
    |shift_reg_10_addr_11_reg_5440                |   3|   0|    3|          0|
    |shift_reg_10_addr_12_reg_5530                |   3|   0|    3|          0|
    |shift_reg_10_addr_13_reg_5620                |   3|   0|    3|          0|
    |shift_reg_10_addr_14_reg_5710                |   3|   0|    3|          0|
    |shift_reg_10_addr_15_reg_5800                |   3|   0|    3|          0|
    |shift_reg_10_addr_16_reg_5890                |   3|   0|    3|          0|
    |shift_reg_10_addr_2_reg_4710                 |   3|   0|    3|          0|
    |shift_reg_10_addr_2_reg_4710_pp0_iter5_reg   |   3|   0|    3|          0|
    |shift_reg_10_addr_3_reg_4800                 |   3|   0|    3|          0|
    |shift_reg_10_addr_3_reg_4800_pp0_iter5_reg   |   3|   0|    3|          0|
    |shift_reg_10_addr_4_reg_4890                 |   3|   0|    3|          0|
    |shift_reg_10_addr_4_reg_4890_pp0_iter5_reg   |   3|   0|    3|          0|
    |shift_reg_10_addr_5_reg_4980                 |   3|   0|    3|          0|
    |shift_reg_10_addr_5_reg_4980_pp0_iter5_reg   |   3|   0|    3|          0|
    |shift_reg_10_addr_6_reg_5070                 |   3|   0|    3|          0|
    |shift_reg_10_addr_6_reg_5070_pp0_iter5_reg   |   3|   0|    3|          0|
    |shift_reg_10_addr_7_reg_5075                 |   3|   0|    3|          0|
    |shift_reg_10_addr_7_reg_5075_pp0_iter5_reg   |   3|   0|    3|          0|
    |shift_reg_10_addr_8_reg_5165                 |   3|   0|    3|          0|
    |shift_reg_10_addr_8_reg_5165_pp0_iter5_reg   |   3|   0|    3|          0|
    |shift_reg_10_addr_9_reg_5255                 |   3|   0|    3|          0|
    |shift_reg_10_addr_9_reg_5255_pp0_iter5_reg   |   3|   0|    3|          0|
    |shift_reg_10_addr_reg_5989                   |   3|   0|    3|          0|
    |shift_reg_11_addr_10_reg_5350                |   3|   0|    3|          0|
    |shift_reg_11_addr_10_reg_5350_pp0_iter5_reg  |   3|   0|    3|          0|
    |shift_reg_11_addr_11_reg_5445                |   3|   0|    3|          0|
    |shift_reg_11_addr_12_reg_5535                |   3|   0|    3|          0|
    |shift_reg_11_addr_13_reg_5625                |   3|   0|    3|          0|
    |shift_reg_11_addr_14_reg_5715                |   3|   0|    3|          0|
    |shift_reg_11_addr_15_reg_5805                |   3|   0|    3|          0|
    |shift_reg_11_addr_16_reg_5895                |   3|   0|    3|          0|
    |shift_reg_11_addr_2_reg_4715                 |   3|   0|    3|          0|
    |shift_reg_11_addr_2_reg_4715_pp0_iter5_reg   |   3|   0|    3|          0|
    |shift_reg_11_addr_3_reg_4805                 |   3|   0|    3|          0|
    |shift_reg_11_addr_3_reg_4805_pp0_iter5_reg   |   3|   0|    3|          0|
    |shift_reg_11_addr_4_reg_4895                 |   3|   0|    3|          0|
    |shift_reg_11_addr_4_reg_4895_pp0_iter5_reg   |   3|   0|    3|          0|
    |shift_reg_11_addr_5_reg_4985                 |   3|   0|    3|          0|
    |shift_reg_11_addr_5_reg_4985_pp0_iter5_reg   |   3|   0|    3|          0|
    |shift_reg_11_addr_6_reg_4990                 |   3|   0|    3|          0|
    |shift_reg_11_addr_6_reg_4990_pp0_iter5_reg   |   3|   0|    3|          0|
    |shift_reg_11_addr_7_reg_5080                 |   3|   0|    3|          0|
    |shift_reg_11_addr_7_reg_5080_pp0_iter5_reg   |   3|   0|    3|          0|
    |shift_reg_11_addr_8_reg_5170                 |   3|   0|    3|          0|
    |shift_reg_11_addr_8_reg_5170_pp0_iter5_reg   |   3|   0|    3|          0|
    |shift_reg_11_addr_9_reg_5260                 |   3|   0|    3|          0|
    |shift_reg_11_addr_9_reg_5260_pp0_iter5_reg   |   3|   0|    3|          0|
    |shift_reg_11_addr_reg_5994                   |   3|   0|    3|          0|
    |shift_reg_12_addr_10_reg_5355                |   3|   0|    3|          0|
    |shift_reg_12_addr_10_reg_5355_pp0_iter5_reg  |   3|   0|    3|          0|
    |shift_reg_12_addr_11_reg_5450                |   3|   0|    3|          0|
    |shift_reg_12_addr_12_reg_5540                |   3|   0|    3|          0|
    |shift_reg_12_addr_13_reg_5630                |   3|   0|    3|          0|
    |shift_reg_12_addr_14_reg_5720                |   3|   0|    3|          0|
    |shift_reg_12_addr_15_reg_5810                |   3|   0|    3|          0|
    |shift_reg_12_addr_16_reg_5900                |   3|   0|    3|          0|
    |shift_reg_12_addr_2_reg_4720                 |   3|   0|    3|          0|
    |shift_reg_12_addr_2_reg_4720_pp0_iter5_reg   |   3|   0|    3|          0|
    |shift_reg_12_addr_3_reg_4810                 |   3|   0|    3|          0|
    |shift_reg_12_addr_3_reg_4810_pp0_iter5_reg   |   3|   0|    3|          0|
    |shift_reg_12_addr_4_reg_4900                 |   3|   0|    3|          0|
    |shift_reg_12_addr_4_reg_4900_pp0_iter5_reg   |   3|   0|    3|          0|
    |shift_reg_12_addr_5_reg_4905                 |   3|   0|    3|          0|
    |shift_reg_12_addr_5_reg_4905_pp0_iter5_reg   |   3|   0|    3|          0|
    |shift_reg_12_addr_6_reg_4995                 |   3|   0|    3|          0|
    |shift_reg_12_addr_6_reg_4995_pp0_iter5_reg   |   3|   0|    3|          0|
    |shift_reg_12_addr_7_reg_5085                 |   3|   0|    3|          0|
    |shift_reg_12_addr_7_reg_5085_pp0_iter5_reg   |   3|   0|    3|          0|
    |shift_reg_12_addr_8_reg_5175                 |   3|   0|    3|          0|
    |shift_reg_12_addr_8_reg_5175_pp0_iter5_reg   |   3|   0|    3|          0|
    |shift_reg_12_addr_9_reg_5265                 |   3|   0|    3|          0|
    |shift_reg_12_addr_9_reg_5265_pp0_iter5_reg   |   3|   0|    3|          0|
    |shift_reg_12_addr_reg_5999                   |   3|   0|    3|          0|
    |shift_reg_13_addr_10_reg_5360                |   3|   0|    3|          0|
    |shift_reg_13_addr_10_reg_5360_pp0_iter5_reg  |   3|   0|    3|          0|
    |shift_reg_13_addr_11_reg_5455                |   3|   0|    3|          0|
    |shift_reg_13_addr_12_reg_5545                |   3|   0|    3|          0|
    |shift_reg_13_addr_13_reg_5635                |   3|   0|    3|          0|
    |shift_reg_13_addr_14_reg_5725                |   3|   0|    3|          0|
    |shift_reg_13_addr_15_reg_5815                |   3|   0|    3|          0|
    |shift_reg_13_addr_16_reg_5905                |   3|   0|    3|          0|
    |shift_reg_13_addr_2_reg_4725                 |   3|   0|    3|          0|
    |shift_reg_13_addr_2_reg_4725_pp0_iter5_reg   |   3|   0|    3|          0|
    |shift_reg_13_addr_3_reg_4815                 |   3|   0|    3|          0|
    |shift_reg_13_addr_3_reg_4815_pp0_iter5_reg   |   3|   0|    3|          0|
    |shift_reg_13_addr_4_reg_4820                 |   3|   0|    3|          0|
    |shift_reg_13_addr_4_reg_4820_pp0_iter5_reg   |   3|   0|    3|          0|
    |shift_reg_13_addr_5_reg_4910                 |   3|   0|    3|          0|
    |shift_reg_13_addr_5_reg_4910_pp0_iter5_reg   |   3|   0|    3|          0|
    |shift_reg_13_addr_6_reg_5000                 |   3|   0|    3|          0|
    |shift_reg_13_addr_6_reg_5000_pp0_iter5_reg   |   3|   0|    3|          0|
    |shift_reg_13_addr_7_reg_5090                 |   3|   0|    3|          0|
    |shift_reg_13_addr_7_reg_5090_pp0_iter5_reg   |   3|   0|    3|          0|
    |shift_reg_13_addr_8_reg_5180                 |   3|   0|    3|          0|
    |shift_reg_13_addr_8_reg_5180_pp0_iter5_reg   |   3|   0|    3|          0|
    |shift_reg_13_addr_9_reg_5270                 |   3|   0|    3|          0|
    |shift_reg_13_addr_9_reg_5270_pp0_iter5_reg   |   3|   0|    3|          0|
    |shift_reg_13_addr_reg_6004                   |   3|   0|    3|          0|
    |shift_reg_14_addr_10_reg_5365                |   3|   0|    3|          0|
    |shift_reg_14_addr_10_reg_5365_pp0_iter5_reg  |   3|   0|    3|          0|
    |shift_reg_14_addr_11_reg_5460                |   3|   0|    3|          0|
    |shift_reg_14_addr_12_reg_5550                |   3|   0|    3|          0|
    |shift_reg_14_addr_13_reg_5640                |   3|   0|    3|          0|
    |shift_reg_14_addr_14_reg_5730                |   3|   0|    3|          0|
    |shift_reg_14_addr_15_reg_5820                |   3|   0|    3|          0|
    |shift_reg_14_addr_16_reg_5910                |   3|   0|    3|          0|
    |shift_reg_14_addr_2_reg_4730                 |   3|   0|    3|          0|
    |shift_reg_14_addr_2_reg_4730_pp0_iter5_reg   |   3|   0|    3|          0|
    |shift_reg_14_addr_3_reg_4735                 |   3|   0|    3|          0|
    |shift_reg_14_addr_3_reg_4735_pp0_iter5_reg   |   3|   0|    3|          0|
    |shift_reg_14_addr_4_reg_4825                 |   3|   0|    3|          0|
    |shift_reg_14_addr_4_reg_4825_pp0_iter5_reg   |   3|   0|    3|          0|
    |shift_reg_14_addr_5_reg_4915                 |   3|   0|    3|          0|
    |shift_reg_14_addr_5_reg_4915_pp0_iter5_reg   |   3|   0|    3|          0|
    |shift_reg_14_addr_6_reg_5005                 |   3|   0|    3|          0|
    |shift_reg_14_addr_6_reg_5005_pp0_iter5_reg   |   3|   0|    3|          0|
    |shift_reg_14_addr_7_reg_5095                 |   3|   0|    3|          0|
    |shift_reg_14_addr_7_reg_5095_pp0_iter5_reg   |   3|   0|    3|          0|
    |shift_reg_14_addr_8_reg_5185                 |   3|   0|    3|          0|
    |shift_reg_14_addr_8_reg_5185_pp0_iter5_reg   |   3|   0|    3|          0|
    |shift_reg_14_addr_9_reg_5275                 |   3|   0|    3|          0|
    |shift_reg_14_addr_9_reg_5275_pp0_iter5_reg   |   3|   0|    3|          0|
    |shift_reg_14_addr_reg_6009                   |   3|   0|    3|          0|
    |shift_reg_15_addr_10_reg_5370                |   3|   0|    3|          0|
    |shift_reg_15_addr_10_reg_5370_pp0_iter5_reg  |   3|   0|    3|          0|
    |shift_reg_15_addr_11_reg_5465                |   3|   0|    3|          0|
    |shift_reg_15_addr_12_reg_5555                |   3|   0|    3|          0|
    |shift_reg_15_addr_13_reg_5645                |   3|   0|    3|          0|
    |shift_reg_15_addr_14_reg_5735                |   3|   0|    3|          0|
    |shift_reg_15_addr_15_reg_5825                |   3|   0|    3|          0|
    |shift_reg_15_addr_16_reg_5915                |   3|   0|    3|          0|
    |shift_reg_15_addr_2_reg_4650                 |   3|   0|    3|          0|
    |shift_reg_15_addr_2_reg_4650_pp0_iter5_reg   |   3|   0|    3|          0|
    |shift_reg_15_addr_3_reg_4740                 |   3|   0|    3|          0|
    |shift_reg_15_addr_3_reg_4740_pp0_iter5_reg   |   3|   0|    3|          0|
    |shift_reg_15_addr_4_reg_4830                 |   3|   0|    3|          0|
    |shift_reg_15_addr_4_reg_4830_pp0_iter5_reg   |   3|   0|    3|          0|
    |shift_reg_15_addr_5_reg_4920                 |   3|   0|    3|          0|
    |shift_reg_15_addr_5_reg_4920_pp0_iter5_reg   |   3|   0|    3|          0|
    |shift_reg_15_addr_6_reg_5010                 |   3|   0|    3|          0|
    |shift_reg_15_addr_6_reg_5010_pp0_iter5_reg   |   3|   0|    3|          0|
    |shift_reg_15_addr_7_reg_5100                 |   3|   0|    3|          0|
    |shift_reg_15_addr_7_reg_5100_pp0_iter5_reg   |   3|   0|    3|          0|
    |shift_reg_15_addr_8_reg_5190                 |   3|   0|    3|          0|
    |shift_reg_15_addr_8_reg_5190_pp0_iter5_reg   |   3|   0|    3|          0|
    |shift_reg_15_addr_9_reg_5280                 |   3|   0|    3|          0|
    |shift_reg_15_addr_9_reg_5280_pp0_iter5_reg   |   3|   0|    3|          0|
    |shift_reg_15_addr_reg_6014                   |   3|   0|    3|          0|
    |shift_reg_16_addr_10_reg_5375                |   3|   0|    3|          0|
    |shift_reg_16_addr_10_reg_5375_pp0_iter5_reg  |   3|   0|    3|          0|
    |shift_reg_16_addr_11_reg_5470                |   3|   0|    3|          0|
    |shift_reg_16_addr_12_reg_5560                |   3|   0|    3|          0|
    |shift_reg_16_addr_13_reg_5650                |   3|   0|    3|          0|
    |shift_reg_16_addr_14_reg_5740                |   3|   0|    3|          0|
    |shift_reg_16_addr_15_reg_5830                |   3|   0|    3|          0|
    |shift_reg_16_addr_16_reg_5920                |   3|   0|    3|          0|
    |shift_reg_16_addr_2_reg_4655                 |   3|   0|    3|          0|
    |shift_reg_16_addr_2_reg_4655_pp0_iter5_reg   |   3|   0|    3|          0|
    |shift_reg_16_addr_3_reg_4745                 |   3|   0|    3|          0|
    |shift_reg_16_addr_3_reg_4745_pp0_iter5_reg   |   3|   0|    3|          0|
    |shift_reg_16_addr_4_reg_4835                 |   3|   0|    3|          0|
    |shift_reg_16_addr_4_reg_4835_pp0_iter5_reg   |   3|   0|    3|          0|
    |shift_reg_16_addr_5_reg_4925                 |   3|   0|    3|          0|
    |shift_reg_16_addr_5_reg_4925_pp0_iter5_reg   |   3|   0|    3|          0|
    |shift_reg_16_addr_6_reg_5015                 |   3|   0|    3|          0|
    |shift_reg_16_addr_6_reg_5015_pp0_iter5_reg   |   3|   0|    3|          0|
    |shift_reg_16_addr_7_reg_5105                 |   3|   0|    3|          0|
    |shift_reg_16_addr_7_reg_5105_pp0_iter5_reg   |   3|   0|    3|          0|
    |shift_reg_16_addr_8_reg_5195                 |   3|   0|    3|          0|
    |shift_reg_16_addr_8_reg_5195_pp0_iter5_reg   |   3|   0|    3|          0|
    |shift_reg_16_addr_9_reg_5285                 |   3|   0|    3|          0|
    |shift_reg_16_addr_9_reg_5285_pp0_iter5_reg   |   3|   0|    3|          0|
    |shift_reg_16_addr_reg_5934                   |   3|   0|    3|          0|
    |shift_reg_1_addr_10_reg_5385                 |   3|   0|    3|          0|
    |shift_reg_1_addr_10_reg_5385_pp0_iter5_reg   |   3|   0|    3|          0|
    |shift_reg_1_addr_11_reg_5480                 |   3|   0|    3|          0|
    |shift_reg_1_addr_12_reg_5570                 |   3|   0|    3|          0|
    |shift_reg_1_addr_13_reg_5660                 |   3|   0|    3|          0|
    |shift_reg_1_addr_14_reg_5750                 |   3|   0|    3|          0|
    |shift_reg_1_addr_15_reg_5840                 |   3|   0|    3|          0|
    |shift_reg_1_addr_16_reg_5845                 |   3|   0|    3|          0|
    |shift_reg_1_addr_2_reg_4665                  |   3|   0|    3|          0|
    |shift_reg_1_addr_2_reg_4665_pp0_iter5_reg    |   3|   0|    3|          0|
    |shift_reg_1_addr_3_reg_4755                  |   3|   0|    3|          0|
    |shift_reg_1_addr_3_reg_4755_pp0_iter5_reg    |   3|   0|    3|          0|
    |shift_reg_1_addr_4_reg_4845                  |   3|   0|    3|          0|
    |shift_reg_1_addr_4_reg_4845_pp0_iter5_reg    |   3|   0|    3|          0|
    |shift_reg_1_addr_5_reg_4935                  |   3|   0|    3|          0|
    |shift_reg_1_addr_5_reg_4935_pp0_iter5_reg    |   3|   0|    3|          0|
    |shift_reg_1_addr_6_reg_5025                  |   3|   0|    3|          0|
    |shift_reg_1_addr_6_reg_5025_pp0_iter5_reg    |   3|   0|    3|          0|
    |shift_reg_1_addr_7_reg_5115                  |   3|   0|    3|          0|
    |shift_reg_1_addr_7_reg_5115_pp0_iter5_reg    |   3|   0|    3|          0|
    |shift_reg_1_addr_8_reg_5205                  |   3|   0|    3|          0|
    |shift_reg_1_addr_8_reg_5205_pp0_iter5_reg    |   3|   0|    3|          0|
    |shift_reg_1_addr_9_reg_5295                  |   3|   0|    3|          0|
    |shift_reg_1_addr_9_reg_5295_pp0_iter5_reg    |   3|   0|    3|          0|
    |shift_reg_1_addr_reg_5944                    |   3|   0|    3|          0|
    |shift_reg_2_addr_10_reg_5390                 |   3|   0|    3|          0|
    |shift_reg_2_addr_10_reg_5390_pp0_iter5_reg   |   3|   0|    3|          0|
    |shift_reg_2_addr_11_reg_5485                 |   3|   0|    3|          0|
    |shift_reg_2_addr_12_reg_5575                 |   3|   0|    3|          0|
    |shift_reg_2_addr_13_reg_5665                 |   3|   0|    3|          0|
    |shift_reg_2_addr_14_reg_5755                 |   3|   0|    3|          0|
    |shift_reg_2_addr_15_reg_5760                 |   3|   0|    3|          0|
    |shift_reg_2_addr_16_reg_5850                 |   3|   0|    3|          0|
    |shift_reg_2_addr_2_reg_4670                  |   3|   0|    3|          0|
    |shift_reg_2_addr_2_reg_4670_pp0_iter5_reg    |   3|   0|    3|          0|
    |shift_reg_2_addr_3_reg_4760                  |   3|   0|    3|          0|
    |shift_reg_2_addr_3_reg_4760_pp0_iter5_reg    |   3|   0|    3|          0|
    |shift_reg_2_addr_4_reg_4850                  |   3|   0|    3|          0|
    |shift_reg_2_addr_4_reg_4850_pp0_iter5_reg    |   3|   0|    3|          0|
    |shift_reg_2_addr_5_reg_4940                  |   3|   0|    3|          0|
    |shift_reg_2_addr_5_reg_4940_pp0_iter5_reg    |   3|   0|    3|          0|
    |shift_reg_2_addr_6_reg_5030                  |   3|   0|    3|          0|
    |shift_reg_2_addr_6_reg_5030_pp0_iter5_reg    |   3|   0|    3|          0|
    |shift_reg_2_addr_7_reg_5120                  |   3|   0|    3|          0|
    |shift_reg_2_addr_7_reg_5120_pp0_iter5_reg    |   3|   0|    3|          0|
    |shift_reg_2_addr_8_reg_5210                  |   3|   0|    3|          0|
    |shift_reg_2_addr_8_reg_5210_pp0_iter5_reg    |   3|   0|    3|          0|
    |shift_reg_2_addr_9_reg_5300                  |   3|   0|    3|          0|
    |shift_reg_2_addr_9_reg_5300_pp0_iter5_reg    |   3|   0|    3|          0|
    |shift_reg_2_addr_reg_5949                    |   3|   0|    3|          0|
    |shift_reg_3_addr_10_reg_5395                 |   3|   0|    3|          0|
    |shift_reg_3_addr_10_reg_5395_pp0_iter5_reg   |   3|   0|    3|          0|
    |shift_reg_3_addr_11_reg_5490                 |   3|   0|    3|          0|
    |shift_reg_3_addr_12_reg_5580                 |   3|   0|    3|          0|
    |shift_reg_3_addr_13_reg_5670                 |   3|   0|    3|          0|
    |shift_reg_3_addr_14_reg_5675                 |   3|   0|    3|          0|
    |shift_reg_3_addr_15_reg_5765                 |   3|   0|    3|          0|
    |shift_reg_3_addr_16_reg_5855                 |   3|   0|    3|          0|
    |shift_reg_3_addr_2_reg_4675                  |   3|   0|    3|          0|
    |shift_reg_3_addr_2_reg_4675_pp0_iter5_reg    |   3|   0|    3|          0|
    |shift_reg_3_addr_3_reg_4765                  |   3|   0|    3|          0|
    |shift_reg_3_addr_3_reg_4765_pp0_iter5_reg    |   3|   0|    3|          0|
    |shift_reg_3_addr_4_reg_4855                  |   3|   0|    3|          0|
    |shift_reg_3_addr_4_reg_4855_pp0_iter5_reg    |   3|   0|    3|          0|
    |shift_reg_3_addr_5_reg_4945                  |   3|   0|    3|          0|
    |shift_reg_3_addr_5_reg_4945_pp0_iter5_reg    |   3|   0|    3|          0|
    |shift_reg_3_addr_6_reg_5035                  |   3|   0|    3|          0|
    |shift_reg_3_addr_6_reg_5035_pp0_iter5_reg    |   3|   0|    3|          0|
    |shift_reg_3_addr_7_reg_5125                  |   3|   0|    3|          0|
    |shift_reg_3_addr_7_reg_5125_pp0_iter5_reg    |   3|   0|    3|          0|
    |shift_reg_3_addr_8_reg_5215                  |   3|   0|    3|          0|
    |shift_reg_3_addr_8_reg_5215_pp0_iter5_reg    |   3|   0|    3|          0|
    |shift_reg_3_addr_9_reg_5305                  |   3|   0|    3|          0|
    |shift_reg_3_addr_9_reg_5305_pp0_iter5_reg    |   3|   0|    3|          0|
    |shift_reg_3_addr_reg_5954                    |   3|   0|    3|          0|
    |shift_reg_4_addr_10_reg_5400                 |   3|   0|    3|          0|
    |shift_reg_4_addr_10_reg_5400_pp0_iter5_reg   |   3|   0|    3|          0|
    |shift_reg_4_addr_11_reg_5495                 |   3|   0|    3|          0|
    |shift_reg_4_addr_12_reg_5585                 |   3|   0|    3|          0|
    |shift_reg_4_addr_13_reg_5590                 |   3|   0|    3|          0|
    |shift_reg_4_addr_14_reg_5680                 |   3|   0|    3|          0|
    |shift_reg_4_addr_15_reg_5770                 |   3|   0|    3|          0|
    |shift_reg_4_addr_16_reg_5860                 |   3|   0|    3|          0|
    |shift_reg_4_addr_2_reg_4680                  |   3|   0|    3|          0|
    |shift_reg_4_addr_2_reg_4680_pp0_iter5_reg    |   3|   0|    3|          0|
    |shift_reg_4_addr_3_reg_4770                  |   3|   0|    3|          0|
    |shift_reg_4_addr_3_reg_4770_pp0_iter5_reg    |   3|   0|    3|          0|
    |shift_reg_4_addr_4_reg_4860                  |   3|   0|    3|          0|
    |shift_reg_4_addr_4_reg_4860_pp0_iter5_reg    |   3|   0|    3|          0|
    |shift_reg_4_addr_5_reg_4950                  |   3|   0|    3|          0|
    |shift_reg_4_addr_5_reg_4950_pp0_iter5_reg    |   3|   0|    3|          0|
    |shift_reg_4_addr_6_reg_5040                  |   3|   0|    3|          0|
    |shift_reg_4_addr_6_reg_5040_pp0_iter5_reg    |   3|   0|    3|          0|
    |shift_reg_4_addr_7_reg_5130                  |   3|   0|    3|          0|
    |shift_reg_4_addr_7_reg_5130_pp0_iter5_reg    |   3|   0|    3|          0|
    |shift_reg_4_addr_8_reg_5220                  |   3|   0|    3|          0|
    |shift_reg_4_addr_8_reg_5220_pp0_iter5_reg    |   3|   0|    3|          0|
    |shift_reg_4_addr_9_reg_5310                  |   3|   0|    3|          0|
    |shift_reg_4_addr_9_reg_5310_pp0_iter5_reg    |   3|   0|    3|          0|
    |shift_reg_4_addr_reg_5959                    |   3|   0|    3|          0|
    |shift_reg_5_addr_10_reg_5405                 |   3|   0|    3|          0|
    |shift_reg_5_addr_10_reg_5405_pp0_iter5_reg   |   3|   0|    3|          0|
    |shift_reg_5_addr_11_reg_5500                 |   3|   0|    3|          0|
    |shift_reg_5_addr_12_reg_5505                 |   3|   0|    3|          0|
    |shift_reg_5_addr_13_reg_5595                 |   3|   0|    3|          0|
    |shift_reg_5_addr_14_reg_5685                 |   3|   0|    3|          0|
    |shift_reg_5_addr_15_reg_5775                 |   3|   0|    3|          0|
    |shift_reg_5_addr_16_reg_5865                 |   3|   0|    3|          0|
    |shift_reg_5_addr_2_reg_4685                  |   3|   0|    3|          0|
    |shift_reg_5_addr_2_reg_4685_pp0_iter5_reg    |   3|   0|    3|          0|
    |shift_reg_5_addr_3_reg_4775                  |   3|   0|    3|          0|
    |shift_reg_5_addr_3_reg_4775_pp0_iter5_reg    |   3|   0|    3|          0|
    |shift_reg_5_addr_4_reg_4865                  |   3|   0|    3|          0|
    |shift_reg_5_addr_4_reg_4865_pp0_iter5_reg    |   3|   0|    3|          0|
    |shift_reg_5_addr_5_reg_4955                  |   3|   0|    3|          0|
    |shift_reg_5_addr_5_reg_4955_pp0_iter5_reg    |   3|   0|    3|          0|
    |shift_reg_5_addr_6_reg_5045                  |   3|   0|    3|          0|
    |shift_reg_5_addr_6_reg_5045_pp0_iter5_reg    |   3|   0|    3|          0|
    |shift_reg_5_addr_7_reg_5135                  |   3|   0|    3|          0|
    |shift_reg_5_addr_7_reg_5135_pp0_iter5_reg    |   3|   0|    3|          0|
    |shift_reg_5_addr_8_reg_5225                  |   3|   0|    3|          0|
    |shift_reg_5_addr_8_reg_5225_pp0_iter5_reg    |   3|   0|    3|          0|
    |shift_reg_5_addr_9_reg_5315                  |   3|   0|    3|          0|
    |shift_reg_5_addr_9_reg_5315_pp0_iter5_reg    |   3|   0|    3|          0|
    |shift_reg_5_addr_reg_5964                    |   3|   0|    3|          0|
    |shift_reg_6_addr_10_reg_5410                 |   3|   0|    3|          0|
    |shift_reg_6_addr_10_reg_5410_pp0_iter5_reg   |   3|   0|    3|          0|
    |shift_reg_6_addr_11_reg_5420                 |   3|   0|    3|          0|
    |shift_reg_6_addr_12_reg_5510                 |   3|   0|    3|          0|
    |shift_reg_6_addr_13_reg_5600                 |   3|   0|    3|          0|
    |shift_reg_6_addr_14_reg_5690                 |   3|   0|    3|          0|
    |shift_reg_6_addr_15_reg_5780                 |   3|   0|    3|          0|
    |shift_reg_6_addr_16_reg_5870                 |   3|   0|    3|          0|
    |shift_reg_6_addr_2_reg_4690                  |   3|   0|    3|          0|
    |shift_reg_6_addr_2_reg_4690_pp0_iter5_reg    |   3|   0|    3|          0|
    |shift_reg_6_addr_3_reg_4780                  |   3|   0|    3|          0|
    |shift_reg_6_addr_3_reg_4780_pp0_iter5_reg    |   3|   0|    3|          0|
    |shift_reg_6_addr_4_reg_4870                  |   3|   0|    3|          0|
    |shift_reg_6_addr_4_reg_4870_pp0_iter5_reg    |   3|   0|    3|          0|
    |shift_reg_6_addr_5_reg_4960                  |   3|   0|    3|          0|
    |shift_reg_6_addr_5_reg_4960_pp0_iter5_reg    |   3|   0|    3|          0|
    |shift_reg_6_addr_6_reg_5050                  |   3|   0|    3|          0|
    |shift_reg_6_addr_6_reg_5050_pp0_iter5_reg    |   3|   0|    3|          0|
    |shift_reg_6_addr_7_reg_5140                  |   3|   0|    3|          0|
    |shift_reg_6_addr_7_reg_5140_pp0_iter5_reg    |   3|   0|    3|          0|
    |shift_reg_6_addr_8_reg_5230                  |   3|   0|    3|          0|
    |shift_reg_6_addr_8_reg_5230_pp0_iter5_reg    |   3|   0|    3|          0|
    |shift_reg_6_addr_9_reg_5320                  |   3|   0|    3|          0|
    |shift_reg_6_addr_9_reg_5320_pp0_iter5_reg    |   3|   0|    3|          0|
    |shift_reg_6_addr_reg_5969                    |   3|   0|    3|          0|
    |shift_reg_7_addr_10_reg_5330                 |   3|   0|    3|          0|
    |shift_reg_7_addr_10_reg_5330_pp0_iter5_reg   |   3|   0|    3|          0|
    |shift_reg_7_addr_11_reg_5425                 |   3|   0|    3|          0|
    |shift_reg_7_addr_12_reg_5515                 |   3|   0|    3|          0|
    |shift_reg_7_addr_13_reg_5605                 |   3|   0|    3|          0|
    |shift_reg_7_addr_14_reg_5695                 |   3|   0|    3|          0|
    |shift_reg_7_addr_15_reg_5785                 |   3|   0|    3|          0|
    |shift_reg_7_addr_16_reg_5875                 |   3|   0|    3|          0|
    |shift_reg_7_addr_2_reg_4695                  |   3|   0|    3|          0|
    |shift_reg_7_addr_2_reg_4695_pp0_iter5_reg    |   3|   0|    3|          0|
    |shift_reg_7_addr_3_reg_4785                  |   3|   0|    3|          0|
    |shift_reg_7_addr_3_reg_4785_pp0_iter5_reg    |   3|   0|    3|          0|
    |shift_reg_7_addr_4_reg_4875                  |   3|   0|    3|          0|
    |shift_reg_7_addr_4_reg_4875_pp0_iter5_reg    |   3|   0|    3|          0|
    |shift_reg_7_addr_5_reg_4965                  |   3|   0|    3|          0|
    |shift_reg_7_addr_5_reg_4965_pp0_iter5_reg    |   3|   0|    3|          0|
    |shift_reg_7_addr_6_reg_5055                  |   3|   0|    3|          0|
    |shift_reg_7_addr_6_reg_5055_pp0_iter5_reg    |   3|   0|    3|          0|
    |shift_reg_7_addr_7_reg_5145                  |   3|   0|    3|          0|
    |shift_reg_7_addr_7_reg_5145_pp0_iter5_reg    |   3|   0|    3|          0|
    |shift_reg_7_addr_8_reg_5235                  |   3|   0|    3|          0|
    |shift_reg_7_addr_8_reg_5235_pp0_iter5_reg    |   3|   0|    3|          0|
    |shift_reg_7_addr_9_reg_5325                  |   3|   0|    3|          0|
    |shift_reg_7_addr_9_reg_5325_pp0_iter5_reg    |   3|   0|    3|          0|
    |shift_reg_7_addr_reg_5974                    |   3|   0|    3|          0|
    |shift_reg_8_addr_10_reg_5335                 |   3|   0|    3|          0|
    |shift_reg_8_addr_10_reg_5335_pp0_iter5_reg   |   3|   0|    3|          0|
    |shift_reg_8_addr_11_reg_5430                 |   3|   0|    3|          0|
    |shift_reg_8_addr_12_reg_5520                 |   3|   0|    3|          0|
    |shift_reg_8_addr_13_reg_5610                 |   3|   0|    3|          0|
    |shift_reg_8_addr_14_reg_5700                 |   3|   0|    3|          0|
    |shift_reg_8_addr_15_reg_5790                 |   3|   0|    3|          0|
    |shift_reg_8_addr_16_reg_5880                 |   3|   0|    3|          0|
    |shift_reg_8_addr_2_reg_4700                  |   3|   0|    3|          0|
    |shift_reg_8_addr_2_reg_4700_pp0_iter5_reg    |   3|   0|    3|          0|
    |shift_reg_8_addr_3_reg_4790                  |   3|   0|    3|          0|
    |shift_reg_8_addr_3_reg_4790_pp0_iter5_reg    |   3|   0|    3|          0|
    |shift_reg_8_addr_4_reg_4880                  |   3|   0|    3|          0|
    |shift_reg_8_addr_4_reg_4880_pp0_iter5_reg    |   3|   0|    3|          0|
    |shift_reg_8_addr_5_reg_4970                  |   3|   0|    3|          0|
    |shift_reg_8_addr_5_reg_4970_pp0_iter5_reg    |   3|   0|    3|          0|
    |shift_reg_8_addr_6_reg_5060                  |   3|   0|    3|          0|
    |shift_reg_8_addr_6_reg_5060_pp0_iter5_reg    |   3|   0|    3|          0|
    |shift_reg_8_addr_7_reg_5150                  |   3|   0|    3|          0|
    |shift_reg_8_addr_7_reg_5150_pp0_iter5_reg    |   3|   0|    3|          0|
    |shift_reg_8_addr_8_reg_5240                  |   3|   0|    3|          0|
    |shift_reg_8_addr_8_reg_5240_pp0_iter5_reg    |   3|   0|    3|          0|
    |shift_reg_8_addr_9_reg_5245                  |   3|   0|    3|          0|
    |shift_reg_8_addr_9_reg_5245_pp0_iter5_reg    |   3|   0|    3|          0|
    |shift_reg_8_addr_reg_5979                    |   3|   0|    3|          0|
    |shift_reg_9_addr_10_reg_5340                 |   3|   0|    3|          0|
    |shift_reg_9_addr_10_reg_5340_pp0_iter5_reg   |   3|   0|    3|          0|
    |shift_reg_9_addr_11_reg_5435                 |   3|   0|    3|          0|
    |shift_reg_9_addr_12_reg_5525                 |   3|   0|    3|          0|
    |shift_reg_9_addr_13_reg_5615                 |   3|   0|    3|          0|
    |shift_reg_9_addr_14_reg_5705                 |   3|   0|    3|          0|
    |shift_reg_9_addr_15_reg_5795                 |   3|   0|    3|          0|
    |shift_reg_9_addr_16_reg_5885                 |   3|   0|    3|          0|
    |shift_reg_9_addr_2_reg_4705                  |   3|   0|    3|          0|
    |shift_reg_9_addr_2_reg_4705_pp0_iter5_reg    |   3|   0|    3|          0|
    |shift_reg_9_addr_3_reg_4795                  |   3|   0|    3|          0|
    |shift_reg_9_addr_3_reg_4795_pp0_iter5_reg    |   3|   0|    3|          0|
    |shift_reg_9_addr_4_reg_4885                  |   3|   0|    3|          0|
    |shift_reg_9_addr_4_reg_4885_pp0_iter5_reg    |   3|   0|    3|          0|
    |shift_reg_9_addr_5_reg_4975                  |   3|   0|    3|          0|
    |shift_reg_9_addr_5_reg_4975_pp0_iter5_reg    |   3|   0|    3|          0|
    |shift_reg_9_addr_6_reg_5065                  |   3|   0|    3|          0|
    |shift_reg_9_addr_6_reg_5065_pp0_iter5_reg    |   3|   0|    3|          0|
    |shift_reg_9_addr_7_reg_5155                  |   3|   0|    3|          0|
    |shift_reg_9_addr_7_reg_5155_pp0_iter5_reg    |   3|   0|    3|          0|
    |shift_reg_9_addr_8_reg_5160                  |   3|   0|    3|          0|
    |shift_reg_9_addr_8_reg_5160_pp0_iter5_reg    |   3|   0|    3|          0|
    |shift_reg_9_addr_9_reg_5250                  |   3|   0|    3|          0|
    |shift_reg_9_addr_9_reg_5250_pp0_iter5_reg    |   3|   0|    3|          0|
    |shift_reg_9_addr_reg_5984                    |   3|   0|    3|          0|
    |tmp_reg_5415                                 |   3|   0|    3|          0|
    |trunc_ln24_reg_4438                          |   7|   0|    7|          0|
    |trunc_ln27_reg_5930                          |   5|   0|    5|          0|
    |add_ln24_10_reg_4525                         |  64|  32|    8|          0|
    |add_ln24_11_reg_4534                         |  64|  32|    8|          0|
    |add_ln24_12_reg_4543                         |  64|  32|    8|          0|
    |add_ln24_13_reg_4552                         |  64|  32|    8|          0|
    |add_ln24_14_reg_4561                         |  64|  32|    8|          0|
    |add_ln24_15_reg_4570                         |  64|  32|    8|          0|
    |icmp_ln24_10_reg_4521                        |  64|  32|    1|          0|
    |icmp_ln24_11_reg_4530                        |  64|  32|    1|          0|
    |icmp_ln24_12_reg_4539                        |  64|  32|    1|          0|
    |icmp_ln24_13_reg_4548                        |  64|  32|    1|          0|
    |icmp_ln24_14_reg_4557                        |  64|  32|    1|          0|
    |icmp_ln24_15_reg_4566                        |  64|  32|    1|          0|
    |icmp_ln24_1_reg_4434                         |  64|  32|    1|          0|
    |icmp_ln24_2_reg_4449                         |  64|  32|    1|          0|
    |icmp_ln24_3_reg_4458                         |  64|  32|    1|          0|
    |icmp_ln24_4_reg_4467                         |  64|  32|    1|          0|
    |icmp_ln24_5_reg_4476                         |  64|  32|    1|          0|
    |icmp_ln24_6_reg_4485                         |  64|  32|    1|          0|
    |icmp_ln24_7_reg_4494                         |  64|  32|    1|          0|
    |icmp_ln24_8_reg_4503                         |  64|  32|    1|          0|
    |icmp_ln24_9_reg_4512                         |  64|  32|    1|          0|
    |icmp_ln24_reg_4430                           |  64|  32|    1|          0|
    |trunc_ln24_reg_4438                          |  64|  32|    7|          0|
    +---------------------------------------------+----+----+-----+-----------+
    |Total                                        |3002| 736| 1601|          0|
    +---------------------------------------------+----+----+-----+-----------+



================================================================
== Interface
================================================================
* Summary: 
+-----------------------+-----+-----+------------+------------------+--------------+
|       RTL Ports       | Dir | Bits|  Protocol  |   Source Object  |    C Type    |
+-----------------------+-----+-----+------------+------------------+--------------+
|ap_clk                 |   in|    1|  ap_ctrl_hs|  fir_Pipeline_TDL|  return value|
|ap_rst                 |   in|    1|  ap_ctrl_hs|  fir_Pipeline_TDL|  return value|
|ap_start               |   in|    1|  ap_ctrl_hs|  fir_Pipeline_TDL|  return value|
|ap_done                |  out|    1|  ap_ctrl_hs|  fir_Pipeline_TDL|  return value|
|ap_idle                |  out|    1|  ap_ctrl_hs|  fir_Pipeline_TDL|  return value|
|ap_ready               |  out|    1|  ap_ctrl_hs|  fir_Pipeline_TDL|  return value|
|grp_fu_207_p_din0      |  out|   64|  ap_ctrl_hs|  fir_Pipeline_TDL|  return value|
|grp_fu_207_p_din1      |  out|   66|  ap_ctrl_hs|  fir_Pipeline_TDL|  return value|
|grp_fu_207_p_dout0     |   in|  129|  ap_ctrl_hs|  fir_Pipeline_TDL|  return value|
|grp_fu_207_p_ce        |  out|    1|  ap_ctrl_hs|  fir_Pipeline_TDL|  return value|
|grp_fu_211_p_din0      |  out|   64|  ap_ctrl_hs|  fir_Pipeline_TDL|  return value|
|grp_fu_211_p_din1      |  out|   66|  ap_ctrl_hs|  fir_Pipeline_TDL|  return value|
|grp_fu_211_p_dout0     |   in|  129|  ap_ctrl_hs|  fir_Pipeline_TDL|  return value|
|grp_fu_211_p_ce        |  out|    1|  ap_ctrl_hs|  fir_Pipeline_TDL|  return value|
|grp_fu_215_p_din0      |  out|   64|  ap_ctrl_hs|  fir_Pipeline_TDL|  return value|
|grp_fu_215_p_din1      |  out|   66|  ap_ctrl_hs|  fir_Pipeline_TDL|  return value|
|grp_fu_215_p_dout0     |   in|  129|  ap_ctrl_hs|  fir_Pipeline_TDL|  return value|
|grp_fu_215_p_ce        |  out|    1|  ap_ctrl_hs|  fir_Pipeline_TDL|  return value|
|grp_fu_219_p_din0      |  out|   64|  ap_ctrl_hs|  fir_Pipeline_TDL|  return value|
|grp_fu_219_p_din1      |  out|   66|  ap_ctrl_hs|  fir_Pipeline_TDL|  return value|
|grp_fu_219_p_dout0     |   in|  129|  ap_ctrl_hs|  fir_Pipeline_TDL|  return value|
|grp_fu_219_p_ce        |  out|    1|  ap_ctrl_hs|  fir_Pipeline_TDL|  return value|
|grp_fu_223_p_din0      |  out|   64|  ap_ctrl_hs|  fir_Pipeline_TDL|  return value|
|grp_fu_223_p_din1      |  out|   66|  ap_ctrl_hs|  fir_Pipeline_TDL|  return value|
|grp_fu_223_p_dout0     |   in|  129|  ap_ctrl_hs|  fir_Pipeline_TDL|  return value|
|grp_fu_223_p_ce        |  out|    1|  ap_ctrl_hs|  fir_Pipeline_TDL|  return value|
|grp_fu_227_p_din0      |  out|   64|  ap_ctrl_hs|  fir_Pipeline_TDL|  return value|
|grp_fu_227_p_din1      |  out|   66|  ap_ctrl_hs|  fir_Pipeline_TDL|  return value|
|grp_fu_227_p_dout0     |   in|  129|  ap_ctrl_hs|  fir_Pipeline_TDL|  return value|
|grp_fu_227_p_ce        |  out|    1|  ap_ctrl_hs|  fir_Pipeline_TDL|  return value|
|grp_fu_231_p_din0      |  out|   64|  ap_ctrl_hs|  fir_Pipeline_TDL|  return value|
|grp_fu_231_p_din1      |  out|   66|  ap_ctrl_hs|  fir_Pipeline_TDL|  return value|
|grp_fu_231_p_dout0     |   in|  129|  ap_ctrl_hs|  fir_Pipeline_TDL|  return value|
|grp_fu_231_p_ce        |  out|    1|  ap_ctrl_hs|  fir_Pipeline_TDL|  return value|
|grp_fu_235_p_din0      |  out|   64|  ap_ctrl_hs|  fir_Pipeline_TDL|  return value|
|grp_fu_235_p_din1      |  out|   66|  ap_ctrl_hs|  fir_Pipeline_TDL|  return value|
|grp_fu_235_p_dout0     |   in|  129|  ap_ctrl_hs|  fir_Pipeline_TDL|  return value|
|grp_fu_235_p_ce        |  out|    1|  ap_ctrl_hs|  fir_Pipeline_TDL|  return value|
|grp_fu_239_p_din0      |  out|   64|  ap_ctrl_hs|  fir_Pipeline_TDL|  return value|
|grp_fu_239_p_din1      |  out|   66|  ap_ctrl_hs|  fir_Pipeline_TDL|  return value|
|grp_fu_239_p_dout0     |   in|  129|  ap_ctrl_hs|  fir_Pipeline_TDL|  return value|
|grp_fu_239_p_ce        |  out|    1|  ap_ctrl_hs|  fir_Pipeline_TDL|  return value|
|grp_fu_243_p_din0      |  out|   64|  ap_ctrl_hs|  fir_Pipeline_TDL|  return value|
|grp_fu_243_p_din1      |  out|   66|  ap_ctrl_hs|  fir_Pipeline_TDL|  return value|
|grp_fu_243_p_dout0     |   in|  129|  ap_ctrl_hs|  fir_Pipeline_TDL|  return value|
|grp_fu_243_p_ce        |  out|    1|  ap_ctrl_hs|  fir_Pipeline_TDL|  return value|
|grp_fu_247_p_din0      |  out|   64|  ap_ctrl_hs|  fir_Pipeline_TDL|  return value|
|grp_fu_247_p_din1      |  out|   66|  ap_ctrl_hs|  fir_Pipeline_TDL|  return value|
|grp_fu_247_p_dout0     |   in|  129|  ap_ctrl_hs|  fir_Pipeline_TDL|  return value|
|grp_fu_247_p_ce        |  out|    1|  ap_ctrl_hs|  fir_Pipeline_TDL|  return value|
|grp_fu_251_p_din0      |  out|   64|  ap_ctrl_hs|  fir_Pipeline_TDL|  return value|
|grp_fu_251_p_din1      |  out|   66|  ap_ctrl_hs|  fir_Pipeline_TDL|  return value|
|grp_fu_251_p_dout0     |   in|  129|  ap_ctrl_hs|  fir_Pipeline_TDL|  return value|
|grp_fu_251_p_ce        |  out|    1|  ap_ctrl_hs|  fir_Pipeline_TDL|  return value|
|grp_fu_255_p_din0      |  out|   64|  ap_ctrl_hs|  fir_Pipeline_TDL|  return value|
|grp_fu_255_p_din1      |  out|   66|  ap_ctrl_hs|  fir_Pipeline_TDL|  return value|
|grp_fu_255_p_dout0     |   in|  129|  ap_ctrl_hs|  fir_Pipeline_TDL|  return value|
|grp_fu_255_p_ce        |  out|    1|  ap_ctrl_hs|  fir_Pipeline_TDL|  return value|
|grp_fu_259_p_din0      |  out|   64|  ap_ctrl_hs|  fir_Pipeline_TDL|  return value|
|grp_fu_259_p_din1      |  out|   66|  ap_ctrl_hs|  fir_Pipeline_TDL|  return value|
|grp_fu_259_p_dout0     |   in|  129|  ap_ctrl_hs|  fir_Pipeline_TDL|  return value|
|grp_fu_259_p_ce        |  out|    1|  ap_ctrl_hs|  fir_Pipeline_TDL|  return value|
|grp_fu_263_p_din0      |  out|   64|  ap_ctrl_hs|  fir_Pipeline_TDL|  return value|
|grp_fu_263_p_din1      |  out|   66|  ap_ctrl_hs|  fir_Pipeline_TDL|  return value|
|grp_fu_263_p_dout0     |   in|  129|  ap_ctrl_hs|  fir_Pipeline_TDL|  return value|
|grp_fu_263_p_ce        |  out|    1|  ap_ctrl_hs|  fir_Pipeline_TDL|  return value|
|shift_reg_2_address0   |  out|    3|   ap_memory|       shift_reg_2|         array|
|shift_reg_2_ce0        |  out|    1|   ap_memory|       shift_reg_2|         array|
|shift_reg_2_we0        |  out|    1|   ap_memory|       shift_reg_2|         array|
|shift_reg_2_d0         |  out|   32|   ap_memory|       shift_reg_2|         array|
|shift_reg_2_q0         |   in|   32|   ap_memory|       shift_reg_2|         array|
|shift_reg_1_address0   |  out|    3|   ap_memory|       shift_reg_1|         array|
|shift_reg_1_ce0        |  out|    1|   ap_memory|       shift_reg_1|         array|
|shift_reg_1_we0        |  out|    1|   ap_memory|       shift_reg_1|         array|
|shift_reg_1_d0         |  out|   32|   ap_memory|       shift_reg_1|         array|
|shift_reg_1_q0         |   in|   32|   ap_memory|       shift_reg_1|         array|
|shift_reg_3_address0   |  out|    3|   ap_memory|       shift_reg_3|         array|
|shift_reg_3_ce0        |  out|    1|   ap_memory|       shift_reg_3|         array|
|shift_reg_3_we0        |  out|    1|   ap_memory|       shift_reg_3|         array|
|shift_reg_3_d0         |  out|   32|   ap_memory|       shift_reg_3|         array|
|shift_reg_3_q0         |   in|   32|   ap_memory|       shift_reg_3|         array|
|shift_reg_4_address0   |  out|    3|   ap_memory|       shift_reg_4|         array|
|shift_reg_4_ce0        |  out|    1|   ap_memory|       shift_reg_4|         array|
|shift_reg_4_we0        |  out|    1|   ap_memory|       shift_reg_4|         array|
|shift_reg_4_d0         |  out|   32|   ap_memory|       shift_reg_4|         array|
|shift_reg_4_q0         |   in|   32|   ap_memory|       shift_reg_4|         array|
|shift_reg_5_address0   |  out|    3|   ap_memory|       shift_reg_5|         array|
|shift_reg_5_ce0        |  out|    1|   ap_memory|       shift_reg_5|         array|
|shift_reg_5_we0        |  out|    1|   ap_memory|       shift_reg_5|         array|
|shift_reg_5_d0         |  out|   32|   ap_memory|       shift_reg_5|         array|
|shift_reg_5_q0         |   in|   32|   ap_memory|       shift_reg_5|         array|
|shift_reg_6_address0   |  out|    3|   ap_memory|       shift_reg_6|         array|
|shift_reg_6_ce0        |  out|    1|   ap_memory|       shift_reg_6|         array|
|shift_reg_6_we0        |  out|    1|   ap_memory|       shift_reg_6|         array|
|shift_reg_6_d0         |  out|   32|   ap_memory|       shift_reg_6|         array|
|shift_reg_6_q0         |   in|   32|   ap_memory|       shift_reg_6|         array|
|shift_reg_7_address0   |  out|    3|   ap_memory|       shift_reg_7|         array|
|shift_reg_7_ce0        |  out|    1|   ap_memory|       shift_reg_7|         array|
|shift_reg_7_we0        |  out|    1|   ap_memory|       shift_reg_7|         array|
|shift_reg_7_d0         |  out|   32|   ap_memory|       shift_reg_7|         array|
|shift_reg_7_q0         |   in|   32|   ap_memory|       shift_reg_7|         array|
|shift_reg_8_address0   |  out|    3|   ap_memory|       shift_reg_8|         array|
|shift_reg_8_ce0        |  out|    1|   ap_memory|       shift_reg_8|         array|
|shift_reg_8_we0        |  out|    1|   ap_memory|       shift_reg_8|         array|
|shift_reg_8_d0         |  out|   32|   ap_memory|       shift_reg_8|         array|
|shift_reg_8_q0         |   in|   32|   ap_memory|       shift_reg_8|         array|
|shift_reg_9_address0   |  out|    3|   ap_memory|       shift_reg_9|         array|
|shift_reg_9_ce0        |  out|    1|   ap_memory|       shift_reg_9|         array|
|shift_reg_9_we0        |  out|    1|   ap_memory|       shift_reg_9|         array|
|shift_reg_9_d0         |  out|   32|   ap_memory|       shift_reg_9|         array|
|shift_reg_9_q0         |   in|   32|   ap_memory|       shift_reg_9|         array|
|shift_reg_10_address0  |  out|    3|   ap_memory|      shift_reg_10|         array|
|shift_reg_10_ce0       |  out|    1|   ap_memory|      shift_reg_10|         array|
|shift_reg_10_we0       |  out|    1|   ap_memory|      shift_reg_10|         array|
|shift_reg_10_d0        |  out|   32|   ap_memory|      shift_reg_10|         array|
|shift_reg_10_q0        |   in|   32|   ap_memory|      shift_reg_10|         array|
|shift_reg_11_address0  |  out|    3|   ap_memory|      shift_reg_11|         array|
|shift_reg_11_ce0       |  out|    1|   ap_memory|      shift_reg_11|         array|
|shift_reg_11_we0       |  out|    1|   ap_memory|      shift_reg_11|         array|
|shift_reg_11_d0        |  out|   32|   ap_memory|      shift_reg_11|         array|
|shift_reg_11_q0        |   in|   32|   ap_memory|      shift_reg_11|         array|
|shift_reg_12_address0  |  out|    3|   ap_memory|      shift_reg_12|         array|
|shift_reg_12_ce0       |  out|    1|   ap_memory|      shift_reg_12|         array|
|shift_reg_12_we0       |  out|    1|   ap_memory|      shift_reg_12|         array|
|shift_reg_12_d0        |  out|   32|   ap_memory|      shift_reg_12|         array|
|shift_reg_12_q0        |   in|   32|   ap_memory|      shift_reg_12|         array|
|shift_reg_13_address0  |  out|    3|   ap_memory|      shift_reg_13|         array|
|shift_reg_13_ce0       |  out|    1|   ap_memory|      shift_reg_13|         array|
|shift_reg_13_we0       |  out|    1|   ap_memory|      shift_reg_13|         array|
|shift_reg_13_d0        |  out|   32|   ap_memory|      shift_reg_13|         array|
|shift_reg_13_q0        |   in|   32|   ap_memory|      shift_reg_13|         array|
|shift_reg_14_address0  |  out|    3|   ap_memory|      shift_reg_14|         array|
|shift_reg_14_ce0       |  out|    1|   ap_memory|      shift_reg_14|         array|
|shift_reg_14_we0       |  out|    1|   ap_memory|      shift_reg_14|         array|
|shift_reg_14_d0        |  out|   32|   ap_memory|      shift_reg_14|         array|
|shift_reg_14_q0        |   in|   32|   ap_memory|      shift_reg_14|         array|
|shift_reg_15_address0  |  out|    3|   ap_memory|      shift_reg_15|         array|
|shift_reg_15_ce0       |  out|    1|   ap_memory|      shift_reg_15|         array|
|shift_reg_15_we0       |  out|    1|   ap_memory|      shift_reg_15|         array|
|shift_reg_15_d0        |  out|   32|   ap_memory|      shift_reg_15|         array|
|shift_reg_15_q0        |   in|   32|   ap_memory|      shift_reg_15|         array|
|shift_reg_16_address0  |  out|    3|   ap_memory|      shift_reg_16|         array|
|shift_reg_16_ce0       |  out|    1|   ap_memory|      shift_reg_16|         array|
|shift_reg_16_we0       |  out|    1|   ap_memory|      shift_reg_16|         array|
|shift_reg_16_d0        |  out|   32|   ap_memory|      shift_reg_16|         array|
|shift_reg_16_q0        |   in|   32|   ap_memory|      shift_reg_16|         array|
|shift_reg_0_address0   |  out|    3|   ap_memory|       shift_reg_0|         array|
|shift_reg_0_ce0        |  out|    1|   ap_memory|       shift_reg_0|         array|
|shift_reg_0_we0        |  out|    1|   ap_memory|       shift_reg_0|         array|
|shift_reg_0_d0         |  out|   32|   ap_memory|       shift_reg_0|         array|
|shift_reg_0_q0         |   in|   32|   ap_memory|       shift_reg_0|         array|
+-----------------------+-----+-----+------------+------------------+--------------+

