

================================================================
== Vitis HLS Report for 'dft'
================================================================
* Date:           Wed Oct 20 16:47:30 2021

* Version:        2021.1.1 (Build 3286242 on Wed Jul 28 13:09:46 MDT 2021)
* Project:        hls
* Solution:       solution1 (Vivado IP Flow Target)
* Product family: zynq
* Target device:  xc7z020-clg484-1


================================================================
== Performance Estimates
================================================================
+ Timing: 
    * Summary: 
    +--------+----------+----------+------------+
    |  Clock |  Target  | Estimated| Uncertainty|
    +--------+----------+----------+------------+
    |ap_clk  |  10.00 ns|  7.256 ns|     2.70 ns|
    +--------+----------+----------+------------+

+ Latency: 
    * Summary: 
    +---------+---------+-----------+-----------+---------+---------+---------+
    |  Latency (cycles) |   Latency (absolute)  |      Interval     | Pipeline|
    |   min   |   max   |    min    |    max    |   min   |   max   |   Type  |
    +---------+---------+-----------+-----------+---------+---------+---------+
    |  1049602|  1049602|  10.496 ms|  10.496 ms|  1049603|  1049603|       no|
    +---------+---------+-----------+-----------+---------+---------+---------+

    + Detail: 
        * Instance: 
        N/A

        * Loop: 
        +---------------+---------+---------+----------+-----------+-----------+------+----------+
        |               |  Latency (cycles) | Iteration|  Initiation Interval  | Trip |          |
        |   Loop Name   |   min   |   max   |  Latency |  achieved |   target  | Count| Pipelined|
        +---------------+---------+---------+----------+-----------+-----------+------+----------+
        |- FOR1OUTER    |  1049088|  1049088|      4098|          -|          -|   256|        no|
        | + FOR1NESTED  |     4096|     4096|        16|          -|          -|   256|        no|
        |- FOR2         |      512|      512|         2|          -|          -|   256|        no|
        +---------------+---------+---------+----------+-----------+-----------+------+----------+



================================================================
== Utilization Estimates
================================================================
* Summary: 
+-----------------+---------+-----+--------+-------+-----+
|       Name      | BRAM_18K| DSP |   FF   |  LUT  | URAM|
+-----------------+---------+-----+--------+-------+-----+
|DSP              |        -|    -|       -|      -|    -|
|Expression       |        -|    -|       0|     90|    -|
|FIFO             |        -|    -|       -|      -|    -|
|Instance         |        -|   16|     982|   2064|    -|
|Memory           |        4|    -|       0|      0|    0|
|Multiplexer      |        -|    -|       -|    286|    -|
|Register         |        -|    -|     498|      -|    -|
+-----------------+---------+-----+--------+-------+-----+
|Total            |        4|   16|    1480|   2440|    0|
+-----------------+---------+-----+--------+-------+-----+
|Available        |      280|  220|  106400|  53200|    0|
+-----------------+---------+-----+--------+-------+-----+
|Utilization (%)  |        1|    7|       1|      4|    0|
+-----------------+---------+-----+--------+-------+-----+

+ Detail: 
    * Instance: 
    +---------------------------------------+------------------------------------+---------+----+-----+-----+-----+
    |                Instance               |               Module               | BRAM_18K| DSP|  FF | LUT | URAM|
    +---------------------------------------+------------------------------------+---------+----+-----+-----+-----+
    |fadd_32ns_32ns_32_5_full_dsp_1_U2      |fadd_32ns_32ns_32_5_full_dsp_1      |        0|   2|  205|  390|    0|
    |faddfsub_32ns_32ns_32_5_full_dsp_1_U1  |faddfsub_32ns_32ns_32_5_full_dsp_1  |        0|   2|  205|  390|    0|
    |fmul_32ns_32ns_32_4_max_dsp_1_U3       |fmul_32ns_32ns_32_4_max_dsp_1       |        0|   3|  143|  321|    0|
    |fmul_32ns_32ns_32_4_max_dsp_1_U4       |fmul_32ns_32ns_32_4_max_dsp_1       |        0|   3|  143|  321|    0|
    |fmul_32ns_32ns_32_4_max_dsp_1_U5       |fmul_32ns_32ns_32_4_max_dsp_1       |        0|   3|  143|  321|    0|
    |fmul_32ns_32ns_32_4_max_dsp_1_U6       |fmul_32ns_32ns_32_4_max_dsp_1       |        0|   3|  143|  321|    0|
    +---------------------------------------+------------------------------------+---------+----+-----+-----+-----+
    |Total                                  |                                    |        0|  16|  982| 2064|    0|
    +---------------------------------------+------------------------------------+---------+----+-----+-----+-----+

    * DSP: 
    N/A

    * Memory: 
    +--------------------------+------------------------+---------+---+----+-----+------+-----+------+-------------+
    |          Memory          |         Module         | BRAM_18K| FF| LUT| URAM| Words| Bits| Banks| W*Bits*Banks|
    +--------------------------+------------------------+---------+---+----+-----+------+-----+------+-------------+
    |cos_coefficients_table_U  |cos_coefficients_table  |        1|  0|   0|    0|   256|   32|     1|         8192|
    |real_temp_U               |real_temp               |        1|  0|   0|    0|   256|   32|     1|         8192|
    |imag_temp_U               |real_temp               |        1|  0|   0|    0|   256|   32|     1|         8192|
    |sin_coefficients_table_U  |sin_coefficients_table  |        1|  0|   0|    0|   256|   32|     1|         8192|
    +--------------------------+------------------------+---------+---+----+-----+------+-----+------+-------------+
    |Total                     |                        |        4|  0|   0|    0|  1024|  128|     4|        32768|
    +--------------------------+------------------------+---------+---+----+-----+------+-----+------+-------------+

    * FIFO: 
    N/A

    * Expression: 
    +---------------------+----------+----+---+----+------------+------------+
    |    Variable Name    | Operation| DSP| FF| LUT| Bitwidth P0| Bitwidth P1|
    +---------------------+----------+----+---+----+------------+------------+
    |add_ln12_fu_270_p2   |         +|   0|  0|  14|           9|           1|
    |add_ln18_fu_293_p2   |         +|   0|  0|  14|           9|           1|
    |add_ln20_fu_299_p2   |         +|   0|  0|  15|           8|           8|
    |add_ln28_fu_339_p2   |         +|   0|  0|  14|           9|           1|
    |icmp_ln12_fu_264_p2  |      icmp|   0|  0|  11|           9|          10|
    |icmp_ln18_fu_287_p2  |      icmp|   0|  0|  11|           9|          10|
    |icmp_ln28_fu_333_p2  |      icmp|   0|  0|  11|           9|          10|
    +---------------------+----------+----+---+----+------------+------------+
    |Total                |          |   0|  0|  90|          62|          41|
    +---------------------+----------+----+---+----+------------+------------+

    * Multiplexer: 
    +----------------------+-----+-----------+-----+-----------+
    |         Name         | LUT | Input Size| Bits| Total Bits|
    +----------------------+-----+-----------+-----+-----------+
    |add275_reg_183        |    9|          2|   32|         64|
    |add4_reg_196          |    9|          2|   32|         64|
    |ap_NS_fsm             |  106|         21|    1|         21|
    |grp_fu_220_opcode     |   14|          3|    2|          6|
    |grp_fu_220_p0         |   14|          3|   32|         96|
    |grp_fu_220_p1         |   14|          3|   32|         96|
    |grp_fu_224_p0         |   14|          3|   32|         96|
    |grp_fu_224_p1         |   14|          3|   32|         96|
    |i_1_fu_64             |    9|          2|    9|         18|
    |i_fu_52               |    9|          2|    9|         18|
    |imag_sample_address0  |   14|          3|    8|         24|
    |imag_temp_address0    |   14|          3|    8|         24|
    |j_reg_172             |    9|          2|    9|         18|
    |phi_mul_reg_209       |    9|          2|    8|         16|
    |real_sample_address0  |   14|          3|    8|         24|
    |real_temp_address0    |   14|          3|    8|         24|
    +----------------------+-----+-----------+-----+-----------+
    |Total                 |  286|         60|  262|        705|
    +----------------------+-----+-----------+-----+-----------+

    * Register: 
    +--------------------------+----+----+-----+-----------+
    |           Name           | FF | LUT| Bits| Const Bits|
    +--------------------------+----+----+-----+-----------+
    |add1_reg_489              |  32|   0|   32|          0|
    |add275_reg_183            |  32|   0|   32|          0|
    |add4_reg_196              |  32|   0|   32|          0|
    |add_ln12_reg_375          |   9|   0|    9|          0|
    |add_ln18_reg_400          |   9|   0|    9|          0|
    |add_ln20_reg_405          |   8|   0|    8|          0|
    |ap_CS_fsm                 |  20|   0|   20|          0|
    |c_reg_430                 |  32|   0|   32|          0|
    |i_1_fu_64                 |   9|   0|    9|          0|
    |i_fu_52                   |   9|   0|    9|          0|
    |imag_sample_load_reg_447  |  32|   0|   32|          0|
    |imag_temp_addr_reg_385    |   8|   0|    8|          0|
    |j_reg_172                 |   9|   0|    9|          0|
    |mul1_reg_469              |  32|   0|   32|          0|
    |mul2_reg_474              |  32|   0|   32|          0|
    |mul3_reg_479              |  32|   0|   32|          0|
    |mul_reg_464               |  32|   0|   32|          0|
    |phi_mul_reg_209           |   8|   0|    8|          0|
    |real_sample_load_reg_442  |  32|   0|   32|          0|
    |real_temp_addr_reg_380    |   8|   0|    8|          0|
    |s_reg_436                 |  32|   0|   32|          0|
    |sub_reg_484               |  32|   0|   32|          0|
    |trunc_ln20_reg_367        |   8|   0|    8|          0|
    |zext_ln28_reg_504         |   9|   0|   64|         55|
    +--------------------------+----+----+-----+-----------+
    |Total                     | 498|   0|  553|         55|
    +--------------------------+----+----+-----+-----------+



================================================================
== Interface
================================================================
* Summary: 
+----------------------+-----+-----+------------+--------------+--------------+
|       RTL Ports      | Dir | Bits|  Protocol  | Source Object|    C Type    |
+----------------------+-----+-----+------------+--------------+--------------+
|ap_clk                |   in|    1|  ap_ctrl_hs|           dft|  return value|
|ap_rst                |   in|    1|  ap_ctrl_hs|           dft|  return value|
|ap_start              |   in|    1|  ap_ctrl_hs|           dft|  return value|
|ap_done               |  out|    1|  ap_ctrl_hs|           dft|  return value|
|ap_idle               |  out|    1|  ap_ctrl_hs|           dft|  return value|
|ap_ready              |  out|    1|  ap_ctrl_hs|           dft|  return value|
|real_sample_address0  |  out|    8|   ap_memory|   real_sample|         array|
|real_sample_ce0       |  out|    1|   ap_memory|   real_sample|         array|
|real_sample_we0       |  out|    1|   ap_memory|   real_sample|         array|
|real_sample_d0        |  out|   32|   ap_memory|   real_sample|         array|
|real_sample_q0        |   in|   32|   ap_memory|   real_sample|         array|
|imag_sample_address0  |  out|    8|   ap_memory|   imag_sample|         array|
|imag_sample_ce0       |  out|    1|   ap_memory|   imag_sample|         array|
|imag_sample_we0       |  out|    1|   ap_memory|   imag_sample|         array|
|imag_sample_d0        |  out|   32|   ap_memory|   imag_sample|         array|
|imag_sample_q0        |   in|   32|   ap_memory|   imag_sample|         array|
+----------------------+-----+-----+------------+--------------+--------------+

